#
# There is insufficient memory for the Java Runtime Environment to continue.
# Native memory allocation (mmap) failed to map 381681664 bytes for G1 virtual space
# Possible reasons:
#   The system is out of physical RAM or swap space
#   The process is running with CompressedOops enabled, and the Java Heap may be blocking the growth of the native heap
# Possible solutions:
#   Reduce memory load on the system
#   Increase physical memory or swap space
#   Check if swap backing store is full
#   Decrease Java heap size (-Xmx/-Xms)
#   Decrease number of Java threads
#   Decrease Java thread stack sizes (-Xss)
#   Set larger code cache with -XX:ReservedCodeCacheSize=
#   JVM is running with Unscaled Compressed Oops mode in which the Java heap is
#     placed in the first 4GB address space. The Java Heap base address is the
#     maximum limit for the native heap growth. Please use -XX:HeapBaseMinAddress
#     to set the Java Heap base and to place the Java Heap above 4GB virtual address.
# This output file may be truncated or incomplete.
#
#  Out of Memory Error (os_windows.cpp:3548), pid=17732, tid=20640
#
# JRE version: Java(TM) SE Runtime Environment (17.0.12+8) (build 17.0.12+8-LTS-286)
# Java VM: Java HotSpot(TM) 64-Bit Server VM (17.0.12+8-LTS-286, mixed mode, sharing, tiered, compressed oops, compressed class ptrs, g1 gc, windows-amd64)
# No core dump will be written. Minidumps are not enabled by default on client versions of Windows
#

---------------  S U M M A R Y ------------

Command Line: --enable-native-access=ALL-UNNAMED -Dclassworlds.conf=D:\maven\apache-maven-3.9.11\bin\m2.conf -Dmaven.home=D:\maven\apache-maven-3.9.11 -Dlibrary.jansi.path=D:\maven\apache-maven-3.9.11\lib\jansi-native -Dmaven.multiModuleProjectDirectory=E:\codebase\leshang-daijia-20260104 org.codehaus.plexus.classworlds.launcher.Launcher clean install

Host: Intel(R) Core(TM) i5-1035G1 CPU @ 1.00GHz, 8 cores, 7G,  Windows 10 , 64 bit Build 19041 (10.0.19041.5915)
Time: Wed Feb 18 16:01:36 2026  Windows 10 , 64 bit Build 19041 (10.0.19041.5915) elapsed time: 45.811066 seconds (0d 0h 0m 45s)

---------------  T H R E A D  ---------------

Current thread (0x000001b318cb0940):  VMThread "VM Thread" [stack: 0x0000001e64600000,0x0000001e64700000] [id=20640]

Stack: [0x0000001e64600000,0x0000001e64700000]
Native frames: (J=compiled Java code, j=interpreted, Vv=VM code, C=native code)
V  [jvm.dll+0x67a04a]
V  [jvm.dll+0x7da4ed]
V  [jvm.dll+0x7dbe33]
V  [jvm.dll+0x7dc4a3]
V  [jvm.dll+0x24508f]
V  [jvm.dll+0x677089]
V  [jvm.dll+0x66bd32]
V  [jvm.dll+0x301fa6]
V  [jvm.dll+0x309546]
V  [jvm.dll+0x359d2e]
V  [jvm.dll+0x359f5f]
V  [jvm.dll+0x2d9078]
V  [jvm.dll+0x2d74ad]
V  [jvm.dll+0x2d6afc]
V  [jvm.dll+0x31a981]
V  [jvm.dll+0x7e0d9b]
V  [jvm.dll+0x7e1ad4]
V  [jvm.dll+0x7e1fed]
V  [jvm.dll+0x7e23c4]
V  [jvm.dll+0x7e2490]
V  [jvm.dll+0x78abea]
V  [jvm.dll+0x678f35]
C  [ucrtbase.dll+0x21bb2]
C  [KERNEL32.DLL+0x17374]
C  [ntdll.dll+0x4cc91]

VM_Operation (0x0000001e640fcb18): G1TryInitiateConcMark, mode: safepoint, requested by thread 0x000001b37a06c490


---------------  P R O C E S S  ---------------

Threads class SMR info:
_java_thread_list=0x000001b361563d20, length=13, elements={
0x000001b37a06c490, 0x000001b318cb6b00, 0x000001b318cb76c0, 0x000001b318cc8b50,
0x000001b318ccd840, 0x000001b318cd0120, 0x000001b318cd0ae0, 0x000001b318cd1880,
0x000001b318cd2330, 0x000001b318cd3d40, 0x000001b35e0f54e0, 0x000001b35e0fe5c0,
0x000001b35f1ccf20
}

Java Threads: ( => current thread )
  0x000001b37a06c490 JavaThread "main" [_thread_blocked, id=16868, stack(0x0000001e64000000,0x0000001e64100000)]
  0x000001b318cb6b00 JavaThread "Reference Handler" daemon [_thread_blocked, id=14720, stack(0x0000001e64700000,0x0000001e64800000)]
  0x000001b318cb76c0 JavaThread "Finalizer" daemon [_thread_blocked, id=9132, stack(0x0000001e64800000,0x0000001e64900000)]
  0x000001b318cc8b50 JavaThread "Signal Dispatcher" daemon [_thread_blocked, id=3948, stack(0x0000001e64900000,0x0000001e64a00000)]
  0x000001b318ccd840 JavaThread "Attach Listener" daemon [_thread_blocked, id=7428, stack(0x0000001e64a00000,0x0000001e64b00000)]
  0x000001b318cd0120 JavaThread "Service Thread" daemon [_thread_blocked, id=7548, stack(0x0000001e64b00000,0x0000001e64c00000)]
  0x000001b318cd0ae0 JavaThread "Monitor Deflation Thread" daemon [_thread_blocked, id=14264, stack(0x0000001e64c00000,0x0000001e64d00000)]
  0x000001b318cd1880 JavaThread "C2 CompilerThread0" daemon [_thread_blocked, id=14172, stack(0x0000001e64d00000,0x0000001e64e00000)]
  0x000001b318cd2330 JavaThread "C1 CompilerThread0" daemon [_thread_blocked, id=15652, stack(0x0000001e64e00000,0x0000001e64f00000)]
  0x000001b318cd3d40 JavaThread "Sweeper thread" daemon [_thread_blocked, id=11884, stack(0x0000001e64f00000,0x0000001e65000000)]
  0x000001b35e0f54e0 JavaThread "Notification Thread" daemon [_thread_blocked, id=10920, stack(0x0000001e65000000,0x0000001e65100000)]
  0x000001b35e0fe5c0 JavaThread "Common-Cleaner" daemon [_thread_blocked, id=17876, stack(0x0000001e65200000,0x0000001e65300000)]
  0x000001b35f1ccf20 JavaThread "Thread-1" daemon [_thread_blocked, id=16056, stack(0x0000001e65a00000,0x0000001e65b00000)]

Other Threads:
=>0x000001b318cb0940 VMThread "VM Thread" [stack: 0x0000001e64600000,0x0000001e64700000] [id=20640]
  0x000001b37a0e13b0 WatcherThread [stack: 0x0000001e65100000,0x0000001e65200000] [id=4448]
  0x000001b37a0c81b0 GCTaskThread "GC Thread#0" [stack: 0x0000001e64100000,0x0000001e64200000] [id=15312]
  0x000001b35e280b80 GCTaskThread "GC Thread#1" [stack: 0x0000001e65300000,0x0000001e65400000] [id=8740]
  0x000001b35e9faf20 GCTaskThread "GC Thread#2" [stack: 0x0000001e65400000,0x0000001e65500000] [id=3872]
  0x000001b35ec7ac40 GCTaskThread "GC Thread#3" [stack: 0x0000001e65500000,0x0000001e65600000] [id=2768]
  0x000001b35eab3b20 GCTaskThread "GC Thread#4" [stack: 0x0000001e65600000,0x0000001e65700000] [id=14716]
  0x000001b35eab45f0 GCTaskThread "GC Thread#5" [stack: 0x0000001e65700000,0x0000001e65800000] [id=21104]
  0x000001b35eab48b0 GCTaskThread "GC Thread#6" [stack: 0x0000001e65800000,0x0000001e65900000] [id=17744]
  0x000001b35ec27c20 GCTaskThread "GC Thread#7" [stack: 0x0000001e65900000,0x0000001e65a00000] [id=13040]
  0x000001b37a0d89c0 ConcurrentGCThread "G1 Main Marker" [stack: 0x0000001e64200000,0x0000001e64300000] [id=5908]
  0x000001b37a0d93d0 ConcurrentGCThread "G1 Conc#0" [stack: 0x0000001e64300000,0x0000001e64400000] [id=1432]
  0x000001b35f12cb90 ConcurrentGCThread "G1 Conc#1" [stack: 0x0000001e66100000,0x0000001e66200000] [id=1640]
  0x000001b37a11e230 ConcurrentGCThread "G1 Refine#0" [stack: 0x0000001e64400000,0x0000001e64500000] [id=15960]
  0x000001b35ef73630 ConcurrentGCThread "G1 Refine#1" [stack: 0x0000001e65b00000,0x0000001e65c00000] [id=17008]
  0x000001b35f816da0 ConcurrentGCThread "G1 Refine#2" [stack: 0x0000001e65c00000,0x0000001e65d00000] [id=13700]
  0x000001b35f817090 ConcurrentGCThread "G1 Refine#3" [stack: 0x0000001e65d00000,0x0000001e65e00000] [id=3900]
  0x000001b35f7a56e0 ConcurrentGCThread "G1 Refine#4" [stack: 0x0000001e65e00000,0x0000001e65f00000] [id=14660]
  0x000001b35f7a59d0 ConcurrentGCThread "G1 Refine#5" [stack: 0x0000001e65f00000,0x0000001e66000000] [id=16644]
  0x000001b37a11ec60 ConcurrentGCThread "G1 Service" [stack: 0x0000001e64500000,0x0000001e64600000] [id=9028]

Threads with active compile tasks:
C2 CompilerThread0    45877 12735   !   4       jdk.internal.loader.URLClassPath$JarLoader::getResource (354 bytes)

VM state: at safepoint (normal execution)

VM Mutex/Monitor currently owned by a thread:  ([mutex/lock_event])
[0x000001b37a066af0] Threads_lock - owner thread: 0x000001b318cb0940
[0x000001b37a066160] Heap_lock - owner thread: 0x000001b37a06c490

Heap address: 0x0000000083a00000, size: 1990 MB, Compressed Oops mode: 32-bit

CDS archive(s) mapped at: [0x000001b319000000-0x000001b319bd0000-0x000001b319bd0000), size 12386304, SharedBaseAddress: 0x000001b319000000, ArchiveRelocationMode: 1.
Compressed class space mapped at: 0x000001b31a000000-0x000001b35a000000, reserved size: 1073741824
Narrow klass base: 0x000001b319000000, Narrow klass shift: 0, Narrow klass range: 0x100000000

GC Precious Log:
 CPUs: 8 total, 8 available
 Memory: 7959M
 Large Page Support: Disabled
 NUMA Support: Disabled
 Compressed Oops: Enabled (32-bit)
 Heap Region Size: 1M
 Heap Min Capacity: 8M
 Heap Initial Capacity: 126M
 Heap Max Capacity: 1990M
 Pre-touch: Disabled
 Parallel Workers: 8
 Concurrent Workers: 2
 Concurrent Refinement Workers: 8
 Periodic GC: Disabled

Heap:
 garbage-first heap   total 273408K, used 100662K [0x0000000083a00000, 0x0000000100000000)
  region size 1024K, 3 young (3072K), 3 survivors (3072K)
 Metaspace       used 48382K, committed 48832K, reserved 1114112K
  class space    used 5377K, committed 5568K, reserved 1048576K

Heap Regions: E=young(eden), S=young(survivor), O=old, HS=humongous(starts), HC=humongous(continues), CS=collection set, F=free, OA=open archive, CA=closed archive, TAMS=top-at-mark-start (previous, next)
|   0|0x0000000083a00000, 0x0000000083b00000, 0x0000000083b00000|100%| O|  |TAMS 0x0000000083b00000, 0x0000000083b00000| Untracked 
|   1|0x0000000083b00000, 0x0000000083c00000, 0x0000000083c00000|100%| O|  |TAMS 0x0000000083c00000, 0x0000000083c00000| Untracked 
|   2|0x0000000083c00000, 0x0000000083d00000, 0x0000000083d00000|100%| O|  |TAMS 0x0000000083d00000, 0x0000000083d00000| Untracked 
|   3|0x0000000083d00000, 0x0000000083e00000, 0x0000000083e00000|100%| O|  |TAMS 0x0000000083e00000, 0x0000000083e00000| Untracked 
|   4|0x0000000083e00000, 0x0000000083e00000, 0x0000000083f00000|  0%| F|  |TAMS 0x0000000083e00000, 0x0000000083e00000| Untracked 
|   5|0x0000000083f00000, 0x0000000084000000, 0x0000000084000000|100%| O|  |TAMS 0x0000000084000000, 0x0000000084000000| Untracked 
|   6|0x0000000084000000, 0x0000000084100000, 0x0000000084100000|100%| O|  |TAMS 0x0000000084100000, 0x0000000084100000| Untracked 
|   7|0x0000000084100000, 0x0000000084200000, 0x0000000084200000|100%| O|  |TAMS 0x0000000084200000, 0x0000000084200000| Untracked 
|   8|0x0000000084200000, 0x0000000084300000, 0x0000000084300000|100%| O|  |TAMS 0x0000000084300000, 0x0000000084300000| Untracked 
|   9|0x0000000084300000, 0x0000000084400000, 0x0000000084400000|100%| O|  |TAMS 0x0000000084400000, 0x0000000084400000| Untracked 
|  10|0x0000000084400000, 0x0000000084500000, 0x0000000084500000|100%| O|  |TAMS 0x0000000084500000, 0x0000000084500000| Untracked 
|  11|0x0000000084500000, 0x0000000084600000, 0x0000000084600000|100%| O|  |TAMS 0x0000000084600000, 0x0000000084600000| Untracked 
|  12|0x0000000084600000, 0x0000000084700000, 0x0000000084700000|100%| O|  |TAMS 0x0000000084700000, 0x0000000084700000| Untracked 
|  13|0x0000000084700000, 0x0000000084800000, 0x0000000084800000|100%| O|  |TAMS 0x0000000084800000, 0x0000000084800000| Untracked 
|  14|0x0000000084800000, 0x0000000084900000, 0x0000000084900000|100%| O|  |TAMS 0x0000000084900000, 0x0000000084900000| Untracked 
|  15|0x0000000084900000, 0x0000000084a00000, 0x0000000084a00000|100%| O|  |TAMS 0x0000000084a00000, 0x0000000084a00000| Untracked 
|  16|0x0000000084a00000, 0x0000000084b00000, 0x0000000084b00000|100%| O|  |TAMS 0x0000000084b00000, 0x0000000084b00000| Untracked 
|  17|0x0000000084b00000, 0x0000000084be3600, 0x0000000084c00000| 88%| O|  |TAMS 0x0000000084be3600, 0x0000000084be3600| Untracked 
|  18|0x0000000084c00000, 0x0000000084d00000, 0x0000000084d00000|100%| O|  |TAMS 0x0000000084d00000, 0x0000000084d00000| Untracked 
|  19|0x0000000084d00000, 0x0000000084e00000, 0x0000000084e00000|100%| O|  |TAMS 0x0000000084e00000, 0x0000000084e00000| Untracked 
|  20|0x0000000084e00000, 0x0000000084f00000, 0x0000000084f00000|100%| O|  |TAMS 0x0000000084f00000, 0x0000000084f00000| Untracked 
|  21|0x0000000084f00000, 0x0000000085000000, 0x0000000085000000|100%| O|  |TAMS 0x0000000085000000, 0x0000000085000000| Untracked 
|  22|0x0000000085000000, 0x0000000085100000, 0x0000000085100000|100%| O|  |TAMS 0x0000000085100000, 0x0000000085100000| Untracked 
|  23|0x0000000085100000, 0x0000000085200000, 0x0000000085200000|100%| O|  |TAMS 0x0000000085200000, 0x0000000085200000| Untracked 
|  24|0x0000000085200000, 0x0000000085300000, 0x0000000085300000|100%| O|  |TAMS 0x0000000085300000, 0x0000000085300000| Untracked 
|  25|0x0000000085300000, 0x0000000085400000, 0x0000000085400000|100%| O|  |TAMS 0x0000000085400000, 0x0000000085400000| Untracked 
|  26|0x0000000085400000, 0x0000000085500000, 0x0000000085500000|100%| O|  |TAMS 0x0000000085500000, 0x0000000085500000| Untracked 
|  27|0x0000000085500000, 0x0000000085600000, 0x0000000085600000|100%| O|  |TAMS 0x0000000085600000, 0x0000000085600000| Untracked 
|  28|0x0000000085600000, 0x0000000085700000, 0x0000000085700000|100%| O|  |TAMS 0x0000000085700000, 0x0000000085700000| Untracked 
|  29|0x0000000085700000, 0x0000000085800000, 0x0000000085800000|100%| O|  |TAMS 0x0000000085800000, 0x0000000085800000| Untracked 
|  30|0x0000000085800000, 0x0000000085900000, 0x0000000085900000|100%| O|  |TAMS 0x0000000085900000, 0x0000000085900000| Untracked 
|  31|0x0000000085900000, 0x0000000085a00000, 0x0000000085a00000|100%| O|  |TAMS 0x0000000085a00000, 0x0000000085a00000| Untracked 
|  32|0x0000000085a00000, 0x0000000085b00000, 0x0000000085b00000|100%| O|  |TAMS 0x0000000085b00000, 0x0000000085b00000| Untracked 
|  33|0x0000000085b00000, 0x0000000085c00000, 0x0000000085c00000|100%| O|  |TAMS 0x0000000085c00000, 0x0000000085c00000| Untracked 
|  34|0x0000000085c00000, 0x0000000085d00000, 0x0000000085d00000|100%| O|  |TAMS 0x0000000085d00000, 0x0000000085d00000| Untracked 
|  35|0x0000000085d00000, 0x0000000085e00000, 0x0000000085e00000|100%| O|  |TAMS 0x0000000085e00000, 0x0000000085e00000| Untracked 
|  36|0x0000000085e00000, 0x0000000085f00000, 0x0000000085f00000|100%| O|  |TAMS 0x0000000085f00000, 0x0000000085f00000| Untracked 
|  37|0x0000000085f00000, 0x0000000086000000, 0x0000000086000000|100%| O|  |TAMS 0x0000000086000000, 0x0000000086000000| Untracked 
|  38|0x0000000086000000, 0x0000000086100000, 0x0000000086100000|100%| O|  |TAMS 0x0000000086100000, 0x0000000086100000| Untracked 
|  39|0x0000000086100000, 0x0000000086200000, 0x0000000086200000|100%| O|  |TAMS 0x0000000086200000, 0x0000000086200000| Untracked 
|  40|0x0000000086200000, 0x0000000086200000, 0x0000000086300000|  0%| F|  |TAMS 0x0000000086200000, 0x0000000086200000| Untracked 
|  41|0x0000000086300000, 0x0000000086300000, 0x0000000086400000|  0%| F|  |TAMS 0x0000000086300000, 0x0000000086300000| Untracked 
|  42|0x0000000086400000, 0x0000000086400000, 0x0000000086500000|  0%| F|  |TAMS 0x0000000086400000, 0x0000000086400000| Untracked 
|  43|0x0000000086500000, 0x0000000086500000, 0x0000000086600000|  0%| F|  |TAMS 0x0000000086500000, 0x0000000086500000| Untracked 
|  44|0x0000000086600000, 0x0000000086700000, 0x0000000086700000|100%| O|  |TAMS 0x0000000086700000, 0x0000000086700000| Untracked 
|  45|0x0000000086700000, 0x0000000086800000, 0x0000000086800000|100%| O|  |TAMS 0x0000000086800000, 0x0000000086800000| Untracked 
|  46|0x0000000086800000, 0x0000000086900000, 0x0000000086900000|100%| O|  |TAMS 0x0000000086900000, 0x0000000086900000| Untracked 
|  47|0x0000000086900000, 0x0000000086a00000, 0x0000000086a00000|100%| O|  |TAMS 0x0000000086a00000, 0x0000000086a00000| Untracked 
|  48|0x0000000086a00000, 0x0000000086b00000, 0x0000000086b00000|100%| O|  |TAMS 0x0000000086b00000, 0x0000000086b00000| Untracked 
|  49|0x0000000086b00000, 0x0000000086c00000, 0x0000000086c00000|100%| O|  |TAMS 0x0000000086c00000, 0x0000000086c00000| Untracked 
|  50|0x0000000086c00000, 0x0000000086d00000, 0x0000000086d00000|100%| O|  |TAMS 0x0000000086d00000, 0x0000000086d00000| Untracked 
|  51|0x0000000086d00000, 0x0000000086e00000, 0x0000000086e00000|100%| O|  |TAMS 0x0000000086e00000, 0x0000000086e00000| Untracked 
|  52|0x0000000086e00000, 0x0000000086e00000, 0x0000000086f00000|  0%| F|  |TAMS 0x0000000086e00000, 0x0000000086e00000| Untracked 
|  53|0x0000000086f00000, 0x0000000086f00000, 0x0000000087000000|  0%| F|  |TAMS 0x0000000086f00000, 0x0000000086f00000| Untracked 
|  54|0x0000000087000000, 0x0000000087000000, 0x0000000087100000|  0%| F|  |TAMS 0x0000000087000000, 0x0000000087000000| Untracked 
|  55|0x0000000087100000, 0x0000000087200000, 0x0000000087200000|100%| O|  |TAMS 0x0000000087200000, 0x0000000087200000| Untracked 
|  56|0x0000000087200000, 0x0000000087300000, 0x0000000087300000|100%| O|  |TAMS 0x0000000087300000, 0x0000000087300000| Untracked 
|  57|0x0000000087300000, 0x0000000087400000, 0x0000000087400000|100%| O|  |TAMS 0x0000000087400000, 0x0000000087400000| Untracked 
|  58|0x0000000087400000, 0x0000000087500000, 0x0000000087500000|100%| O|  |TAMS 0x0000000087500000, 0x0000000087500000| Untracked 
|  59|0x0000000087500000, 0x0000000087600000, 0x0000000087600000|100%| O|  |TAMS 0x0000000087600000, 0x0000000087600000| Untracked 
|  60|0x0000000087600000, 0x0000000087700000, 0x0000000087700000|100%| O|  |TAMS 0x00000000876fd000, 0x0000000087700000| Untracked 
|  61|0x0000000087700000, 0x0000000087800000, 0x0000000087800000|100%| O|  |TAMS 0x0000000087700000, 0x0000000087800000| Untracked 
|  62|0x0000000087800000, 0x0000000087800000, 0x0000000087900000|  0%| F|  |TAMS 0x0000000087800000, 0x0000000087800000| Untracked 
|  63|0x0000000087900000, 0x0000000087a00000, 0x0000000087a00000|100%|HS|  |TAMS 0x0000000087900000, 0x0000000087a00000| Complete 
|  64|0x0000000087a00000, 0x0000000087b00000, 0x0000000087b00000|100%|HC|  |TAMS 0x0000000087a00000, 0x0000000087b00000| Complete 
|  65|0x0000000087b00000, 0x0000000087c00000, 0x0000000087c00000|100%| O|  |TAMS 0x0000000087b00000, 0x0000000087c00000| Untracked 
|  66|0x0000000087c00000, 0x0000000087d00000, 0x0000000087d00000|100%| O|  |TAMS 0x0000000087d00000, 0x0000000087d00000| Untracked 
|  67|0x0000000087d00000, 0x0000000087e00000, 0x0000000087e00000|100%| O|  |TAMS 0x0000000087d00000, 0x0000000087e00000| Untracked 
|  68|0x0000000087e00000, 0x0000000087f00000, 0x0000000087f00000|100%| O|  |TAMS 0x0000000087e00000, 0x0000000087f00000| Untracked 
|  69|0x0000000087f00000, 0x0000000087f00000, 0x0000000088000000|  0%| F|  |TAMS 0x0000000087f00000, 0x0000000087f00000| Untracked 
|  70|0x0000000088000000, 0x0000000088000000, 0x0000000088100000|  0%| F|  |TAMS 0x0000000088000000, 0x0000000088000000| Untracked 
|  71|0x0000000088100000, 0x0000000088200000, 0x0000000088200000|100%| O|  |TAMS 0x0000000088100000, 0x0000000088200000| Untracked 
|  72|0x0000000088200000, 0x0000000088300000, 0x0000000088300000|100%| O|  |TAMS 0x0000000088200000, 0x0000000088300000| Untracked 
|  73|0x0000000088300000, 0x0000000088400000, 0x0000000088400000|100%| O|  |TAMS 0x0000000088300000, 0x0000000088400000| Untracked 
|  74|0x0000000088400000, 0x0000000088500000, 0x0000000088500000|100%| O|  |TAMS 0x0000000088400000, 0x0000000088500000| Untracked 
|  75|0x0000000088500000, 0x0000000088600000, 0x0000000088600000|100%| O|  |TAMS 0x0000000088500000, 0x0000000088600000| Untracked 
|  76|0x0000000088600000, 0x0000000088700000, 0x0000000088700000|100%| O|  |TAMS 0x0000000088600000, 0x0000000088700000| Untracked 
|  77|0x0000000088700000, 0x0000000088800000, 0x0000000088800000|100%| O|  |TAMS 0x0000000088700000, 0x0000000088800000| Untracked 
|  78|0x0000000088800000, 0x0000000088900000, 0x0000000088900000|100%| O|  |TAMS 0x0000000088800000, 0x0000000088900000| Untracked 
|  79|0x0000000088900000, 0x0000000088a00000, 0x0000000088a00000|100%| O|  |TAMS 0x0000000088900000, 0x0000000088a00000| Untracked 
|  80|0x0000000088a00000, 0x0000000088b00000, 0x0000000088b00000|100%| O|  |TAMS 0x0000000088a00000, 0x0000000088b00000| Untracked 
|  81|0x0000000088b00000, 0x0000000088c00000, 0x0000000088c00000|100%| O|  |TAMS 0x0000000088b00000, 0x0000000088c00000| Untracked 
|  82|0x0000000088c00000, 0x0000000088d00000, 0x0000000088d00000|100%| O|  |TAMS 0x0000000088c00000, 0x0000000088d00000| Untracked 
|  83|0x0000000088d00000, 0x0000000088d00000, 0x0000000088e00000|  0%| F|  |TAMS 0x0000000088d00000, 0x0000000088d00000| Untracked 
|  84|0x0000000088e00000, 0x0000000088f00000, 0x0000000088f00000|100%| O|  |TAMS 0x0000000088e00000, 0x0000000088f00000| Untracked 
|  85|0x0000000088f00000, 0x0000000089000000, 0x0000000089000000|100%| O|  |TAMS 0x0000000088f00000, 0x0000000089000000| Untracked 
|  86|0x0000000089000000, 0x0000000089100000, 0x0000000089100000|100%| O|  |TAMS 0x0000000089000000, 0x0000000089100000| Untracked 
|  87|0x0000000089100000, 0x0000000089100000, 0x0000000089200000|  0%| F|  |TAMS 0x0000000089100000, 0x0000000089100000| Untracked 
|  88|0x0000000089200000, 0x0000000089300000, 0x0000000089300000|100%| O|  |TAMS 0x0000000089200000, 0x0000000089300000| Untracked 
|  89|0x0000000089300000, 0x0000000089300000, 0x0000000089400000|  0%| F|  |TAMS 0x0000000089300000, 0x0000000089300000| Untracked 
|  90|0x0000000089400000, 0x0000000089500000, 0x0000000089500000|100%| O|  |TAMS 0x0000000089500000, 0x0000000089500000| Untracked 
|  91|0x0000000089500000, 0x0000000089600000, 0x0000000089600000|100%| O|  |TAMS 0x0000000089600000, 0x0000000089600000| Untracked 
|  92|0x0000000089600000, 0x0000000089700000, 0x0000000089700000|100%|HS|  |TAMS 0x0000000089700000, 0x0000000089700000| Complete 
|  93|0x0000000089700000, 0x0000000089800000, 0x0000000089800000|100%| O|  |TAMS 0x0000000089800000, 0x0000000089800000| Untracked 
|  94|0x0000000089800000, 0x0000000089800000, 0x0000000089900000|  0%| F|  |TAMS 0x0000000089800000, 0x0000000089800000| Untracked 
|  95|0x0000000089900000, 0x0000000089a00000, 0x0000000089a00000|100%| O|  |TAMS 0x0000000089a00000, 0x0000000089a00000| Untracked 
|  96|0x0000000089a00000, 0x0000000089b00000, 0x0000000089b00000|100%| O|  |TAMS 0x0000000089a00000, 0x0000000089b00000| Untracked 
|  97|0x0000000089b00000, 0x0000000089c00000, 0x0000000089c00000|100%| O|  |TAMS 0x0000000089b00000, 0x0000000089c00000| Untracked 
|  98|0x0000000089c00000, 0x0000000089d00000, 0x0000000089d00000|100%| O|  |TAMS 0x0000000089c00000, 0x0000000089d00000| Untracked 
|  99|0x0000000089d00000, 0x0000000089e00000, 0x0000000089e00000|100%| O|  |TAMS 0x0000000089d00000, 0x0000000089e00000| Untracked 
| 100|0x0000000089e00000, 0x0000000089ea4600, 0x0000000089f00000| 64%| O|  |TAMS 0x0000000089e00000, 0x0000000089ea4600| Untracked 
| 101|0x0000000089f00000, 0x0000000089f00000, 0x000000008a000000|  0%| F|  |TAMS 0x0000000089f00000, 0x0000000089f00000| Untracked 
| 102|0x000000008a000000, 0x000000008a000000, 0x000000008a100000|  0%| F|  |TAMS 0x000000008a000000, 0x000000008a000000| Untracked 
| 103|0x000000008a100000, 0x000000008a100000, 0x000000008a200000|  0%| F|  |TAMS 0x000000008a100000, 0x000000008a100000| Untracked 
| 104|0x000000008a200000, 0x000000008a200000, 0x000000008a300000|  0%| F|  |TAMS 0x000000008a200000, 0x000000008a200000| Untracked 
| 105|0x000000008a300000, 0x000000008a300000, 0x000000008a400000|  0%| F|  |TAMS 0x000000008a300000, 0x000000008a300000| Untracked 
| 106|0x000000008a400000, 0x000000008a500000, 0x000000008a500000|100%|HS|  |TAMS 0x000000008a400000, 0x000000008a500000| Complete 
| 107|0x000000008a500000, 0x000000008a600000, 0x000000008a600000|100%|HC|  |TAMS 0x000000008a500000, 0x000000008a600000| Complete 
| 108|0x000000008a600000, 0x000000008a700000, 0x000000008a700000|100%|HS|  |TAMS 0x000000008a600000, 0x000000008a700000| Complete 
| 109|0x000000008a700000, 0x000000008a800000, 0x000000008a800000|100%|HC|  |TAMS 0x000000008a700000, 0x000000008a800000| Complete 
| 110|0x000000008a800000, 0x000000008a900000, 0x000000008a900000|100%| O|  |TAMS 0x000000008a800000, 0x000000008a900000| Untracked 
| 111|0x000000008a900000, 0x000000008aa00000, 0x000000008aa00000|100%| O|  |TAMS 0x000000008a900000, 0x000000008aa00000| Untracked 
| 112|0x000000008aa00000, 0x000000008ab00000, 0x000000008ab00000|100%| O|  |TAMS 0x000000008aa00000, 0x000000008ab00000| Untracked 
| 113|0x000000008ab00000, 0x000000008ac00000, 0x000000008ac00000|100%| O|  |TAMS 0x000000008ab00000, 0x000000008ac00000| Untracked 
| 114|0x000000008ac00000, 0x000000008ad00000, 0x000000008ad00000|100%| O|  |TAMS 0x000000008ac00000, 0x000000008ad00000| Untracked 
| 115|0x000000008ad00000, 0x000000008ae00000, 0x000000008ae00000|100%| O|  |TAMS 0x000000008ad00000, 0x000000008ae00000| Untracked 
| 116|0x000000008ae00000, 0x000000008ae00000, 0x000000008af00000|  0%| F|  |TAMS 0x000000008ae00000, 0x000000008ae00000| Untracked 
| 117|0x000000008af00000, 0x000000008af00000, 0x000000008b000000|  0%| F|  |TAMS 0x000000008af00000, 0x000000008af00000| Untracked 
| 118|0x000000008b000000, 0x000000008b000000, 0x000000008b100000|  0%| F|  |TAMS 0x000000008b000000, 0x000000008b000000| Untracked 
| 119|0x000000008b100000, 0x000000008b100000, 0x000000008b200000|  0%| F|  |TAMS 0x000000008b100000, 0x000000008b100000| Untracked 
| 120|0x000000008b200000, 0x000000008b200000, 0x000000008b300000|  0%| F|  |TAMS 0x000000008b200000, 0x000000008b200000| Untracked 
| 121|0x000000008b300000, 0x000000008b300000, 0x000000008b400000|  0%| F|  |TAMS 0x000000008b300000, 0x000000008b300000| Untracked 
| 122|0x000000008b400000, 0x000000008b400000, 0x000000008b500000|  0%| F|  |TAMS 0x000000008b400000, 0x000000008b400000| Untracked 
| 123|0x000000008b500000, 0x000000008b500000, 0x000000008b600000|  0%| F|  |TAMS 0x000000008b500000, 0x000000008b500000| Untracked 
| 124|0x000000008b600000, 0x000000008b600000, 0x000000008b700000|  0%| F|  |TAMS 0x000000008b600000, 0x000000008b600000| Untracked 
| 125|0x000000008b700000, 0x000000008b700000, 0x000000008b800000|  0%| F|  |TAMS 0x000000008b700000, 0x000000008b700000| Untracked 
| 126|0x000000008b800000, 0x000000008b800000, 0x000000008b900000|  0%| F|  |TAMS 0x000000008b800000, 0x000000008b800000| Untracked 
| 127|0x000000008b900000, 0x000000008b900000, 0x000000008ba00000|  0%| F|  |TAMS 0x000000008b900000, 0x000000008b900000| Untracked 
| 128|0x000000008ba00000, 0x000000008ba00000, 0x000000008bb00000|  0%| F|  |TAMS 0x000000008ba00000, 0x000000008ba00000| Untracked 
| 129|0x000000008bb00000, 0x000000008bb00000, 0x000000008bc00000|  0%| F|  |TAMS 0x000000008bb00000, 0x000000008bb00000| Untracked 
| 130|0x000000008bc00000, 0x000000008bc00000, 0x000000008bd00000|  0%| F|  |TAMS 0x000000008bc00000, 0x000000008bc00000| Untracked 
| 131|0x000000008bd00000, 0x000000008bd00000, 0x000000008be00000|  0%| F|  |TAMS 0x000000008bd00000, 0x000000008bd00000| Untracked 
| 132|0x000000008be00000, 0x000000008be00000, 0x000000008bf00000|  0%| F|  |TAMS 0x000000008be00000, 0x000000008be00000| Untracked 
| 133|0x000000008bf00000, 0x000000008bf00000, 0x000000008c000000|  0%| F|  |TAMS 0x000000008bf00000, 0x000000008bf00000| Untracked 
| 134|0x000000008c000000, 0x000000008c000000, 0x000000008c100000|  0%| F|  |TAMS 0x000000008c000000, 0x000000008c000000| Untracked 
| 135|0x000000008c100000, 0x000000008c100000, 0x000000008c200000|  0%| F|  |TAMS 0x000000008c100000, 0x000000008c100000| Untracked 
| 136|0x000000008c200000, 0x000000008c200000, 0x000000008c300000|  0%| F|  |TAMS 0x000000008c200000, 0x000000008c200000| Untracked 
| 137|0x000000008c300000, 0x000000008c300000, 0x000000008c400000|  0%| F|  |TAMS 0x000000008c300000, 0x000000008c300000| Untracked 
| 138|0x000000008c400000, 0x000000008c400000, 0x000000008c500000|  0%| F|  |TAMS 0x000000008c400000, 0x000000008c400000| Untracked 
| 139|0x000000008c500000, 0x000000008c500000, 0x000000008c600000|  0%| F|  |TAMS 0x000000008c500000, 0x000000008c500000| Untracked 
| 140|0x000000008c600000, 0x000000008c600000, 0x000000008c700000|  0%| F|  |TAMS 0x000000008c600000, 0x000000008c600000| Untracked 
| 141|0x000000008c700000, 0x000000008c700000, 0x000000008c800000|  0%| F|  |TAMS 0x000000008c700000, 0x000000008c700000| Untracked 
| 142|0x000000008c800000, 0x000000008c800000, 0x000000008c900000|  0%| F|  |TAMS 0x000000008c800000, 0x000000008c800000| Untracked 
| 143|0x000000008c900000, 0x000000008c900000, 0x000000008ca00000|  0%| F|  |TAMS 0x000000008c900000, 0x000000008c900000| Untracked 
| 144|0x000000008ca00000, 0x000000008ca00000, 0x000000008cb00000|  0%| F|  |TAMS 0x000000008ca00000, 0x000000008ca00000| Untracked 
| 145|0x000000008cb00000, 0x000000008cb00000, 0x000000008cc00000|  0%| F|  |TAMS 0x000000008cb00000, 0x000000008cb00000| Untracked 
| 146|0x000000008cc00000, 0x000000008cc00000, 0x000000008cd00000|  0%| F|  |TAMS 0x000000008cc00000, 0x000000008cc00000| Untracked 
| 147|0x000000008cd00000, 0x000000008cd00000, 0x000000008ce00000|  0%| F|  |TAMS 0x000000008cd00000, 0x000000008cd00000| Untracked 
| 148|0x000000008ce00000, 0x000000008ce00000, 0x000000008cf00000|  0%| F|  |TAMS 0x000000008ce00000, 0x000000008ce00000| Untracked 
| 149|0x000000008cf00000, 0x000000008cf00000, 0x000000008d000000|  0%| F|  |TAMS 0x000000008cf00000, 0x000000008cf00000| Untracked 
| 150|0x000000008d000000, 0x000000008d000000, 0x000000008d100000|  0%| F|  |TAMS 0x000000008d000000, 0x000000008d000000| Untracked 
| 151|0x000000008d100000, 0x000000008d100000, 0x000000008d200000|  0%| F|  |TAMS 0x000000008d100000, 0x000000008d100000| Untracked 
| 152|0x000000008d200000, 0x000000008d200000, 0x000000008d300000|  0%| F|  |TAMS 0x000000008d200000, 0x000000008d200000| Untracked 
| 153|0x000000008d300000, 0x000000008d300000, 0x000000008d400000|  0%| F|  |TAMS 0x000000008d300000, 0x000000008d300000| Untracked 
| 154|0x000000008d400000, 0x000000008d400000, 0x000000008d500000|  0%| F|  |TAMS 0x000000008d400000, 0x000000008d400000| Untracked 
| 155|0x000000008d500000, 0x000000008d500000, 0x000000008d600000|  0%| F|  |TAMS 0x000000008d500000, 0x000000008d500000| Untracked 
| 156|0x000000008d600000, 0x000000008d600000, 0x000000008d700000|  0%| F|  |TAMS 0x000000008d600000, 0x000000008d600000| Untracked 
| 157|0x000000008d700000, 0x000000008d700000, 0x000000008d800000|  0%| F|  |TAMS 0x000000008d700000, 0x000000008d700000| Untracked 
| 158|0x000000008d800000, 0x000000008d800000, 0x000000008d900000|  0%| F|  |TAMS 0x000000008d800000, 0x000000008d800000| Untracked 
| 159|0x000000008d900000, 0x000000008d900000, 0x000000008da00000|  0%| F|  |TAMS 0x000000008d900000, 0x000000008d900000| Untracked 
| 160|0x000000008da00000, 0x000000008da00000, 0x000000008db00000|  0%| F|  |TAMS 0x000000008da00000, 0x000000008da00000| Untracked 
| 161|0x000000008db00000, 0x000000008db00000, 0x000000008dc00000|  0%| F|  |TAMS 0x000000008db00000, 0x000000008db00000| Untracked 
| 162|0x000000008dc00000, 0x000000008dc00000, 0x000000008dd00000|  0%| F|  |TAMS 0x000000008dc00000, 0x000000008dc00000| Untracked 
| 163|0x000000008dd00000, 0x000000008dd00000, 0x000000008de00000|  0%| F|  |TAMS 0x000000008dd00000, 0x000000008dd00000| Untracked 
| 164|0x000000008de00000, 0x000000008de00000, 0x000000008df00000|  0%| F|  |TAMS 0x000000008de00000, 0x000000008de00000| Untracked 
| 165|0x000000008df00000, 0x000000008df00000, 0x000000008e000000|  0%| F|  |TAMS 0x000000008df00000, 0x000000008df00000| Untracked 
| 166|0x000000008e000000, 0x000000008e000000, 0x000000008e100000|  0%| F|  |TAMS 0x000000008e000000, 0x000000008e000000| Untracked 
| 167|0x000000008e100000, 0x000000008e100000, 0x000000008e200000|  0%| F|  |TAMS 0x000000008e100000, 0x000000008e100000| Untracked 
| 168|0x000000008e200000, 0x000000008e200000, 0x000000008e300000|  0%| F|  |TAMS 0x000000008e200000, 0x000000008e200000| Untracked 
| 169|0x000000008e300000, 0x000000008e300000, 0x000000008e400000|  0%| F|  |TAMS 0x000000008e300000, 0x000000008e300000| Untracked 
| 170|0x000000008e400000, 0x000000008e400000, 0x000000008e500000|  0%| F|  |TAMS 0x000000008e400000, 0x000000008e400000| Untracked 
| 171|0x000000008e500000, 0x000000008e500000, 0x000000008e600000|  0%| F|  |TAMS 0x000000008e500000, 0x000000008e500000| Untracked 
| 172|0x000000008e600000, 0x000000008e600000, 0x000000008e700000|  0%| F|  |TAMS 0x000000008e600000, 0x000000008e600000| Untracked 
| 173|0x000000008e700000, 0x000000008e700000, 0x000000008e800000|  0%| F|  |TAMS 0x000000008e700000, 0x000000008e700000| Untracked 
| 174|0x000000008e800000, 0x000000008e800000, 0x000000008e900000|  0%| F|  |TAMS 0x000000008e800000, 0x000000008e800000| Untracked 
| 175|0x000000008e900000, 0x000000008e900000, 0x000000008ea00000|  0%| F|  |TAMS 0x000000008e900000, 0x000000008e900000| Untracked 
| 176|0x000000008ea00000, 0x000000008ea00000, 0x000000008eb00000|  0%| F|  |TAMS 0x000000008ea00000, 0x000000008ea00000| Untracked 
| 177|0x000000008eb00000, 0x000000008eb00000, 0x000000008ec00000|  0%| F|  |TAMS 0x000000008eb00000, 0x000000008eb00000| Untracked 
| 178|0x000000008ec00000, 0x000000008ec00000, 0x000000008ed00000|  0%| F|  |TAMS 0x000000008ec00000, 0x000000008ec00000| Untracked 
| 179|0x000000008ed00000, 0x000000008ed00000, 0x000000008ee00000|  0%| F|  |TAMS 0x000000008ed00000, 0x000000008ed00000| Untracked 
| 180|0x000000008ee00000, 0x000000008ee00000, 0x000000008ef00000|  0%| F|  |TAMS 0x000000008ee00000, 0x000000008ee00000| Untracked 
| 181|0x000000008ef00000, 0x000000008ef00000, 0x000000008f000000|  0%| F|  |TAMS 0x000000008ef00000, 0x000000008ef00000| Untracked 
| 182|0x000000008f000000, 0x000000008f000000, 0x000000008f100000|  0%| F|  |TAMS 0x000000008f000000, 0x000000008f000000| Untracked 
| 183|0x000000008f100000, 0x000000008f100000, 0x000000008f200000|  0%| F|  |TAMS 0x000000008f100000, 0x000000008f100000| Untracked 
| 184|0x000000008f200000, 0x000000008f200000, 0x000000008f300000|  0%| F|  |TAMS 0x000000008f200000, 0x000000008f200000| Untracked 
| 185|0x000000008f300000, 0x000000008f300000, 0x000000008f400000|  0%| F|  |TAMS 0x000000008f300000, 0x000000008f300000| Untracked 
| 186|0x000000008f400000, 0x000000008f400000, 0x000000008f500000|  0%| F|  |TAMS 0x000000008f400000, 0x000000008f400000| Untracked 
| 187|0x000000008f500000, 0x000000008f500000, 0x000000008f600000|  0%| F|  |TAMS 0x000000008f500000, 0x000000008f500000| Untracked 
| 188|0x000000008f600000, 0x000000008f600000, 0x000000008f700000|  0%| F|  |TAMS 0x000000008f600000, 0x000000008f600000| Untracked 
| 189|0x000000008f700000, 0x000000008f700000, 0x000000008f800000|  0%| F|  |TAMS 0x000000008f700000, 0x000000008f700000| Untracked 
| 190|0x000000008f800000, 0x000000008f800000, 0x000000008f900000|  0%| F|  |TAMS 0x000000008f800000, 0x000000008f800000| Untracked 
| 191|0x000000008f900000, 0x000000008f900000, 0x000000008fa00000|  0%| F|  |TAMS 0x000000008f900000, 0x000000008f900000| Untracked 
| 192|0x000000008fa00000, 0x000000008fa00000, 0x000000008fb00000|  0%| F|  |TAMS 0x000000008fa00000, 0x000000008fa00000| Untracked 
| 193|0x000000008fb00000, 0x000000008fb00000, 0x000000008fc00000|  0%| F|  |TAMS 0x000000008fb00000, 0x000000008fb00000| Untracked 
| 194|0x000000008fc00000, 0x000000008fc00000, 0x000000008fd00000|  0%| F|  |TAMS 0x000000008fc00000, 0x000000008fc00000| Untracked 
| 195|0x000000008fd00000, 0x000000008fd00000, 0x000000008fe00000|  0%| F|  |TAMS 0x000000008fd00000, 0x000000008fd00000| Untracked 
| 196|0x000000008fe00000, 0x000000008fe00000, 0x000000008ff00000|  0%| F|  |TAMS 0x000000008fe00000, 0x000000008fe00000| Untracked 
| 197|0x000000008ff00000, 0x000000008ff00000, 0x0000000090000000|  0%| F|  |TAMS 0x000000008ff00000, 0x000000008ff00000| Untracked 
| 198|0x0000000090000000, 0x0000000090000000, 0x0000000090100000|  0%| F|  |TAMS 0x0000000090000000, 0x0000000090000000| Untracked 
| 199|0x0000000090100000, 0x00000000901c5ea0, 0x0000000090200000| 77%| S|CS|TAMS 0x0000000090100000, 0x0000000090100000| Complete 
| 200|0x0000000090200000, 0x0000000090300000, 0x0000000090300000|100%| S|CS|TAMS 0x0000000090200000, 0x0000000090200000| Complete 
| 201|0x0000000090300000, 0x0000000090400000, 0x0000000090400000|100%| S|CS|TAMS 0x0000000090300000, 0x0000000090300000| Complete 
| 202|0x0000000090400000, 0x0000000090400000, 0x0000000090500000|  0%| F|  |TAMS 0x0000000090400000, 0x0000000090400000| Untracked 
| 203|0x0000000090500000, 0x0000000090500000, 0x0000000090600000|  0%| F|  |TAMS 0x0000000090500000, 0x0000000090500000| Untracked 
| 204|0x0000000090600000, 0x0000000090600000, 0x0000000090700000|  0%| F|  |TAMS 0x0000000090600000, 0x0000000090600000| Untracked 
| 205|0x0000000090700000, 0x0000000090700000, 0x0000000090800000|  0%| F|  |TAMS 0x0000000090700000, 0x0000000090700000| Untracked 
| 206|0x0000000090800000, 0x0000000090800000, 0x0000000090900000|  0%| F|  |TAMS 0x0000000090800000, 0x0000000090800000| Untracked 
| 207|0x0000000090900000, 0x0000000090900000, 0x0000000090a00000|  0%| F|  |TAMS 0x0000000090900000, 0x0000000090900000| Untracked 
| 208|0x0000000090a00000, 0x0000000090a00000, 0x0000000090b00000|  0%| F|  |TAMS 0x0000000090a00000, 0x0000000090a00000| Untracked 
| 209|0x0000000090b00000, 0x0000000090b00000, 0x0000000090c00000|  0%| F|  |TAMS 0x0000000090b00000, 0x0000000090b00000| Untracked 
| 210|0x0000000090c00000, 0x0000000090c00000, 0x0000000090d00000|  0%| F|  |TAMS 0x0000000090c00000, 0x0000000090c00000| Untracked 
| 211|0x0000000090d00000, 0x0000000090d00000, 0x0000000090e00000|  0%| F|  |TAMS 0x0000000090d00000, 0x0000000090d00000| Untracked 
| 212|0x0000000090e00000, 0x0000000090e00000, 0x0000000090f00000|  0%| F|  |TAMS 0x0000000090e00000, 0x0000000090e00000| Untracked 
| 213|0x0000000090f00000, 0x0000000090f00000, 0x0000000091000000|  0%| F|  |TAMS 0x0000000090f00000, 0x0000000090f00000| Untracked 
| 214|0x0000000091000000, 0x0000000091000000, 0x0000000091100000|  0%| F|  |TAMS 0x0000000091000000, 0x0000000091000000| Untracked 
| 215|0x0000000091100000, 0x0000000091100000, 0x0000000091200000|  0%| F|  |TAMS 0x0000000091100000, 0x0000000091100000| Untracked 
| 216|0x0000000091200000, 0x0000000091200000, 0x0000000091300000|  0%| F|  |TAMS 0x0000000091200000, 0x0000000091200000| Untracked 
| 217|0x0000000091300000, 0x0000000091300000, 0x0000000091400000|  0%| F|  |TAMS 0x0000000091300000, 0x0000000091300000| Untracked 
| 218|0x0000000091400000, 0x0000000091400000, 0x0000000091500000|  0%| F|  |TAMS 0x0000000091400000, 0x0000000091400000| Untracked 
| 219|0x0000000091500000, 0x0000000091500000, 0x0000000091600000|  0%| F|  |TAMS 0x0000000091500000, 0x0000000091500000| Untracked 
| 220|0x0000000091600000, 0x0000000091600000, 0x0000000091700000|  0%| F|  |TAMS 0x0000000091600000, 0x0000000091600000| Untracked 
| 221|0x0000000091700000, 0x0000000091700000, 0x0000000091800000|  0%| F|  |TAMS 0x0000000091700000, 0x0000000091700000| Untracked 
| 222|0x0000000091800000, 0x0000000091800000, 0x0000000091900000|  0%| F|  |TAMS 0x0000000091800000, 0x0000000091800000| Untracked 
| 223|0x0000000091900000, 0x0000000091900000, 0x0000000091a00000|  0%| F|  |TAMS 0x0000000091900000, 0x0000000091900000| Untracked 
| 224|0x0000000091a00000, 0x0000000091a00000, 0x0000000091b00000|  0%| F|  |TAMS 0x0000000091a00000, 0x0000000091a00000| Untracked 
| 225|0x0000000091b00000, 0x0000000091b00000, 0x0000000091c00000|  0%| F|  |TAMS 0x0000000091b00000, 0x0000000091b00000| Untracked 
| 226|0x0000000091c00000, 0x0000000091c00000, 0x0000000091d00000|  0%| F|  |TAMS 0x0000000091c00000, 0x0000000091c00000| Untracked 
| 227|0x0000000091d00000, 0x0000000091d00000, 0x0000000091e00000|  0%| F|  |TAMS 0x0000000091d00000, 0x0000000091d00000| Untracked 
| 228|0x0000000091e00000, 0x0000000091e00000, 0x0000000091f00000|  0%| F|  |TAMS 0x0000000091e00000, 0x0000000091e00000| Untracked 
| 229|0x0000000091f00000, 0x0000000091f00000, 0x0000000092000000|  0%| F|  |TAMS 0x0000000091f00000, 0x0000000091f00000| Untracked 
| 230|0x0000000092000000, 0x0000000092000000, 0x0000000092100000|  0%| F|  |TAMS 0x0000000092000000, 0x0000000092000000| Untracked 
| 231|0x0000000092100000, 0x0000000092100000, 0x0000000092200000|  0%| F|  |TAMS 0x0000000092100000, 0x0000000092100000| Untracked 
| 232|0x0000000092200000, 0x0000000092200000, 0x0000000092300000|  0%| F|  |TAMS 0x0000000092200000, 0x0000000092200000| Untracked 
| 233|0x0000000092300000, 0x0000000092300000, 0x0000000092400000|  0%| F|  |TAMS 0x0000000092300000, 0x0000000092300000| Untracked 
| 234|0x0000000092400000, 0x0000000092400000, 0x0000000092500000|  0%| F|  |TAMS 0x0000000092400000, 0x0000000092400000| Untracked 
| 235|0x0000000092500000, 0x0000000092500000, 0x0000000092600000|  0%| F|  |TAMS 0x0000000092500000, 0x0000000092500000| Untracked 
| 236|0x0000000092600000, 0x0000000092600000, 0x0000000092700000|  0%| F|  |TAMS 0x0000000092600000, 0x0000000092600000| Untracked 
| 237|0x0000000092700000, 0x0000000092700000, 0x0000000092800000|  0%| F|  |TAMS 0x0000000092700000, 0x0000000092700000| Untracked 
| 238|0x0000000092800000, 0x0000000092800000, 0x0000000092900000|  0%| F|  |TAMS 0x0000000092800000, 0x0000000092800000| Untracked 
| 239|0x0000000092900000, 0x0000000092900000, 0x0000000092a00000|  0%| F|  |TAMS 0x0000000092900000, 0x0000000092900000| Untracked 
| 240|0x0000000092a00000, 0x0000000092a00000, 0x0000000092b00000|  0%| F|  |TAMS 0x0000000092a00000, 0x0000000092a00000| Untracked 
| 241|0x0000000092b00000, 0x0000000092b00000, 0x0000000092c00000|  0%| F|  |TAMS 0x0000000092b00000, 0x0000000092b00000| Untracked 
| 242|0x0000000092c00000, 0x0000000092c00000, 0x0000000092d00000|  0%| F|  |TAMS 0x0000000092c00000, 0x0000000092c00000| Untracked 
| 243|0x0000000092d00000, 0x0000000092d00000, 0x0000000092e00000|  0%| F|  |TAMS 0x0000000092d00000, 0x0000000092d00000| Untracked 
| 244|0x0000000092e00000, 0x0000000092e00000, 0x0000000092f00000|  0%| F|  |TAMS 0x0000000092e00000, 0x0000000092e00000| Untracked 
| 245|0x0000000092f00000, 0x0000000092f00000, 0x0000000093000000|  0%| F|  |TAMS 0x0000000092f00000, 0x0000000092f00000| Untracked 
| 246|0x0000000093000000, 0x0000000093000000, 0x0000000093100000|  0%| F|  |TAMS 0x0000000093000000, 0x0000000093000000| Untracked 
| 247|0x0000000093100000, 0x0000000093100000, 0x0000000093200000|  0%| F|  |TAMS 0x0000000093100000, 0x0000000093100000| Untracked 
| 248|0x0000000093200000, 0x0000000093200000, 0x0000000093300000|  0%| F|  |TAMS 0x0000000093200000, 0x0000000093200000| Untracked 
| 249|0x0000000093300000, 0x0000000093300000, 0x0000000093400000|  0%| F|  |TAMS 0x0000000093300000, 0x0000000093300000| Untracked 
| 250|0x0000000093400000, 0x0000000093400000, 0x0000000093500000|  0%| F|  |TAMS 0x0000000093400000, 0x0000000093400000| Untracked 
| 251|0x0000000093500000, 0x0000000093500000, 0x0000000093600000|  0%| F|  |TAMS 0x0000000093500000, 0x0000000093500000| Untracked 
| 252|0x0000000093600000, 0x0000000093600000, 0x0000000093700000|  0%| F|  |TAMS 0x0000000093600000, 0x0000000093600000| Untracked 
| 253|0x0000000093700000, 0x0000000093700000, 0x0000000093800000|  0%| F|  |TAMS 0x0000000093700000, 0x0000000093700000| Untracked 
| 254|0x0000000093800000, 0x0000000093800000, 0x0000000093900000|  0%| F|  |TAMS 0x0000000093800000, 0x0000000093800000| Untracked 
| 255|0x0000000093900000, 0x0000000093900000, 0x0000000093a00000|  0%| F|  |TAMS 0x0000000093900000, 0x0000000093900000| Untracked 
| 256|0x0000000093a00000, 0x0000000093a00000, 0x0000000093b00000|  0%| F|  |TAMS 0x0000000093a00000, 0x0000000093a00000| Untracked 
| 257|0x0000000093b00000, 0x0000000093b00000, 0x0000000093c00000|  0%| F|  |TAMS 0x0000000093b00000, 0x0000000093b00000| Untracked 
| 258|0x0000000093c00000, 0x0000000093c00000, 0x0000000093d00000|  0%| F|  |TAMS 0x0000000093c00000, 0x0000000093c00000| Untracked 
| 259|0x0000000093d00000, 0x0000000093d00000, 0x0000000093e00000|  0%| F|  |TAMS 0x0000000093d00000, 0x0000000093d00000| Untracked 
| 260|0x0000000093e00000, 0x0000000093e00000, 0x0000000093f00000|  0%| F|  |TAMS 0x0000000093e00000, 0x0000000093e00000| Untracked 
| 261|0x0000000093f00000, 0x0000000093f00000, 0x0000000094000000|  0%| F|  |TAMS 0x0000000093f00000, 0x0000000093f00000| Untracked 
| 262|0x0000000094000000, 0x0000000094000000, 0x0000000094100000|  0%| F|  |TAMS 0x0000000094000000, 0x0000000094000000| Untracked 
| 263|0x0000000094100000, 0x0000000094100000, 0x0000000094200000|  0%| F|  |TAMS 0x0000000094100000, 0x0000000094100000| Untracked 
| 264|0x0000000094200000, 0x0000000094200000, 0x0000000094300000|  0%| F|  |TAMS 0x0000000094200000, 0x0000000094200000| Untracked 
| 265|0x0000000094300000, 0x0000000094300000, 0x0000000094400000|  0%| F|  |TAMS 0x0000000094300000, 0x0000000094300000| Untracked 
| 266|0x0000000094400000, 0x0000000094400000, 0x0000000094500000|  0%| F|  |TAMS 0x0000000094400000, 0x0000000094400000| Untracked 

Card table byte_map: [0x000001b37b3b0000,0x000001b37b7a0000] _byte_map_base: 0x000001b37af93000

Marking Bits (Prev, Next): (CMBitMap*) 0x000001b37a0c87d0, (CMBitMap*) 0x000001b37a0c8810
 Prev Bits: [0x000001b37bb90000, 0x000001b37daa8000)
 Next Bits: [0x000001b37dab0000, 0x000001b37f9c8000)

Polling page: 0x000001b3787e0000

Metaspace:

Usage:
  Non-class:     42.00 MB used.
      Class:      5.25 MB used.
       Both:     47.25 MB used.

Virtual space:
  Non-class space:       64.00 MB reserved,      42.25 MB ( 66%) committed,  1 nodes.
      Class space:        1.00 GB reserved,       5.44 MB ( <1%) committed,  1 nodes.
             Both:        1.06 GB reserved,      47.69 MB (  4%) committed. 

Chunk freelists:
   Non-Class:  5.31 MB
       Class:  10.45 MB
        Both:  15.76 MB

MaxMetaspaceSize: unlimited
CompressedClassSpaceSize: 1.00 GB
Initial GC threshold: 21.00 MB
Current GC threshold: 75.56 MB
CDS: on
MetaspaceReclaimPolicy: balanced
 - commit_granule_bytes: 65536.
 - commit_granule_words: 8192.
 - virtual_space_node_default_size: 8388608.
 - enlarge_chunks_in_place: 1.
 - new_chunks_are_fully_committed: 0.
 - uncommit_free_chunks: 1.
 - use_allocation_guard: 0.
 - handle_deallocations: 1.


Internal statistics:

num_allocs_failed_limit: 6.
num_arena_births: 368.
num_arena_deaths: 24.
num_vsnodes_births: 2.
num_vsnodes_deaths: 0.
num_space_committed: 825.
num_space_uncommitted: 62.
num_chunks_returned_to_freelist: 329.
num_chunks_taken_from_freelist: 2331.
num_chunk_merges: 85.
num_chunk_splits: 1554.
num_chunks_enlarged: 1195.
num_inconsistent_stats: 0.

CodeHeap 'non-profiled nmethods': size=120000Kb used=6226Kb max_used=6226Kb free=113773Kb
 bounds [0x000001b30f2c0000, 0x000001b30f8e0000, 0x000001b3167f0000]
CodeHeap 'profiled nmethods': size=120000Kb used=23696Kb max_used=24902Kb free=96303Kb
 bounds [0x000001b3077f0000, 0x000001b309050000, 0x000001b30ed20000]
CodeHeap 'non-nmethods': size=5760Kb used=1315Kb max_used=1380Kb free=4444Kb
 bounds [0x000001b30ed20000, 0x000001b30ef90000, 0x000001b30f2c0000]
 total_blobs=10988 nmethods=10365 adapters=535
 compilation: enabled
              stopped_count=0, restarted_count=0
 full_count=0

Compilation events (20 events):
Event: 45.659 Thread 0x000001b318cd2330 12992       2       org.eclipse.sisu.inject.Weak::elements (6 bytes)
Event: 45.659 Thread 0x000001b318cd2330 nmethod 12992 0x000001b30841e890 code [0x000001b30841ea20, 0x000001b30841eb28]
Event: 45.659 Thread 0x000001b318cd2330 12997       2       org.eclipse.sisu.inject.MildElements::compact (21 bytes)
Event: 45.659 Thread 0x000001b318cd2330 nmethod 12997 0x000001b308b8d690 code [0x000001b308b8d840, 0x000001b308b8daf8]
Event: 45.659 Thread 0x000001b318cd2330 12995       2       org.eclipse.sisu.inject.BeanCache::<init> (5 bytes)
Event: 45.659 Thread 0x000001b318cd2330 nmethod 12995 0x000001b308e18f10 code [0x000001b308e190a0, 0x000001b308e19198]
Event: 45.659 Thread 0x000001b318cd2330 12996       2       org.eclipse.sisu.inject.MildElements::add (66 bytes)
Event: 45.660 Thread 0x000001b318cd2330 nmethod 12996 0x000001b308da2e10 code [0x000001b308da3020, 0x000001b308da35f8]
Event: 45.660 Thread 0x000001b318cd2330 12993       2       org.eclipse.sisu.inject.Weak::elements (17 bytes)
Event: 45.660 Thread 0x000001b318cd2330 nmethod 12993 0x000001b308c3cc10 code [0x000001b308c3cdc0, 0x000001b308c3d188]
Event: 45.660 Thread 0x000001b318cd2330 12994       2       org.eclipse.sisu.inject.MildValues::mildValue (37 bytes)
Event: 45.660 Thread 0x000001b318cd2330 nmethod 12994 0x000001b308d62690 code [0x000001b308d62860, 0x000001b308d62ba8]
Event: 45.674 Thread 0x000001b318cd2330 12998       1       com.sun.tools.javac.util.AbstractDiagnosticFormatter$SimpleConfiguration::setCaretEnabled (6 bytes)
Event: 45.674 Thread 0x000001b318cd2330 nmethod 12998 0x000001b30f802990 code [0x000001b30f802b20, 0x000001b30f802bf8]
Event: 45.757 Thread 0x000001b318cd1880 nmethod 12832 0x000001b30f8cdc90 code [0x000001b30f8ce060, 0x000001b30f8d10b0]
Event: 45.758 Thread 0x000001b318cd1880 12842   !   4       com.sun.tools.javac.code.Types$12::visitClassType (229 bytes)
Event: 45.769 Thread 0x000001b318cd1880 nmethod 12842 0x000001b30f8d3090 code [0x000001b30f8d3320, 0x000001b30f8d3d70]
Event: 45.769 Thread 0x000001b318cd1880 12735   !   4       jdk.internal.loader.URLClassPath$JarLoader::getResource (354 bytes)
Event: 45.793 Thread 0x000001b318cd2330 12999       2       com.sun.tools.javac.main.Option::lookup (41 bytes)
Event: 45.793 Thread 0x000001b318cd2330 nmethod 12999 0x000001b308d98810 code [0x000001b308d989e0, 0x000001b308d98c58]

GC Heap History (20 events):
Event: 36.131 GC heap after
{Heap after GC invocations=24 (full 0):
 garbage-first heap   total 178176K, used 74417K [0x0000000083a00000, 0x0000000100000000)
  region size 1024K, 1 young (1024K), 1 survivors (1024K)
 Metaspace       used 41801K, committed 42240K, reserved 1114112K
  class space    used 4785K, committed 4992K, reserved 1048576K
}
Event: 36.386 GC heap before
{Heap before GC invocations=24 (full 0):
 garbage-first heap   total 178176K, used 82609K [0x0000000083a00000, 0x0000000100000000)
  region size 1024K, 10 young (10240K), 1 survivors (1024K)
 Metaspace       used 41955K, committed 42368K, reserved 1114112K
  class space    used 4789K, committed 4992K, reserved 1048576K
}
Event: 36.388 GC heap after
{Heap after GC invocations=25 (full 0):
 garbage-first heap   total 273408K, used 75077K [0x0000000083a00000, 0x0000000100000000)
  region size 1024K, 2 young (2048K), 2 survivors (2048K)
 Metaspace       used 41955K, committed 42368K, reserved 1114112K
  class space    used 4789K, committed 4992K, reserved 1048576K
}
Event: 39.703 GC heap before
{Heap before GC invocations=26 (full 0):
 garbage-first heap   total 270336K, used 219461K [0x0000000083a00000, 0x0000000100000000)
  region size 1024K, 119 young (121856K), 2 survivors (2048K)
 Metaspace       used 45253K, committed 45760K, reserved 1114112K
  class space    used 5148K, committed 5376K, reserved 1048576K
}
Event: 39.709 GC heap after
{Heap after GC invocations=27 (full 0):
 garbage-first heap   total 270336K, used 88781K [0x0000000083a00000, 0x0000000100000000)
  region size 1024K, 14 young (14336K), 14 survivors (14336K)
 Metaspace       used 45253K, committed 45760K, reserved 1114112K
  class space    used 5148K, committed 5376K, reserved 1048576K
}
Event: 39.751 GC heap before
{Heap before GC invocations=27 (full 0):
 garbage-first heap   total 270336K, used 89805K [0x0000000083a00000, 0x0000000100000000)
  region size 1024K, 15 young (15360K), 14 survivors (14336K)
 Metaspace       used 45257K, committed 45760K, reserved 1114112K
  class space    used 5148K, committed 5376K, reserved 1048576K
}
Event: 39.757 GC heap after
{Heap after GC invocations=28 (full 0):
 garbage-first heap   total 270336K, used 74940K [0x0000000083a00000, 0x0000000100000000)
  region size 1024K, 2 young (2048K), 2 survivors (2048K)
 Metaspace       used 45257K, committed 45760K, reserved 1114112K
  class space    used 5148K, committed 5376K, reserved 1048576K
}
Event: 41.051 GC heap before
{Heap before GC invocations=28 (full 0):
 garbage-first heap   total 270336K, used 186556K [0x0000000083a00000, 0x0000000100000000)
  region size 1024K, 112 young (114688K), 2 survivors (2048K)
 Metaspace       used 47190K, committed 47616K, reserved 1114112K
  class space    used 5346K, committed 5568K, reserved 1048576K
}
Event: 41.058 GC heap after
{Heap after GC invocations=29 (full 0):
 garbage-first heap   total 270336K, used 84313K [0x0000000083a00000, 0x0000000100000000)
  region size 1024K, 11 young (11264K), 11 survivors (11264K)
 Metaspace       used 47190K, committed 47616K, reserved 1114112K
  class space    used 5346K, committed 5568K, reserved 1048576K
}
Event: 41.409 GC heap before
{Heap before GC invocations=30 (full 0):
 garbage-first heap   total 270336K, used 191833K [0x0000000083a00000, 0x0000000100000000)
  region size 1024K, 118 young (120832K), 11 survivors (11264K)
 Metaspace       used 45940K, committed 46464K, reserved 1114112K
  class space    used 5185K, committed 5440K, reserved 1048576K
}
Event: 41.420 GC heap after
{Heap after GC invocations=31 (full 0):
 garbage-first heap   total 270336K, used 85945K [0x0000000083a00000, 0x0000000100000000)
  region size 1024K, 5 young (5120K), 5 survivors (5120K)
 Metaspace       used 45940K, committed 46464K, reserved 1114112K
  class space    used 5185K, committed 5440K, reserved 1048576K
}
Event: 41.449 GC heap before
{Heap before GC invocations=31 (full 0):
 garbage-first heap   total 270336K, used 94137K [0x0000000083a00000, 0x0000000100000000)
  region size 1024K, 13 young (13312K), 5 survivors (5120K)
 Metaspace       used 45945K, committed 46464K, reserved 1114112K
  class space    used 5185K, committed 5440K, reserved 1048576K
}
Event: 41.453 GC heap after
{Heap after GC invocations=32 (full 0):
 garbage-first heap   total 270336K, used 78998K [0x0000000083a00000, 0x0000000100000000)
  region size 1024K, 2 young (2048K), 2 survivors (2048K)
 Metaspace       used 45945K, committed 46464K, reserved 1114112K
  class space    used 5185K, committed 5440K, reserved 1048576K
}
Event: 42.335 GC heap before
{Heap before GC invocations=32 (full 0):
 garbage-first heap   total 270336K, used 199830K [0x0000000083a00000, 0x0000000100000000)
  region size 1024K, 120 young (122880K), 2 survivors (2048K)
 Metaspace       used 46705K, committed 47168K, reserved 1114112K
  class space    used 5194K, committed 5440K, reserved 1048576K
}
Event: 42.339 GC heap after
{Heap after GC invocations=33 (full 0):
 garbage-first heap   total 270336K, used 79527K [0x0000000083a00000, 0x0000000100000000)
  region size 1024K, 2 young (2048K), 2 survivors (2048K)
 Metaspace       used 46705K, committed 47168K, reserved 1114112K
  class space    used 5194K, committed 5440K, reserved 1048576K
}
Event: 44.698 GC heap before
{Heap before GC invocations=34 (full 0):
 garbage-first heap   total 270336K, used 240295K [0x0000000083a00000, 0x0000000100000000)
  region size 1024K, 130 young (133120K), 2 survivors (2048K)
 Metaspace       used 46383K, committed 46976K, reserved 1114112K
  class space    used 5133K, committed 5440K, reserved 1048576K
}
Event: 44.710 GC heap after
{Heap after GC invocations=35 (full 0):
 garbage-first heap   total 270336K, used 111380K [0x0000000083a00000, 0x0000000100000000)
  region size 1024K, 17 young (17408K), 17 survivors (17408K)
 Metaspace       used 46383K, committed 46976K, reserved 1114112K
  class space    used 5133K, committed 5440K, reserved 1048576K
}
Event: 44.719 GC heap before
{Heap before GC invocations=35 (full 0):
 garbage-first heap   total 270336K, used 112404K [0x0000000083a00000, 0x0000000100000000)
  region size 1024K, 18 young (18432K), 17 survivors (17408K)
 Metaspace       used 46384K, committed 46976K, reserved 1114112K
  class space    used 5133K, committed 5440K, reserved 1048576K
}
Event: 44.728 GC heap after
{Heap after GC invocations=36 (full 0):
 garbage-first heap   total 270336K, used 99381K [0x0000000083a00000, 0x0000000100000000)
  region size 1024K, 2 young (2048K), 2 survivors (2048K)
 Metaspace       used 46384K, committed 46976K, reserved 1114112K
  class space    used 5133K, committed 5440K, reserved 1048576K
}
Event: 45.795 GC heap before
{Heap before GC invocations=36 (full 0):
 garbage-first heap   total 270336K, used 158773K [0x0000000083a00000, 0x0000000100000000)
  region size 1024K, 62 young (63488K), 2 survivors (2048K)
 Metaspace       used 48382K, committed 48832K, reserved 1114112K
  class space    used 5377K, committed 5568K, reserved 1048576K
}

Deoptimization events (20 events):
Event: 45.526 Thread 0x000001b37a06c490 Uncommon trap: trap_request=0xffffff45 fr.pc=0x000001b30f8a0f58 relative=0x0000000000000918
Event: 45.526 Thread 0x000001b37a06c490 Uncommon trap: reason=unstable_if action=reinterpret pc=0x000001b30f8a0f58 method=lombok.launch.PackageShader.apply([B)Z @ 190 c2
Event: 45.526 Thread 0x000001b37a06c490 DEOPT PACKING pc=0x000001b30f8a0f58 sp=0x0000001e640fc3d0
Event: 45.526 Thread 0x000001b37a06c490 DEOPT UNPACKING pc=0x000001b30ed75ba3 sp=0x0000001e640fc350 mode 2
Event: 45.535 Thread 0x000001b37a06c490 Uncommon trap: trap_request=0xffffff45 fr.pc=0x000001b30f8abda4 relative=0x0000000000000b24
Event: 45.535 Thread 0x000001b37a06c490 Uncommon trap: reason=unstable_if action=reinterpret pc=0x000001b30f8abda4 method=com.sun.tools.javac.code.Kinds$Kind.betterThan(Lcom/sun/tools/javac/code/Kinds$Kind;)Z @ 8 c2
Event: 45.535 Thread 0x000001b37a06c490 DEOPT PACKING pc=0x000001b30f8abda4 sp=0x0000001e640fc500
Event: 45.535 Thread 0x000001b37a06c490 DEOPT UNPACKING pc=0x000001b30ed75ba3 sp=0x0000001e640fc370 mode 2
Event: 45.554 Thread 0x000001b37a06c490 Uncommon trap: trap_request=0xffffff45 fr.pc=0x000001b30f8add2c relative=0x000000000000046c
Event: 45.555 Thread 0x000001b37a06c490 Uncommon trap: reason=unstable_if action=reinterpret pc=0x000001b30f8add2c method=com.sun.tools.javac.code.Kinds$Kind.betterThan(Lcom/sun/tools/javac/code/Kinds$Kind;)Z @ 8 c2
Event: 45.555 Thread 0x000001b37a06c490 DEOPT PACKING pc=0x000001b30f8add2c sp=0x0000001e640fc4b0
Event: 45.555 Thread 0x000001b37a06c490 DEOPT UNPACKING pc=0x000001b30ed75ba3 sp=0x0000001e640fc398 mode 2
Event: 45.570 Thread 0x000001b37a06c490 Uncommon trap: trap_request=0xffffffde fr.pc=0x000001b30f61f25c relative=0x0000000000000a9c
Event: 45.570 Thread 0x000001b37a06c490 Uncommon trap: reason=class_check action=maybe_recompile pc=0x000001b30f61f25c method=java.util.HashMap.removeNode(ILjava/lang/Object;Ljava/lang/Object;ZZ)Ljava/util/HashMap$Node; @ 143 c2
Event: 45.570 Thread 0x000001b37a06c490 DEOPT PACKING pc=0x000001b30f61f25c sp=0x0000001e640f98c0
Event: 45.570 Thread 0x000001b37a06c490 DEOPT UNPACKING pc=0x000001b30ed75ba3 sp=0x0000001e640f97e8 mode 2
Event: 45.571 Thread 0x000001b37a06c490 Uncommon trap: trap_request=0xffffffde fr.pc=0x000001b30f61f25c relative=0x0000000000000a9c
Event: 45.571 Thread 0x000001b37a06c490 Uncommon trap: reason=class_check action=maybe_recompile pc=0x000001b30f61f25c method=java.util.HashMap.removeNode(ILjava/lang/Object;Ljava/lang/Object;ZZ)Ljava/util/HashMap$Node; @ 143 c2
Event: 45.571 Thread 0x000001b37a06c490 DEOPT PACKING pc=0x000001b30f61f25c sp=0x0000001e640f9e30
Event: 45.571 Thread 0x000001b37a06c490 DEOPT UNPACKING pc=0x000001b30ed75ba3 sp=0x0000001e640f9d58 mode 2

Classes unloaded (20 events):
Event: 42.395 Thread 0x000001b318cb0940 Unloading class 0x000001b31a4a1d10 'lombok/javac/apt/MessagerDiagnosticsReceiver'
Event: 42.395 Thread 0x000001b318cb0940 Unloading class 0x000001b31a49e000 'lombok/javac/apt/InterceptingJavaFileManager'
Event: 42.395 Thread 0x000001b318cb0940 Unloading class 0x000001b31a4a1b08 'lombok/permit/dummy/Parent'
Event: 42.395 Thread 0x000001b318cb0940 Unloading class 0x000001b31a4a18f0 'lombok/core/CleanupRegistry'
Event: 42.395 Thread 0x000001b318cb0940 Unloading class 0x000001b31a4a16e8 'lombok/permit/Permit$Fake'
Event: 42.395 Thread 0x000001b318cb0940 Unloading class 0x000001b31a4a14e8 'lombok/permit/Permit'
Event: 42.395 Thread 0x000001b318cb0940 Unloading class 0x000001b31a4a11f8 'lombok/javac/apt/LombokProcessor$1'
Event: 42.395 Thread 0x000001b318cb0940 Unloading class 0x000001b31a4a1000 'lombok/core/DiagnosticsReceiver'
Event: 42.395 Thread 0x000001b318cb0940 Unloading class 0x000001b31a49cc68 'lombok/javac/apt/LombokProcessor'
Event: 42.395 Thread 0x000001b318cb0940 Unloading class 0x000001b31a49ca38 'lombok/core/AnnotationProcessor$EcjDescriptor'
Event: 42.395 Thread 0x000001b318cb0940 Unloading class 0x000001b31a49c800 'lombok/core/AnnotationProcessor$JavacDescriptor'
Event: 42.395 Thread 0x000001b318cb0940 Unloading class 0x000001b31a4a0a80 'lombok/core/AnnotationProcessor$ProcessorDescriptor'
Event: 42.395 Thread 0x000001b318cb0940 Unloading class 0x000001b31a4a0800 'lombok/core/AnnotationProcessor'
Event: 42.395 Thread 0x000001b318cb0940 Unloading class 0x000001b31a43d800 'lombok/launch/AnnotationProcessorHider$ClaimingProcessor'
Event: 42.395 Thread 0x000001b318cb0940 Unloading class 0x000001b31a51cc28 'lombok/launch/AnnotationProcessorHider$AstModificationNotifierData'
Event: 42.395 Thread 0x000001b318cb0940 Unloading class 0x000001b31a51c9a8 'lombok/launch/ClassFileMetaData'
Event: 42.395 Thread 0x000001b318cb0940 Unloading class 0x000001b31a51c790 'lombok/launch/PackageShader'
Event: 42.395 Thread 0x000001b318cb0940 Unloading class 0x000001b31a51c480 'lombok/launch/ShadowClassLoader'
Event: 42.395 Thread 0x000001b318cb0940 Unloading class 0x000001b31a51c280 'lombok/launch/Main'
Event: 42.395 Thread 0x000001b318cb0940 Unloading class 0x000001b31a51c000 'lombok/launch/AnnotationProcessorHider$AnnotationProcessor'

Classes redefined (0 events):
No events

Internal exceptions (20 events):
Event: 45.511 Thread 0x000001b37a06c490 Exception <a 'sun/nio/fs/WindowsException'{0x0000000090f974f0}> (0x0000000090f974f0) 
thrown [s\open\src\hotspot\share\prims\jni.cpp, line 516]
Event: 45.511 Thread 0x000001b37a06c490 Exception <a 'sun/nio/fs/WindowsException'{0x0000000090f977f0}> (0x0000000090f977f0) 
thrown [s\open\src\hotspot\share\prims\jni.cpp, line 516]
Event: 45.511 Thread 0x000001b37a06c490 Exception <a 'sun/nio/fs/WindowsException'{0x0000000090f98498}> (0x0000000090f98498) 
thrown [s\open\src\hotspot\share\prims\jni.cpp, line 516]
Event: 45.551 Thread 0x000001b37a06c490 Exception <a 'sun/nio/fs/WindowsException'{0x0000000090c3dd38}> (0x0000000090c3dd38) 
thrown [s\open\src\hotspot\share\prims\jni.cpp, line 516]
Event: 45.551 Thread 0x000001b37a06c490 Exception <a 'sun/nio/fs/WindowsException'{0x0000000090c3e428}> (0x0000000090c3e428) 
thrown [s\open\src\hotspot\share\prims\jni.cpp, line 516]
Event: 45.551 Thread 0x000001b37a06c490 Exception <a 'sun/nio/fs/WindowsException'{0x0000000090c3edb8}> (0x0000000090c3edb8) 
thrown [s\open\src\hotspot\share\prims\jni.cpp, line 516]
Event: 45.551 Thread 0x000001b37a06c490 Exception <a 'sun/nio/fs/WindowsException'{0x0000000090c3f528}> (0x0000000090c3f528) 
thrown [s\open\src\hotspot\share\prims\jni.cpp, line 516]
Event: 45.564 Thread 0x000001b37a06c490 Exception <a 'sun/nio/fs/WindowsException'{0x0000000090cdfbb0}> (0x0000000090cdfbb0) 
thrown [s\open\src\hotspot\share\prims\jni.cpp, line 516]
Event: 45.564 Thread 0x000001b37a06c490 Exception <a 'sun/nio/fs/WindowsException'{0x0000000090ce0288}> (0x0000000090ce0288) 
thrown [s\open\src\hotspot\share\prims\jni.cpp, line 516]
Event: 45.564 Thread 0x000001b37a06c490 Exception <a 'sun/nio/fs/WindowsException'{0x0000000090ce0bb8}> (0x0000000090ce0bb8) 
thrown [s\open\src\hotspot\share\prims\jni.cpp, line 516]
Event: 45.564 Thread 0x000001b37a06c490 Exception <a 'sun/nio/fs/WindowsException'{0x0000000090ce1328}> (0x0000000090ce1328) 
thrown [s\open\src\hotspot\share\prims\jni.cpp, line 516]
Event: 45.581 Thread 0x000001b37a06c490 Exception <a 'java/lang/NoSuchMethodError'{0x0000000090b48320}: 'java.lang.Object java.lang.invoke.DirectMethodHandle$Holder.newInvokeSpecial(java.lang.Object, java.lang.Object, java.lang.Object, int)'> (0x0000000090b48320) 
thrown [s\open\src\hotspot\share\interpreter\linkResolver.cpp, line 759]
Event: 45.582 Thread 0x000001b37a06c490 Exception <a 'java/lang/NoSuchMethodError'{0x0000000090b4cc50}: 'java.lang.Object java.lang.invoke.DirectMethodHandle$Holder.invokeSpecial(java.lang.Object, java.lang.Object, java.lang.Object, java.lang.Object, int)'> (0x0000000090b4cc50) 
thrown [s\open\src\hotspot\share\interpreter\linkResolver.cpp, line 759]
Event: 45.583 Thread 0x000001b37a06c490 Exception <a 'java/lang/NoSuchMethodError'{0x0000000090b50d68}: 'java.lang.Object java.lang.invoke.Invokers$Holder.linkToTargetMethod(java.lang.Object, java.lang.Object, int, java.lang.Object)'> (0x0000000090b50d68) 
thrown [s\open\src\hotspot\share\interpreter\linkResolver.cpp, line 759]
Event: 45.589 Thread 0x000001b37a06c490 Exception <a 'sun/nio/fs/WindowsException'{0x0000000090ba16c8}> (0x0000000090ba16c8) 
thrown [s\open\src\hotspot\share\prims\jni.cpp, line 516]
Event: 45.589 Thread 0x000001b37a06c490 Exception <a 'sun/nio/fs/WindowsException'{0x0000000090ba1da0}> (0x0000000090ba1da0) 
thrown [s\open\src\hotspot\share\prims\jni.cpp, line 516]
Event: 45.589 Thread 0x000001b37a06c490 Exception <a 'sun/nio/fs/WindowsException'{0x0000000090ba26d0}> (0x0000000090ba26d0) 
thrown [s\open\src\hotspot\share\prims\jni.cpp, line 516]
Event: 45.595 Thread 0x000001b37a06c490 Exception <a 'sun/nio/fs/WindowsException'{0x0000000090be7a38}> (0x0000000090be7a38) 
thrown [s\open\src\hotspot\share\prims\jni.cpp, line 516]
Event: 45.595 Thread 0x000001b37a06c490 Exception <a 'sun/nio/fs/WindowsException'{0x0000000090be8110}> (0x0000000090be8110) 
thrown [s\open\src\hotspot\share\prims\jni.cpp, line 516]
Event: 45.595 Thread 0x000001b37a06c490 Exception <a 'sun/nio/fs/WindowsException'{0x0000000090be8a40}> (0x0000000090be8a40) 
thrown [s\open\src\hotspot\share\prims\jni.cpp, line 516]

VM Operations (20 events):
Event: 42.490 Executing VM operation: HandshakeAllThreads done
Event: 43.504 Executing VM operation: Cleanup
Event: 43.504 Executing VM operation: Cleanup done
Event: 44.512 Executing VM operation: Cleanup
Event: 44.513 Executing VM operation: Cleanup done
Event: 44.698 Executing VM operation: G1CollectForAllocation
Event: 44.710 Executing VM operation: G1CollectForAllocation done
Event: 44.718 Executing VM operation: G1CollectForAllocation
Event: 44.728 Executing VM operation: G1CollectForAllocation done
Event: 45.378 Executing VM operation: HandshakeAllThreads
Event: 45.379 Executing VM operation: HandshakeAllThreads done
Event: 45.389 Executing VM operation: ICBufferFull
Event: 45.389 Executing VM operation: ICBufferFull done
Event: 45.456 Executing VM operation: ICBufferFull
Event: 45.456 Executing VM operation: ICBufferFull done
Event: 45.567 Executing VM operation: ICBufferFull
Event: 45.567 Executing VM operation: ICBufferFull done
Event: 45.580 Executing VM operation: HandshakeAllThreads
Event: 45.580 Executing VM operation: HandshakeAllThreads done
Event: 45.795 Executing VM operation: G1TryInitiateConcMark

Events (20 events):
Event: 45.390 Thread 0x000001b318cd3d40 flushing nmethod 0x000001b308e5ed10
Event: 45.390 Thread 0x000001b318cd3d40 flushing nmethod 0x000001b308e5fc10
Event: 45.390 Thread 0x000001b318cd3d40 flushing nmethod 0x000001b308e60390
Event: 45.390 Thread 0x000001b318cd3d40 flushing nmethod 0x000001b308e60b90
Event: 45.390 Thread 0x000001b318cd3d40 flushing nmethod 0x000001b308e60f10
Event: 45.390 Thread 0x000001b318cd3d40 flushing nmethod 0x000001b308e6a510
Event: 45.390 Thread 0x000001b318cd3d40 flushing nmethod 0x000001b308e6ad90
Event: 45.390 Thread 0x000001b318cd3d40 flushing nmethod 0x000001b308e6e010
Event: 45.390 Thread 0x000001b318cd3d40 flushing nmethod 0x000001b308e71490
Event: 45.390 Thread 0x000001b318cd3d40 flushing nmethod 0x000001b308e73710
Event: 45.390 Thread 0x000001b318cd3d40 flushing nmethod 0x000001b308ead410
Event: 45.390 Thread 0x000001b318cd3d40 flushing nmethod 0x000001b308eade10
Event: 45.390 Thread 0x000001b318cd3d40 flushing nmethod 0x000001b308eaf490
Event: 45.390 Thread 0x000001b318cd3d40 flushing nmethod 0x000001b308eafa90
Event: 45.390 Thread 0x000001b318cd3d40 flushing nmethod 0x000001b308eb0010
Event: 45.390 Thread 0x000001b318cd3d40 flushing nmethod 0x000001b308eb1210
Event: 45.495 loading class java/util/stream/ReduceOps$2
Event: 45.495 loading class java/util/stream/ReduceOps$2 done
Event: 45.495 loading class java/util/stream/ReduceOps$2ReducingSink
Event: 45.495 loading class java/util/stream/ReduceOps$2ReducingSink done


Dynamic libraries:
0x00007ff71cff0000 - 0x00007ff71d000000 	D:\jdk17\bin\java.exe
0x00007ffc70cb0000 - 0x00007ffc70ea8000 	C:\windows\SYSTEM32\ntdll.dll
0x00007ffc70b20000 - 0x00007ffc70be2000 	C:\windows\System32\KERNEL32.DLL
0x00007ffc6e6b0000 - 0x00007ffc6e9a6000 	C:\windows\System32\KERNELBASE.dll
0x00007ffc6e4d0000 - 0x00007ffc6e5d0000 	C:\windows\System32\ucrtbase.dll
0x00007ffc68750000 - 0x00007ffc68769000 	D:\jdk17\bin\jli.dll
0x00007ffc6efe0000 - 0x00007ffc6f091000 	C:\windows\System32\ADVAPI32.dll
0x00007ffc687d0000 - 0x00007ffc687eb000 	D:\jdk17\bin\VCRUNTIME140.dll
0x00007ffc70a80000 - 0x00007ffc70b1e000 	C:\windows\System32\msvcrt.dll
0x00007ffc6feb0000 - 0x00007ffc6ff4f000 	C:\windows\System32\sechost.dll
0x00007ffc6f620000 - 0x00007ffc6f740000 	C:\windows\System32\RPCRT4.dll
0x00007ffc6e5d0000 - 0x00007ffc6e5f7000 	C:\windows\System32\bcrypt.dll
0x00007ffc6ee30000 - 0x00007ffc6efd1000 	C:\windows\System32\USER32.dll
0x00007ffc6e600000 - 0x00007ffc6e622000 	C:\windows\System32\win32u.dll
0x00007ffc6ed30000 - 0x00007ffc6ed5b000 	C:\windows\System32\GDI32.dll
0x00007ffc6e9b0000 - 0x00007ffc6eac9000 	C:\windows\System32\gdi32full.dll
0x00007ffc6ead0000 - 0x00007ffc6eb6d000 	C:\windows\System32\msvcp_win.dll
0x00007ffc574b0000 - 0x00007ffc5774b000 	C:\windows\WinSxS\amd64_microsoft.windows.common-controls_6595b64144ccf1df_6.0.19041.6456_none_60b8a6cb71f64256\COMCTL32.dll
0x00007ffc6de50000 - 0x00007ffc6de5a000 	C:\windows\SYSTEM32\VERSION.dll
0x00007ffc6f260000 - 0x00007ffc6f28f000 	C:\windows\System32\IMM32.DLL
0x000000006d3d0000 - 0x000000006d3dd000 	C:\Program Files (x86)\360\360Safe\safemon\SafeWrapper.dll
0x00007ffc664c0000 - 0x00007ffc665c5000 	C:\Program Files (x86)\360\360Safe\safemon\libzdtp64.dll
0x00007ffc6f740000 - 0x00007ffc6feb0000 	C:\windows\System32\SHELL32.dll
0x00007ffc6f200000 - 0x00007ffc6f25b000 	C:\windows\System32\SHLWAPI.dll
0x00007ffc68740000 - 0x00007ffc6874c000 	D:\jdk17\bin\vcruntime140_1.dll
0x00007ffc55ea0000 - 0x00007ffc55f2e000 	D:\jdk17\bin\msvcp140.dll
0x00007ffc19e00000 - 0x00007ffc1a9e0000 	D:\jdk17\bin\server\jvm.dll
0x00007ffc70620000 - 0x00007ffc70628000 	C:\windows\System32\PSAPI.DLL
0x00007ffc68730000 - 0x00007ffc68739000 	C:\windows\SYSTEM32\WSOCK32.dll
0x00007ffc5c020000 - 0x00007ffc5c047000 	C:\windows\SYSTEM32\WINMM.dll
0x00007ffc70630000 - 0x00007ffc7069b000 	C:\windows\System32\WS2_32.dll
0x00007ffc6cad0000 - 0x00007ffc6cae2000 	C:\windows\SYSTEM32\kernel.appcore.dll
0x00007ffc68620000 - 0x00007ffc6862a000 	D:\jdk17\bin\jimage.dll
0x00007ffc6c7d0000 - 0x00007ffc6c9d1000 	C:\windows\SYSTEM32\DBGHELP.DLL
0x00007ffc50100000 - 0x00007ffc50134000 	C:\windows\SYSTEM32\dbgcore.DLL
0x00007ffc6e3f0000 - 0x00007ffc6e472000 	C:\windows\System32\bcryptPrimitives.dll
0x00007ffc57380000 - 0x00007ffc573a5000 	D:\jdk17\bin\java.dll
0x00007ffc4a7c0000 - 0x00007ffc4a897000 	D:\jdk17\bin\jsvml.dll
0x00007ffc6bf50000 - 0x00007ffc6c6f5000 	C:\windows\SYSTEM32\windows.storage.dll
0x00007ffc70700000 - 0x00007ffc70a54000 	C:\windows\System32\combase.dll
0x00007ffc6dcb0000 - 0x00007ffc6dcdb000 	C:\windows\SYSTEM32\Wldp.dll
0x00007ffc6ed60000 - 0x00007ffc6ee2d000 	C:\windows\System32\OLEAUT32.dll
0x00007ffc6f150000 - 0x00007ffc6f1fd000 	C:\windows\System32\SHCORE.dll
0x00007ffc6e270000 - 0x00007ffc6e294000 	C:\windows\SYSTEM32\profapi.dll
0x00007ffc65dc0000 - 0x00007ffc65dd9000 	D:\jdk17\bin\net.dll
0x00007ffc63b60000 - 0x00007ffc63c6a000 	C:\windows\SYSTEM32\WINHTTP.dll
0x00007ffc6da10000 - 0x00007ffc6da7a000 	C:\windows\system32\mswsock.dll
0x00007ffc62520000 - 0x00007ffc62536000 	D:\jdk17\bin\nio.dll
0x00007ffc57360000 - 0x00007ffc57378000 	D:\jdk17\bin\zip.dll
0x00007ffc55e50000 - 0x00007ffc55e74000 	D:\maven\apache-maven-3.9.11\lib\jansi-native\Windows\x86_64\jansi.dll
0x00007ffc57090000 - 0x00007ffc570a0000 	D:\jdk17\bin\verify.dll
0x00007ffc6dc00000 - 0x00007ffc6dc18000 	C:\windows\SYSTEM32\CRYPTSP.dll
0x00007ffc6d300000 - 0x00007ffc6d338000 	C:\windows\system32\rsaenh.dll
0x00007ffc6e230000 - 0x00007ffc6e25e000 	C:\windows\SYSTEM32\USERENV.dll
0x00007ffc6dc20000 - 0x00007ffc6dc2c000 	C:\windows\SYSTEM32\CRYPTBASE.dll
0x00007ffc6de60000 - 0x00007ffc6de9b000 	C:\windows\SYSTEM32\IPHLPAPI.DLL
0x00007ffc6f290000 - 0x00007ffc6f298000 	C:\windows\System32\NSI.dll
0x00007ffc65590000 - 0x00007ffc655a7000 	C:\windows\SYSTEM32\dhcpcsvc6.DLL
0x00007ffc64ed0000 - 0x00007ffc64eed000 	C:\windows\SYSTEM32\dhcpcsvc.DLL
0x00007ffc6d6f0000 - 0x00007ffc6d7ba000 	C:\windows\SYSTEM32\DNSAPI.dll
0x00007ffc66730000 - 0x00007ffc6673a000 	C:\Windows\System32\rasadhlp.dll
0x00007ffc5c1a0000 - 0x00007ffc5c220000 	C:\windows\System32\fwpuclnt.dll
0x00007ffc57410000 - 0x00007ffc5741e000 	D:\jdk17\bin\sunmscapi.dll
0x00007ffc6eb70000 - 0x00007ffc6eccd000 	C:\windows\System32\CRYPT32.dll
0x00007ffc6dd20000 - 0x00007ffc6dd47000 	C:\windows\SYSTEM32\ncrypt.dll
0x00007ffc6dce0000 - 0x00007ffc6dd1b000 	C:\windows\SYSTEM32\NTASN1.dll

dbghelp: loaded successfully - version: 4.0.5 - missing functions: none
symbol engine: initialized successfully - sym options: 0x614 - pdb path: .;D:\jdk17\bin;C:\windows\SYSTEM32;C:\windows\WinSxS\amd64_microsoft.windows.common-controls_6595b64144ccf1df_6.0.19041.6456_none_60b8a6cb71f64256;C:\Program Files (x86)\360\360Safe\safemon;D:\jdk17\bin\server;D:\maven\apache-maven-3.9.11\lib\jansi-native\Windows\x86_64

VM Arguments:
jvm_args: --enable-native-access=ALL-UNNAMED -Dclassworlds.conf=D:\maven\apache-maven-3.9.11\bin\m2.conf -Dmaven.home=D:\maven\apache-maven-3.9.11 -Dlibrary.jansi.path=D:\maven\apache-maven-3.9.11\lib\jansi-native -Dmaven.multiModuleProjectDirectory=E:\codebase\leshang-daijia-20260104 
java_command: org.codehaus.plexus.classworlds.launcher.Launcher clean install
java_class_path (initial): D:\maven\apache-maven-3.9.11\boot\plexus-classworlds-2.9.0.jar
Launcher Type: SUN_STANDARD

[Global flags]
     intx CICompilerCount                          = 4                                         {product} {ergonomic}
     uint ConcGCThreads                            = 2                                         {product} {ergonomic}
     uint G1ConcRefinementThreads                  = 8                                         {product} {ergonomic}
   size_t G1HeapRegionSize                         = 1048576                                   {product} {ergonomic}
    uintx GCDrainStackTargetSize                   = 64                                        {product} {ergonomic}
   size_t InitialHeapSize                          = 132120576                                 {product} {ergonomic}
   size_t MarkStackSize                            = 4194304                                   {product} {ergonomic}
   size_t MaxHeapSize                              = 2086666240                                {product} {ergonomic}
   size_t MaxNewSize                               = 1251999744                                {product} {ergonomic}
   size_t MinHeapDeltaBytes                        = 1048576                                   {product} {ergonomic}
   size_t MinHeapSize                              = 8388608                                   {product} {ergonomic}
    uintx NonNMethodCodeHeapSize                   = 5839372                                {pd product} {ergonomic}
    uintx NonProfiledCodeHeapSize                  = 122909434                              {pd product} {ergonomic}
    uintx ProfiledCodeHeapSize                     = 122909434                              {pd product} {ergonomic}
    uintx ReservedCodeCacheSize                    = 251658240                              {pd product} {ergonomic}
     bool SegmentedCodeCache                       = true                                      {product} {ergonomic}
   size_t SoftMaxHeapSize                          = 2086666240                             {manageable} {ergonomic}
     bool UseCompressedClassPointers               = true                           {product lp64_product} {ergonomic}
     bool UseCompressedOops                        = true                           {product lp64_product} {ergonomic}
     bool UseG1GC                                  = true                                      {product} {ergonomic}
     bool UseLargePagesIndividualAllocation        = false                                  {pd product} {ergonomic}

Logging:
Log output configuration:
 #0: stdout all=warning uptime,level,tags
 #1: stderr all=off uptime,level,tags

Environment Variables:
JAVA_HOME=D:\jdk17
CLASSPATH=.;D:\jdk17\bin;D:\jdk17\jre\bin;D:\apache-tomcat-8.0.50\lib\servlet-api.jar;F:\jedies-2.1.0;
PATH=C:\Program Files\Common Files\Oracle\Java\javapath;E:\VMware16.2.4\bin\;C:\ProgramData\Oracle\Java\javapath;C:\windows\system32;C:\windows;C:\windows\System32\Wbem;C:\windows\System32\WindowsPowerShell\v1.0\;C:\windows\System32\OpenSSH\;D:\Matlab\bin;D:\mysql8.0.21\mysql-8.0.21-winx64\bin;C:\Program Files\dotnet\;D:\maven\apache-maven-3.9.11;D:\gradle-8.1\gradle-8.1\bin;D:\spring-boot-cli-2.0.1\spring-2.0.1.RELEASE\bin;D:\jdk17\bin;D:\jdk17\jre\bin;D:\GIT\Git\cmd;D:\mdbook;D:\apache-tomcat-8.0.50\bin;D:\apache-tomcat-8.0.50\lib;D:\node.js16.20.2\;D:\node.js16.20.2\node_modules;D:\node.js16.20.2\;D:\redis\Redis;D:\wechatDevTools\微信web开发者工具\dll;F:\TortoiseGit\bin;F:\RabbitMQ\Erlang\erl-24.3.3\bin;F:\RabbitMQ\rabbitmq_server-3.10.10\sbin;D:\maven\apache-maven-3.9.11\bin;F:\微信开发工具1\微信web开发者工具\dll;F:\xshell\;F:\xftp\;F:\mongodb\mongodb-win32-x86_64-windows-8.0.3\bin;;F:\微信开发工具2\微信web开发者工具\dll;F:\anaconda;F:\anaconda\Library\mingw-w64\bin;F:\anaconda\Library\usr\bin;F:\anaconda\Library\bin;F:\anaconda\Scripts;C:\Program Files\MySQL\MySQL Shell 8.0\bin\;D:\python-3.8.0\Scripts\;D:\python-3.8.0\;D:\python-3.11.3\Scripts\;D:\python-3.11.3\;C:\Users\Administrator\AppData\Local\Microsoft\WindowsApps;C:\Users\Administrator\.dotnet\tools;D:\mysql\MySQL\mysql-8.0.23-winx64\bin;D:\node.js16.20.2\node_global;C:\Users\Administrator\AppData\Roaming\npm;D:\maven\apache-maven-3.9.11\bin;;E:\pycharm\PyCharm 2024.2.4\bin;
USERNAME=Administrator
OS=Windows_NT
PROCESSOR_IDENTIFIER=Intel64 Family 6 Model 126 Stepping 5, GenuineIntel



---------------  S Y S T E M  ---------------

OS:
 Windows 10 , 64 bit Build 19041 (10.0.19041.5915)
OS uptime: 1 days 3:49 hours

CPU: total 8 (initial active 8) (4 cores per cpu, 2 threads per core) family 6 model 126 stepping 5 microcode 0xc2, cx8, cmov, fxsr, ht, mmx, 3dnowpref, sse, sse2, sse3, ssse3, sse4.1, sse4.2, popcnt, lzcnt, tsc, tscinvbit, avx, avx2, aes, erms, clmul, bmi1, bmi2, adx, avx512f, avx512dq, avx512cd, avx512bw, avx512vl, sha, fma, vzeroupper, avx512_vpopcntdq, avx512_vpclmulqdq, avx512_vaes, avx512_vnni, clflush, clflushopt, avx512_vbmi2, avx512_vbmi

Memory: 4k page, system-wide physical 7959M (106M free)
TotalPageFile size 20748M (AvailPageFile size 260M)
current process WorkingSet (physical memory assigned to process): 428M, peak: 447M
current process commit charge ("private bytes"): 478M, peak: 842M

vm_info: Java HotSpot(TM) 64-Bit Server VM (17.0.12+8-LTS-286) for windows-amd64 JRE (17.0.12+8-LTS-286), built on Jun  5 2024 06:46:59 by "mach5one" with MS VC++ 17.6 (VS2022)

END.
