#
# There is insufficient memory for the Java Runtime Environment to continue.
# Native memory allocation (mmap) failed to map 266338304 bytes for G1 virtual space
# Possible reasons:
#   The system is out of physical RAM or swap space
#   The process is running with CompressedOops enabled, and the Java Heap may be blocking the growth of the native heap
# Possible solutions:
#   Reduce memory load on the system
#   Increase physical memory or swap space
#   Check if swap backing store is full
#   Decrease Java heap size (-Xmx/-Xms)
#   Decrease number of Java threads
#   Decrease Java thread stack sizes (-Xss)
#   Set larger code cache with -XX:ReservedCodeCacheSize=
#   JVM is running with Unscaled Compressed Oops mode in which the Java heap is
#     placed in the first 4GB address space. The Java Heap base address is the
#     maximum limit for the native heap growth. Please use -XX:HeapBaseMinAddress
#     to set the Java Heap base and to place the Java Heap above 4GB virtual address.
# This output file may be truncated or incomplete.
#
#  Out of Memory Error (os_windows.cpp:3548), pid=16072, tid=12936
#
# JRE version: Java(TM) SE Runtime Environment (17.0.12+8) (build 17.0.12+8-LTS-286)
# Java VM: Java HotSpot(TM) 64-Bit Server VM (17.0.12+8-LTS-286, mixed mode, emulated-client, sharing, tiered, compressed oops, compressed class ptrs, g1 gc, windows-amd64)
# No core dump will be written. Minidumps are not enabled by default on client versions of Windows
#

---------------  S U M M A R Y ------------

Command Line: -agentlib:jdwp=transport=dt_socket,address=127.0.0.1:61438,suspend=y,server=n -XX:TieredStopAtLevel=1 -Dspring.output.ansi.enabled=always -Dcom.sun.management.jmxremote -Dspring.jmx.enabled=true -Dspring.liveBeansView.mbeanDomain -Dspring.application.admin.enabled=true -Dmanagement.endpoints.jmx.exposure.include=* -javaagent:C:\Users\Administrator\AppData\Local\JetBrains\IntelliJIdea2024.2\captureAgent\debugger-agent.jar=file:/C:/Users/Administrator/AppData/Local/Temp/capture.props -Dkotlinx.coroutines.debug.enable.creation.stack.trace=false -Ddebugger.agent.enable.coroutines=true -Dfile.encoding=UTF-8 com.daijia.customer.WebCustomerApplication

Host: Intel(R) Core(TM) i5-1035G1 CPU @ 1.00GHz, 8 cores, 7G,  Windows 10 , 64 bit Build 19041 (10.0.19041.5915)
Time: Wed Feb 18 16:31:21 2026  Windows 10 , 64 bit Build 19041 (10.0.19041.5915) elapsed time: 21.653345 seconds (0d 0h 0m 21s)

---------------  T H R E A D  ---------------

Current thread (0x000002720942f600):  VMThread "VM Thread" [stack: 0x000000988d800000,0x000000988d900000] [id=12936]

Stack: [0x000000988d800000,0x000000988d900000]
Native frames: (J=compiled Java code, j=interpreted, Vv=VM code, C=native code)
V  [jvm.dll+0x67a04a]
V  [jvm.dll+0x7da4ed]
V  [jvm.dll+0x7dbe33]
V  [jvm.dll+0x7dc4a3]
V  [jvm.dll+0x24508f]
V  [jvm.dll+0x677089]
V  [jvm.dll+0x66bd32]
V  [jvm.dll+0x301fa6]
V  [jvm.dll+0x309546]
V  [jvm.dll+0x359d2e]
V  [jvm.dll+0x359f5f]
V  [jvm.dll+0x2d9078]
V  [jvm.dll+0x2d74ad]
V  [jvm.dll+0x2d6afc]
V  [jvm.dll+0x31a65b]
V  [jvm.dll+0x7e0d9b]
V  [jvm.dll+0x7e1ad4]
V  [jvm.dll+0x7e1fed]
V  [jvm.dll+0x7e23c4]
V  [jvm.dll+0x7e2490]
V  [jvm.dll+0x78abea]
V  [jvm.dll+0x678f35]
C  [ucrtbase.dll+0x21bb2]
C  [KERNEL32.DLL+0x17374]
C  [ntdll.dll+0x4cc91]

VM_Operation (0x000000988d2f8260): G1CollectForAllocation, mode: safepoint, requested by thread 0x0000027276aadc50


---------------  P R O C E S S  ---------------

Threads class SMR info:
_java_thread_list=0x000002725162eca0, length=92, elements={
0x0000027276aadc50, 0x00000272094376b0, 0x0000027209437b90, 0x0000027209450aa0,
0x0000027209450f80, 0x0000027209451830, 0x00000272094540f0, 0x0000027209463a00,
0x000002720946bf30, 0x0000027209421760, 0x00000272096da3e0, 0x00000272096f3e00,
0x00000272096f6300, 0x0000027209756740, 0x000002724f6fb210, 0x000002724f836010,
0x000002724fb9c6f0, 0x000002724ff77070, 0x000002725002b920, 0x000002725002be00,
0x0000027250053b80, 0x0000027250053670, 0x0000027250054090, 0x00000272500545a0,
0x0000027250052c50, 0x00000272502f3d20, 0x00000272502f6fc0, 0x00000272502f23d0,
0x00000272502f74d0, 0x00000272502f5670, 0x00000272502f4740, 0x00000272502f4230,
0x00000272502f5b80, 0x00000272502f6090, 0x00000272502f19b0, 0x00000272502f3300,
0x00000272502f1ec0, 0x00000272502f3810, 0x00000272502f65a0, 0x00000272502f6ab0,
0x00000272513dbe10, 0x00000272516680b0, 0x00000272516694f0, 0x0000027251662fb0,
0x0000027251667ba0, 0x0000027251666760, 0x00000272516685c0, 0x0000027251667690,
0x0000027251668fe0, 0x0000027251666c70, 0x0000027251667180, 0x00000272516643f0,
0x0000027251662080, 0x0000027251669a00, 0x0000027251662590, 0x0000027251662aa0,
0x00000272516634c0, 0x00000272516639d0, 0x0000027251663ee0, 0x0000027251665830,
0x0000027251665320, 0x0000027251664900, 0x0000027251664e10, 0x0000027251665d40,
0x0000027251666250, 0x00000272513dc830, 0x00000272513db3f0, 0x00000272513dc320,
0x00000272513da9d0, 0x00000272513db900, 0x00000272513d9aa0, 0x00000272513daee0,
0x00000272513d9080, 0x00000272513d9590, 0x00000272513d9fb0, 0x00000272513da4c0,
0x0000027250053160, 0x0000027251b216f0, 0x0000027251b262e0, 0x0000027251b267f0,
0x0000027251b211e0, 0x0000027251b23550, 0x0000027251b22620, 0x0000027251b23a60,
0x0000027251b24ea0, 0x0000027251b207c0, 0x0000027251b23f70, 0x0000027251b24480,
0x0000027251b258c0, 0x0000027251b26d00, 0x0000027251b21c00, 0x0000027251b27210
}

Java Threads: ( => current thread )
  0x0000027276aadc50 JavaThread "main" [_thread_blocked, id=9576, stack(0x000000988d200000,0x000000988d300000)]
  0x00000272094376b0 JavaThread "Reference Handler" daemon [_thread_blocked, id=2824, stack(0x000000988d900000,0x000000988da00000)]
  0x0000027209437b90 JavaThread "Finalizer" daemon [_thread_blocked, id=13624, stack(0x000000988da00000,0x000000988db00000)]
  0x0000027209450aa0 JavaThread "Signal Dispatcher" daemon [_thread_blocked, id=7916, stack(0x000000988db00000,0x000000988dc00000)]
  0x0000027209450f80 JavaThread "Attach Listener" daemon [_thread_blocked, id=8376, stack(0x000000988dc00000,0x000000988dd00000)]
  0x0000027209451830 JavaThread "Service Thread" daemon [_thread_blocked, id=14208, stack(0x000000988dd00000,0x000000988de00000)]
  0x00000272094540f0 JavaThread "Monitor Deflation Thread" daemon [_thread_blocked, id=4472, stack(0x000000988de00000,0x000000988df00000)]
  0x0000027209463a00 JavaThread "C1 CompilerThread0" daemon [_thread_blocked, id=20052, stack(0x000000988df00000,0x000000988e000000)]
  0x000002720946bf30 JavaThread "Sweeper thread" daemon [_thread_blocked, id=14056, stack(0x000000988e000000,0x000000988e100000)]
  0x0000027209421760 JavaThread "Common-Cleaner" daemon [_thread_blocked, id=14992, stack(0x000000988e100000,0x000000988e200000)]
  0x00000272096da3e0 JavaThread "JDWP Transport Listener: dt_socket" daemon [_thread_blocked, id=14512, stack(0x000000988e300000,0x000000988e400000)]
  0x00000272096f3e00 JavaThread "JDWP Event Helper Thread" daemon [_thread_blocked, id=12544, stack(0x000000988e400000,0x000000988e500000)]
  0x00000272096f6300 JavaThread "JDWP Command Reader" daemon [_thread_in_native, id=8384, stack(0x000000988e500000,0x000000988e600000)]
  0x0000027209756740 JavaThread "C1 CompilerThread1" daemon [_thread_blocked, id=3248, stack(0x000000988e200000,0x000000988e300000)]
  0x000002724f6fb210 JavaThread "Notification Thread" daemon [_thread_blocked, id=19612, stack(0x000000988e600000,0x000000988e700000)]
  0x000002724f836010 JavaThread "RMI TCP Accept-0" daemon [_thread_in_native, id=3828, stack(0x000000988e700000,0x000000988e800000)]
  0x000002724fb9c6f0 JavaThread "com.alibaba.nacos.client.auth.ram.identify.watcher.0" daemon [_thread_blocked, id=17260, stack(0x000000988f300000,0x000000988f400000)]
  0x000002724ff77070 JavaThread "com.alibaba.nacos.client.Worker.0" daemon [_thread_blocked, id=9372, stack(0x000000988f200000,0x000000988f300000)]
  0x000002725002b920 JavaThread "com.alibaba.nacos.client.Worker.2" daemon [_thread_blocked, id=13120, stack(0x000000988f400000,0x000000988f500000)]
  0x000002725002be00 JavaThread "com.alibaba.nacos.client.Worker.1" daemon [_thread_blocked, id=7344, stack(0x000000988f500000,0x000000988f600000)]
  0x0000027250053b80 JavaThread "RMI TCP Connection(1)-192.168.40.3" daemon [_thread_in_native, id=18776, stack(0x000000988f700000,0x000000988f800000)]
  0x0000027250053670 JavaThread "RMI Scheduler(0)" daemon [_thread_blocked, id=11332, stack(0x000000988f800000,0x000000988f900000)]
  0x0000027250054090 JavaThread "nacos.publisher-com.alibaba.nacos.common.notify.SlowEvent" daemon [_thread_blocked, id=13764, stack(0x000000988fa00000,0x000000988fb00000)]
  0x00000272500545a0 JavaThread "com.alibaba.nacos.client.remote.worker.0" daemon [_thread_blocked, id=9908, stack(0x000000988fb00000,0x000000988fc00000)]
  0x0000027250052c50 JavaThread "com.alibaba.nacos.client.remote.worker.1" daemon [_thread_blocked, id=17700, stack(0x000000988fc00000,0x000000988fd00000)]
  0x00000272502f3d20 JavaThread "grpc-nio-worker-ELG-1-1" daemon [_thread_in_native, id=19432, stack(0x000000988fd00000,0x000000988fe00000)]
  0x00000272502f6fc0 JavaThread "grpc-default-executor-0" daemon [_thread_blocked, id=13520, stack(0x000000988ff00000,0x0000009890000000)]
  0x00000272502f23d0 JavaThread "nacos-grpc-client-executor-192.168.101.12-1" daemon [_thread_blocked, id=17220, stack(0x0000009890000000,0x0000009890100000)]
  0x00000272502f74d0 JavaThread "grpc-nio-worker-ELG-1-2" daemon [_thread_in_native, id=14568, stack(0x0000009890100000,0x0000009890200000)]
  0x00000272502f5670 JavaThread "nacos.publisher-com.alibaba.nacos.common.ability.AbstractAbilityControlManager$AbilityUpdateEvent" daemon [_thread_blocked, id=8828, stack(0x0000009890800000,0x0000009890900000)]
  0x00000272502f4740 JavaThread "nacos-grpc-client-executor-192.168.101.12-11" daemon [_thread_blocked, id=2384, stack(0x0000009890d00000,0x0000009890e00000)]
  0x00000272502f4230 JavaThread "nacos-grpc-client-executor-192.168.101.12-12" daemon [_thread_blocked, id=20252, stack(0x0000009890e00000,0x0000009890f00000)]
  0x00000272502f5b80 JavaThread "nacos-grpc-client-executor-192.168.101.12-13" daemon [_thread_blocked, id=7356, stack(0x0000009890f00000,0x0000009891000000)]
  0x00000272502f6090 JavaThread "nacos-grpc-client-executor-192.168.101.12-14" daemon [_thread_blocked, id=2648, stack(0x0000009891000000,0x0000009891100000)]
  0x00000272502f19b0 JavaThread "com.alibaba.nacos.client.Worker.3" daemon [_thread_blocked, id=1212, stack(0x0000009891200000,0x0000009891300000)]
  0x00000272502f3300 JavaThread "Thread-8" daemon [_thread_in_native, id=8508, stack(0x0000009891100000,0x0000009891200000)]
  0x00000272502f1ec0 JavaThread "lettuce-eventExecutorLoop-1-1" daemon [_thread_blocked, id=19692, stack(0x0000009891300000,0x0000009891400000)]
  0x00000272502f3810 JavaThread "lettuce-timer-3-1" daemon [_thread_blocked, id=18288, stack(0x0000009891400000,0x0000009891500000)]
  0x00000272502f65a0 JavaThread "Catalina-utility-1" [_thread_blocked, id=17844, stack(0x0000009891500000,0x0000009891600000)]
  0x00000272502f6ab0 JavaThread "Catalina-utility-2" [_thread_blocked, id=14332, stack(0x0000009891600000,0x0000009891700000)]
  0x00000272513dbe10 JavaThread "container-0" [_thread_blocked, id=1920, stack(0x0000009891700000,0x0000009891800000)]
  0x00000272516680b0 JavaThread "com.alibaba.nacos.client.Worker.4" daemon [_thread_blocked, id=12336, stack(0x0000009892500000,0x0000009892600000)]
  0x00000272516694f0 JavaThread "redisson-netty-4-1" [_thread_in_native, id=13372, stack(0x000000988f100000,0x000000988f200000)]
  0x0000027251662fb0 JavaThread "nacos-grpc-client-executor-192.168.101.12-15" daemon [_thread_blocked, id=11336, stack(0x000000988f600000,0x000000988f700000)]
  0x0000027251667ba0 JavaThread "redisson-netty-4-2" [_thread_in_native, id=2188, stack(0x0000009891800000,0x0000009891900000)]
  0x0000027251666760 JavaThread "redisson-netty-4-3" [_thread_in_native, id=20168, stack(0x0000009891900000,0x0000009891a00000)]
  0x00000272516685c0 JavaThread "redisson-netty-4-4" [_thread_in_native, id=7864, stack(0x0000009891a00000,0x0000009891b00000)]
  0x0000027251667690 JavaThread "redisson-timer-6-1" [_thread_blocked, id=4076, stack(0x0000009891b00000,0x0000009891c00000)]
  0x0000027251668fe0 JavaThread "redisson-netty-4-5" [_thread_in_native, id=13620, stack(0x0000009891c00000,0x0000009891d00000)]
  0x0000027251666c70 JavaThread "redisson-netty-4-6" [_thread_in_native, id=17028, stack(0x0000009891d00000,0x0000009891e00000)]
  0x0000027251667180 JavaThread "redisson-netty-4-7" [_thread_in_native, id=17768, stack(0x0000009891e00000,0x0000009891f00000)]
  0x00000272516643f0 JavaThread "redisson-5-1" [_thread_blocked, id=17800, stack(0x0000009891f00000,0x0000009892000000)]
  0x0000027251662080 JavaThread "redisson-netty-4-8" [_thread_in_native, id=4148, stack(0x0000009892000000,0x0000009892100000)]
  0x0000027251669a00 JavaThread "redisson-netty-4-9" [_thread_in_native, id=20728, stack(0x0000009892100000,0x0000009892200000)]
  0x0000027251662590 JavaThread "redisson-5-2" [_thread_blocked, id=20988, stack(0x0000009892200000,0x0000009892300000)]
  0x0000027251662aa0 JavaThread "redisson-netty-4-10" [_thread_in_native, id=16228, stack(0x0000009892300000,0x0000009892400000)]
  0x00000272516634c0 JavaThread "redisson-netty-4-11" [_thread_in_native, id=11452, stack(0x0000009892400000,0x0000009892500000)]
  0x00000272516639d0 JavaThread "redisson-5-3" [_thread_blocked, id=15724, stack(0x0000009892600000,0x0000009892700000)]
  0x0000027251663ee0 JavaThread "redisson-netty-4-12" [_thread_in_native, id=20768, stack(0x0000009892700000,0x0000009892800000)]
  0x0000027251665830 JavaThread "redisson-netty-4-13" [_thread_in_native, id=14652, stack(0x0000009892800000,0x0000009892900000)]
  0x0000027251665320 JavaThread "redisson-5-4" [_thread_blocked, id=21292, stack(0x0000009892900000,0x0000009892a00000)]
  0x0000027251664900 JavaThread "redisson-netty-4-14" [_thread_in_native, id=9116, stack(0x0000009892a00000,0x0000009892b00000)]
  0x0000027251664e10 JavaThread "redisson-netty-4-15" [_thread_in_native, id=3144, stack(0x0000009892b00000,0x0000009892c00000)]
  0x0000027251665d40 JavaThread "redisson-5-5" [_thread_blocked, id=3536, stack(0x0000009892c00000,0x0000009892d00000)]
  0x0000027251666250 JavaThread "redisson-netty-4-16" [_thread_in_native, id=20712, stack(0x0000009892d00000,0x0000009892e00000)]
  0x00000272513dc830 JavaThread "redisson-netty-4-17" [_thread_in_native, id=17444, stack(0x0000009892e00000,0x0000009892f00000)]
  0x00000272513db3f0 JavaThread "redisson-5-6" [_thread_blocked, id=18072, stack(0x0000009892f00000,0x0000009893000000)]
  0x00000272513dc320 JavaThread "redisson-netty-4-18" [_thread_in_native, id=4104, stack(0x0000009893000000,0x0000009893100000)]
  0x00000272513da9d0 JavaThread "redisson-netty-4-19" [_thread_in_native, id=9420, stack(0x0000009893100000,0x0000009893200000)]
  0x00000272513db900 JavaThread "redisson-5-7" [_thread_blocked, id=20076, stack(0x0000009893200000,0x0000009893300000)]
  0x00000272513d9aa0 JavaThread "redisson-netty-4-20" [_thread_in_native, id=11292, stack(0x0000009893300000,0x0000009893400000)]
  0x00000272513daee0 JavaThread "redisson-netty-4-21" [_thread_in_native, id=20720, stack(0x0000009893400000,0x0000009893500000)]
  0x00000272513d9080 JavaThread "redisson-5-8" [_thread_blocked, id=1244, stack(0x0000009893500000,0x0000009893600000)]
  0x00000272513d9590 JavaThread "redisson-netty-4-22" [_thread_in_native, id=21160, stack(0x0000009893600000,0x0000009893700000)]
  0x00000272513d9fb0 JavaThread "redisson-netty-4-23" [_thread_in_native, id=16380, stack(0x0000009893700000,0x0000009893800000)]
  0x00000272513da4c0 JavaThread "redisson-5-9" [_thread_blocked, id=8840, stack(0x0000009893800000,0x0000009893900000)]
  0x0000027250053160 JavaThread "redisson-netty-4-24" [_thread_in_native, id=13900, stack(0x0000009893900000,0x0000009893a00000)]
  0x0000027251b216f0 JavaThread "redisson-netty-4-25" [_thread_in_native, id=15944, stack(0x0000009893a00000,0x0000009893b00000)]
  0x0000027251b262e0 JavaThread "redisson-5-10" [_thread_blocked, id=18548, stack(0x0000009893b00000,0x0000009893c00000)]
  0x0000027251b267f0 JavaThread "redisson-netty-4-26" [_thread_in_native, id=1464, stack(0x0000009893c00000,0x0000009893d00000)]
  0x0000027251b211e0 JavaThread "redisson-netty-4-27" [_thread_in_native, id=18480, stack(0x0000009893d00000,0x0000009893e00000)]
  0x0000027251b23550 JavaThread "redisson-5-11" [_thread_blocked, id=20072, stack(0x0000009893e00000,0x0000009893f00000)]
  0x0000027251b22620 JavaThread "redisson-netty-4-28" [_thread_in_native, id=21144, stack(0x0000009893f00000,0x0000009894000000)]
  0x0000027251b23a60 JavaThread "redisson-netty-4-29" [_thread_in_native, id=3732, stack(0x0000009894000000,0x0000009894100000)]
  0x0000027251b24ea0 JavaThread "redisson-5-12" [_thread_blocked, id=11580, stack(0x0000009894100000,0x0000009894200000)]
  0x0000027251b207c0 JavaThread "redisson-netty-4-30" [_thread_in_native, id=2532, stack(0x0000009894200000,0x0000009894300000)]
  0x0000027251b23f70 JavaThread "redisson-netty-4-31" [_thread_in_native, id=14896, stack(0x0000009894300000,0x0000009894400000)]
  0x0000027251b24480 JavaThread "redisson-5-13" [_thread_blocked, id=14204, stack(0x0000009894400000,0x0000009894500000)]
  0x0000027251b258c0 JavaThread "redisson-netty-4-32" [_thread_in_native, id=9084, stack(0x0000009894500000,0x0000009894600000)]
  0x0000027251b26d00 JavaThread "redisson-5-14" [_thread_blocked, id=12412, stack(0x000000988fe00000,0x000000988ff00000)]
  0x0000027251b21c00 JavaThread "redisson-5-15" [_thread_blocked, id=20292, stack(0x0000009890300000,0x0000009890400000)]
  0x0000027251b27210 JavaThread "redisson-5-16" [_thread_blocked, id=18836, stack(0x0000009890400000,0x0000009890500000)]

Other Threads:
=>0x000002720942f600 VMThread "VM Thread" [stack: 0x000000988d800000,0x000000988d900000] [id=12936]
  0x0000027276b2c7f0 WatcherThread [stack: 0x000000988e800000,0x000000988e900000] [id=15128]
  0x0000027276b090b0 GCTaskThread "GC Thread#0" [stack: 0x000000988d300000,0x000000988d400000] [id=14264]
  0x000002724f4941e0 GCTaskThread "GC Thread#1" [stack: 0x000000988e900000,0x000000988ea00000] [id=15332]
  0x000002724f83a170 GCTaskThread "GC Thread#2" [stack: 0x000000988ea00000,0x000000988eb00000] [id=13952]
  0x000002724f8951e0 GCTaskThread "GC Thread#3" [stack: 0x000000988eb00000,0x000000988ec00000] [id=10100]
  0x000002724f8958b0 GCTaskThread "GC Thread#4" [stack: 0x000000988ec00000,0x000000988ed00000] [id=16972]
  0x000002724f89c7b0 GCTaskThread "GC Thread#5" [stack: 0x000000988ed00000,0x000000988ee00000] [id=10368]
  0x000002724f89ca70 GCTaskThread "GC Thread#6" [stack: 0x000000988ee00000,0x000000988ef00000] [id=19124]
  0x000002724f89cd30 GCTaskThread "GC Thread#7" [stack: 0x000000988ef00000,0x000000988f000000] [id=20756]
  0x0000027276b1a6e0 ConcurrentGCThread "G1 Main Marker" [stack: 0x000000988d400000,0x000000988d500000] [id=16060]
  0x0000027276b1b6a0 ConcurrentGCThread "G1 Conc#0" [stack: 0x000000988d500000,0x000000988d600000] [id=18500]
  0x000002720963b540 ConcurrentGCThread "G1 Conc#1" [stack: 0x000000988f900000,0x000000988fa00000] [id=20184]
  0x00000272092e5640 ConcurrentGCThread "G1 Refine#0" [stack: 0x000000988d600000,0x000000988d700000] [id=19440]
  0x000002724f7fec70 ConcurrentGCThread "G1 Refine#1" [stack: 0x000000988f000000,0x000000988f100000] [id=1848]
  0x00000272092e7d40 ConcurrentGCThread "G1 Service" [stack: 0x000000988d700000,0x000000988d800000] [id=8600]

Threads with active compile tasks:

VM state: at safepoint (normal execution)

VM Mutex/Monitor currently owned by a thread:  ([mutex/lock_event])
[0x0000027276aa96b0] Threads_lock - owner thread: 0x000002720942f600
[0x0000027276aa8b70] Heap_lock - owner thread: 0x0000027276aadc50

Heap address: 0x0000000083a00000, size: 1990 MB, Compressed Oops mode: 32-bit

CDS archive(s) mapped at: [0x000002720a000000-0x000002720abd0000-0x000002720abd0000), size 12386304, SharedBaseAddress: 0x000002720a000000, ArchiveRelocationMode: 1.
Compressed class space mapped at: 0x000002720b000000-0x000002724b000000, reserved size: 1073741824
Narrow klass base: 0x000002720a000000, Narrow klass shift: 0, Narrow klass range: 0x100000000

GC Precious Log:
 CPUs: 8 total, 8 available
 Memory: 7959M
 Large Page Support: Disabled
 NUMA Support: Disabled
 Compressed Oops: Enabled (32-bit)
 Heap Region Size: 1M
 Heap Min Capacity: 8M
 Heap Initial Capacity: 126M
 Heap Max Capacity: 1990M
 Pre-touch: Disabled
 Parallel Workers: 8
 Concurrent Workers: 2
 Concurrent Refinement Workers: 8
 Periodic GC: Disabled

Heap:
 garbage-first heap   total 201728K, used 110110K [0x0000000083a00000, 0x0000000100000000)
  region size 1024K, 7 young (7168K), 7 survivors (7168K)
 Metaspace       used 66033K, committed 66560K, reserved 1114112K
  class space    used 8851K, committed 9088K, reserved 1048576K

Heap Regions: E=young(eden), S=young(survivor), O=old, HS=humongous(starts), HC=humongous(continues), CS=collection set, F=free, OA=open archive, CA=closed archive, TAMS=top-at-mark-start (previous, next)
|   0|0x0000000083a00000, 0x0000000083b00000, 0x0000000083b00000|100%|HS|  |TAMS 0x0000000083b00000, 0x0000000083b00000| Complete 
|   1|0x0000000083b00000, 0x0000000083c00000, 0x0000000083c00000|100%| O|  |TAMS 0x0000000083c00000, 0x0000000083c00000| Untracked 
|   2|0x0000000083c00000, 0x0000000083d00000, 0x0000000083d00000|100%|HS|  |TAMS 0x0000000083d00000, 0x0000000083d00000| Complete 
|   3|0x0000000083d00000, 0x0000000083e00000, 0x0000000083e00000|100%| O|  |TAMS 0x0000000083e00000, 0x0000000083e00000| Untracked 
|   4|0x0000000083e00000, 0x0000000083f00000, 0x0000000083f00000|100%| O|  |TAMS 0x0000000083f00000, 0x0000000083f00000| Untracked 
|   5|0x0000000083f00000, 0x0000000084000000, 0x0000000084000000|100%| O|  |TAMS 0x0000000084000000, 0x0000000084000000| Untracked 
|   6|0x0000000084000000, 0x0000000084100000, 0x0000000084100000|100%| O|  |TAMS 0x0000000084100000, 0x0000000084100000| Untracked 
|   7|0x0000000084100000, 0x0000000084200000, 0x0000000084200000|100%| O|  |TAMS 0x0000000084200000, 0x0000000084200000| Untracked 
|   8|0x0000000084200000, 0x0000000084300000, 0x0000000084300000|100%| O|  |TAMS 0x0000000084300000, 0x0000000084300000| Untracked 
|   9|0x0000000084300000, 0x0000000084400000, 0x0000000084400000|100%| O|  |TAMS 0x0000000084400000, 0x0000000084400000| Untracked 
|  10|0x0000000084400000, 0x00000000844d8a00, 0x0000000084500000| 84%| O|  |TAMS 0x00000000844d8a00, 0x00000000844d8a00| Untracked 
|  11|0x0000000084500000, 0x0000000084600000, 0x0000000084600000|100%| O|  |TAMS 0x0000000084600000, 0x0000000084600000| Untracked 
|  12|0x0000000084600000, 0x0000000084700000, 0x0000000084700000|100%| O|  |TAMS 0x0000000084700000, 0x0000000084700000| Untracked 
|  13|0x0000000084700000, 0x0000000084800000, 0x0000000084800000|100%| O|  |TAMS 0x0000000084800000, 0x0000000084800000| Untracked 
|  14|0x0000000084800000, 0x0000000084900000, 0x0000000084900000|100%| O|  |TAMS 0x0000000084900000, 0x0000000084900000| Untracked 
|  15|0x0000000084900000, 0x0000000084a00000, 0x0000000084a00000|100%| O|  |TAMS 0x0000000084a00000, 0x0000000084a00000| Untracked 
|  16|0x0000000084a00000, 0x0000000084b00000, 0x0000000084b00000|100%| O|  |TAMS 0x0000000084b00000, 0x0000000084b00000| Untracked 
|  17|0x0000000084b00000, 0x0000000084c00000, 0x0000000084c00000|100%| O|  |TAMS 0x0000000084c00000, 0x0000000084c00000| Untracked 
|  18|0x0000000084c00000, 0x0000000084d00000, 0x0000000084d00000|100%| O|  |TAMS 0x0000000084c00000, 0x0000000084c00000| Untracked 
|  19|0x0000000084d00000, 0x0000000084e00000, 0x0000000084e00000|100%| O|  |TAMS 0x0000000084e00000, 0x0000000084e00000| Untracked 
|  20|0x0000000084e00000, 0x0000000084f00000, 0x0000000084f00000|100%| O|  |TAMS 0x0000000084f00000, 0x0000000084f00000| Untracked 
|  21|0x0000000084f00000, 0x0000000085000000, 0x0000000085000000|100%| O|  |TAMS 0x0000000085000000, 0x0000000085000000| Untracked 
|  22|0x0000000085000000, 0x0000000085100000, 0x0000000085100000|100%| O|  |TAMS 0x0000000085100000, 0x0000000085100000| Untracked 
|  23|0x0000000085100000, 0x0000000085200000, 0x0000000085200000|100%| O|  |TAMS 0x0000000085200000, 0x0000000085200000| Untracked 
|  24|0x0000000085200000, 0x0000000085300000, 0x0000000085300000|100%| O|  |TAMS 0x0000000085300000, 0x0000000085300000| Untracked 
|  25|0x0000000085300000, 0x0000000085400000, 0x0000000085400000|100%| O|  |TAMS 0x0000000085300000, 0x0000000085400000| Untracked 
|  26|0x0000000085400000, 0x0000000085500000, 0x0000000085500000|100%| O|  |TAMS 0x0000000085500000, 0x0000000085500000| Untracked 
|  27|0x0000000085500000, 0x0000000085600000, 0x0000000085600000|100%| O|  |TAMS 0x0000000085600000, 0x0000000085600000| Untracked 
|  28|0x0000000085600000, 0x0000000085700000, 0x0000000085700000|100%| O|  |TAMS 0x0000000085700000, 0x0000000085700000| Untracked 
|  29|0x0000000085700000, 0x0000000085800000, 0x0000000085800000|100%| O|  |TAMS 0x0000000085800000, 0x0000000085800000| Untracked 
|  30|0x0000000085800000, 0x0000000085900000, 0x0000000085900000|100%| O|  |TAMS 0x0000000085900000, 0x0000000085900000| Untracked 
|  31|0x0000000085900000, 0x0000000085a00000, 0x0000000085a00000|100%| O|  |TAMS 0x0000000085a00000, 0x0000000085a00000| Untracked 
|  32|0x0000000085a00000, 0x0000000085b00000, 0x0000000085b00000|100%| O|  |TAMS 0x0000000085b00000, 0x0000000085b00000| Untracked 
|  33|0x0000000085b00000, 0x0000000085c00000, 0x0000000085c00000|100%| O|  |TAMS 0x0000000085c00000, 0x0000000085c00000| Untracked 
|  34|0x0000000085c00000, 0x0000000085d00000, 0x0000000085d00000|100%| O|  |TAMS 0x0000000085d00000, 0x0000000085d00000| Untracked 
|  35|0x0000000085d00000, 0x0000000085e00000, 0x0000000085e00000|100%| O|  |TAMS 0x0000000085e00000, 0x0000000085e00000| Untracked 
|  36|0x0000000085e00000, 0x0000000085f00000, 0x0000000085f00000|100%| O|  |TAMS 0x0000000085f00000, 0x0000000085f00000| Untracked 
|  37|0x0000000085f00000, 0x0000000086000000, 0x0000000086000000|100%| O|  |TAMS 0x0000000086000000, 0x0000000086000000| Untracked 
|  38|0x0000000086000000, 0x0000000086100000, 0x0000000086100000|100%| O|  |TAMS 0x0000000086100000, 0x0000000086100000| Untracked 
|  39|0x0000000086100000, 0x0000000086200000, 0x0000000086200000|100%| O|  |TAMS 0x0000000086100000, 0x0000000086200000| Untracked 
|  40|0x0000000086200000, 0x0000000086300000, 0x0000000086300000|100%| O|  |TAMS 0x0000000086200000, 0x0000000086300000| Untracked 
|  41|0x0000000086300000, 0x0000000086400000, 0x0000000086400000|100%| O|  |TAMS 0x0000000086300000, 0x0000000086400000| Untracked 
|  42|0x0000000086400000, 0x0000000086500000, 0x0000000086500000|100%| O|  |TAMS 0x0000000086400000, 0x0000000086500000| Untracked 
|  43|0x0000000086500000, 0x0000000086600000, 0x0000000086600000|100%| O|  |TAMS 0x0000000086600000, 0x0000000086600000| Untracked 
|  44|0x0000000086600000, 0x0000000086700000, 0x0000000086700000|100%| O|  |TAMS 0x0000000086700000, 0x0000000086700000| Untracked 
|  45|0x0000000086700000, 0x0000000086800000, 0x0000000086800000|100%| O|  |TAMS 0x00000000867d7600, 0x0000000086800000| Untracked 
|  46|0x0000000086800000, 0x0000000086900000, 0x0000000086900000|100%| O|  |TAMS 0x0000000086800000, 0x0000000086900000| Untracked 
|  47|0x0000000086900000, 0x0000000086a00000, 0x0000000086a00000|100%| O|  |TAMS 0x0000000086900000, 0x0000000086a00000| Untracked 
|  48|0x0000000086a00000, 0x0000000086b00000, 0x0000000086b00000|100%| O|  |TAMS 0x0000000086a00000, 0x0000000086b00000| Untracked 
|  49|0x0000000086b00000, 0x0000000086c00000, 0x0000000086c00000|100%| O|  |TAMS 0x0000000086b00000, 0x0000000086c00000| Untracked 
|  50|0x0000000086c00000, 0x0000000086d00000, 0x0000000086d00000|100%| O|  |TAMS 0x0000000086c00000, 0x0000000086d00000| Untracked 
|  51|0x0000000086d00000, 0x0000000086e00000, 0x0000000086e00000|100%| O|  |TAMS 0x0000000086d00000, 0x0000000086e00000| Untracked 
|  52|0x0000000086e00000, 0x0000000086f00000, 0x0000000086f00000|100%| O|  |TAMS 0x0000000086e00000, 0x0000000086f00000| Untracked 
|  53|0x0000000086f00000, 0x0000000087000000, 0x0000000087000000|100%| O|  |TAMS 0x0000000086f00000, 0x0000000087000000| Untracked 
|  54|0x0000000087000000, 0x0000000087100000, 0x0000000087100000|100%| O|  |TAMS 0x0000000087000000, 0x0000000087100000| Untracked 
|  55|0x0000000087100000, 0x0000000087200000, 0x0000000087200000|100%| O|  |TAMS 0x0000000087100000, 0x0000000087200000| Untracked 
|  56|0x0000000087200000, 0x0000000087300000, 0x0000000087300000|100%| O|  |TAMS 0x0000000087200000, 0x0000000087300000| Untracked 
|  57|0x0000000087300000, 0x0000000087400000, 0x0000000087400000|100%| O|  |TAMS 0x0000000087300000, 0x0000000087400000| Untracked 
|  58|0x0000000087400000, 0x0000000087500000, 0x0000000087500000|100%| O|  |TAMS 0x0000000087400000, 0x0000000087500000| Untracked 
|  59|0x0000000087500000, 0x0000000087600000, 0x0000000087600000|100%| O|  |TAMS 0x0000000087500000, 0x0000000087600000| Untracked 
|  60|0x0000000087600000, 0x0000000087700000, 0x0000000087700000|100%| O|  |TAMS 0x0000000087600000, 0x0000000087700000| Untracked 
|  61|0x0000000087700000, 0x0000000087800000, 0x0000000087800000|100%| O|  |TAMS 0x0000000087700000, 0x0000000087700000| Untracked 
|  62|0x0000000087800000, 0x0000000087900000, 0x0000000087900000|100%| O|  |TAMS 0x0000000087800000, 0x0000000087800000| Untracked 
|  63|0x0000000087900000, 0x0000000087a00000, 0x0000000087a00000|100%| O|  |TAMS 0x0000000087900000, 0x0000000087a00000| Untracked 
|  64|0x0000000087a00000, 0x0000000087b00000, 0x0000000087b00000|100%| O|  |TAMS 0x0000000087a00000, 0x0000000087b00000| Untracked 
|  65|0x0000000087b00000, 0x0000000087c00000, 0x0000000087c00000|100%| O|  |TAMS 0x0000000087b00000, 0x0000000087c00000| Untracked 
|  66|0x0000000087c00000, 0x0000000087d00000, 0x0000000087d00000|100%| O|  |TAMS 0x0000000087c00000, 0x0000000087d00000| Untracked 
|  67|0x0000000087d00000, 0x0000000087e00000, 0x0000000087e00000|100%| O|  |TAMS 0x0000000087d00000, 0x0000000087e00000| Untracked 
|  68|0x0000000087e00000, 0x0000000087f00000, 0x0000000087f00000|100%| O|  |TAMS 0x0000000087e00000, 0x0000000087f00000| Untracked 
|  69|0x0000000087f00000, 0x0000000088000000, 0x0000000088000000|100%| O|  |TAMS 0x0000000087f00000, 0x0000000088000000| Untracked 
|  70|0x0000000088000000, 0x0000000088100000, 0x0000000088100000|100%| O|  |TAMS 0x0000000088000000, 0x0000000088100000| Untracked 
|  71|0x0000000088100000, 0x0000000088200000, 0x0000000088200000|100%| O|  |TAMS 0x0000000088100000, 0x0000000088200000| Untracked 
|  72|0x0000000088200000, 0x0000000088300000, 0x0000000088300000|100%| O|  |TAMS 0x0000000088200000, 0x0000000088300000| Untracked 
|  73|0x0000000088300000, 0x0000000088400000, 0x0000000088400000|100%| O|  |TAMS 0x0000000088300000, 0x0000000088400000| Untracked 
|  74|0x0000000088400000, 0x0000000088500000, 0x0000000088500000|100%| O|  |TAMS 0x0000000088400000, 0x0000000088500000| Untracked 
|  75|0x0000000088500000, 0x0000000088600000, 0x0000000088600000|100%| O|  |TAMS 0x0000000088500000, 0x0000000088600000| Untracked 
|  76|0x0000000088600000, 0x0000000088700000, 0x0000000088700000|100%| O|  |TAMS 0x0000000088600000, 0x0000000088700000| Untracked 
|  77|0x0000000088700000, 0x0000000088800000, 0x0000000088800000|100%| O|  |TAMS 0x0000000088700000, 0x0000000088800000| Untracked 
|  78|0x0000000088800000, 0x0000000088900000, 0x0000000088900000|100%| O|  |TAMS 0x0000000088800000, 0x0000000088900000| Untracked 
|  79|0x0000000088900000, 0x0000000088a00000, 0x0000000088a00000|100%| O|  |TAMS 0x0000000088900000, 0x0000000088a00000| Untracked 
|  80|0x0000000088a00000, 0x0000000088b00000, 0x0000000088b00000|100%| O|  |TAMS 0x0000000088a00000, 0x0000000088b00000| Untracked 
|  81|0x0000000088b00000, 0x0000000088c00000, 0x0000000088c00000|100%| O|  |TAMS 0x0000000088b00000, 0x0000000088c00000| Untracked 
|  82|0x0000000088c00000, 0x0000000088d00000, 0x0000000088d00000|100%| O|  |TAMS 0x0000000088c00000, 0x0000000088d00000| Untracked 
|  83|0x0000000088d00000, 0x0000000088e00000, 0x0000000088e00000|100%| O|  |TAMS 0x0000000088d00000, 0x0000000088e00000| Untracked 
|  84|0x0000000088e00000, 0x0000000088f00000, 0x0000000088f00000|100%| O|  |TAMS 0x0000000088e00000, 0x0000000088e00000| Untracked 
|  85|0x0000000088f00000, 0x0000000089000000, 0x0000000089000000|100%| O|  |TAMS 0x0000000088f00000, 0x0000000088f00000| Untracked 
|  86|0x0000000089000000, 0x0000000089100000, 0x0000000089100000|100%| O|  |TAMS 0x0000000089000000, 0x0000000089100000| Untracked 
|  87|0x0000000089100000, 0x0000000089200000, 0x0000000089200000|100%| O|  |TAMS 0x0000000089100000, 0x0000000089200000| Untracked 
|  88|0x0000000089200000, 0x0000000089300000, 0x0000000089300000|100%| O|  |TAMS 0x0000000089200000, 0x0000000089300000| Untracked 
|  89|0x0000000089300000, 0x0000000089400000, 0x0000000089400000|100%| O|  |TAMS 0x0000000089300000, 0x0000000089400000| Untracked 
|  90|0x0000000089400000, 0x0000000089500000, 0x0000000089500000|100%| O|  |TAMS 0x0000000089400000, 0x0000000089500000| Untracked 
|  91|0x0000000089500000, 0x0000000089600000, 0x0000000089600000|100%| O|  |TAMS 0x0000000089500000, 0x0000000089600000| Untracked 
|  92|0x0000000089600000, 0x0000000089700000, 0x0000000089700000|100%| O|  |TAMS 0x0000000089600000, 0x0000000089700000| Untracked 
|  93|0x0000000089700000, 0x0000000089800000, 0x0000000089800000|100%| O|  |TAMS 0x0000000089700000, 0x0000000089800000| Untracked 
|  94|0x0000000089800000, 0x0000000089900000, 0x0000000089900000|100%| O|  |TAMS 0x0000000089800000, 0x0000000089900000| Untracked 
|  95|0x0000000089900000, 0x0000000089a00000, 0x0000000089a00000|100%| O|  |TAMS 0x0000000089900000, 0x0000000089a00000| Untracked 
|  96|0x0000000089a00000, 0x0000000089b00000, 0x0000000089b00000|100%| O|  |TAMS 0x0000000089a00000, 0x0000000089b00000| Untracked 
|  97|0x0000000089b00000, 0x0000000089c00000, 0x0000000089c00000|100%| O|  |TAMS 0x0000000089b00000, 0x0000000089b92200| Untracked 
|  98|0x0000000089c00000, 0x0000000089d00000, 0x0000000089d00000|100%| O|  |TAMS 0x0000000089c00000, 0x0000000089c00000| Untracked 
|  99|0x0000000089d00000, 0x0000000089e00000, 0x0000000089e00000|100%| O|  |TAMS 0x0000000089d00000, 0x0000000089d00000| Untracked 
| 100|0x0000000089e00000, 0x0000000089f00000, 0x0000000089f00000|100%| O|  |TAMS 0x0000000089e00000, 0x0000000089e00000| Untracked 
| 101|0x0000000089f00000, 0x0000000089f48400, 0x000000008a000000| 28%| O|  |TAMS 0x0000000089f00000, 0x0000000089f00000| Untracked 
| 102|0x000000008a000000, 0x000000008a000000, 0x000000008a100000|  0%| F|  |TAMS 0x000000008a000000, 0x000000008a000000| Untracked 
| 103|0x000000008a100000, 0x000000008a100000, 0x000000008a200000|  0%| F|  |TAMS 0x000000008a100000, 0x000000008a100000| Untracked 
| 104|0x000000008a200000, 0x000000008a200000, 0x000000008a300000|  0%| F|  |TAMS 0x000000008a200000, 0x000000008a200000| Untracked 
| 105|0x000000008a300000, 0x000000008a300000, 0x000000008a400000|  0%| F|  |TAMS 0x000000008a300000, 0x000000008a300000| Untracked 
| 106|0x000000008a400000, 0x000000008a400000, 0x000000008a500000|  0%| F|  |TAMS 0x000000008a400000, 0x000000008a400000| Untracked 
| 107|0x000000008a500000, 0x000000008a500000, 0x000000008a600000|  0%| F|  |TAMS 0x000000008a500000, 0x000000008a500000| Untracked 
| 108|0x000000008a600000, 0x000000008a600000, 0x000000008a700000|  0%| F|  |TAMS 0x000000008a600000, 0x000000008a600000| Untracked 
| 109|0x000000008a700000, 0x000000008a700000, 0x000000008a800000|  0%| F|  |TAMS 0x000000008a700000, 0x000000008a700000| Untracked 
| 110|0x000000008a800000, 0x000000008a800000, 0x000000008a900000|  0%| F|  |TAMS 0x000000008a800000, 0x000000008a800000| Untracked 
| 111|0x000000008a900000, 0x000000008a900000, 0x000000008aa00000|  0%| F|  |TAMS 0x000000008a900000, 0x000000008a900000| Untracked 
| 112|0x000000008aa00000, 0x000000008aa00000, 0x000000008ab00000|  0%| F|  |TAMS 0x000000008aa00000, 0x000000008aa00000| Untracked 
| 113|0x000000008ab00000, 0x000000008ab00000, 0x000000008ac00000|  0%| F|  |TAMS 0x000000008ab00000, 0x000000008ab00000| Untracked 
| 114|0x000000008ac00000, 0x000000008ac00000, 0x000000008ad00000|  0%| F|  |TAMS 0x000000008ac00000, 0x000000008ac00000| Untracked 
| 115|0x000000008ad00000, 0x000000008ad00000, 0x000000008ae00000|  0%| F|  |TAMS 0x000000008ad00000, 0x000000008ad00000| Untracked 
| 116|0x000000008ae00000, 0x000000008ae00000, 0x000000008af00000|  0%| F|  |TAMS 0x000000008ae00000, 0x000000008ae00000| Untracked 
| 117|0x000000008af00000, 0x000000008af00000, 0x000000008b000000|  0%| F|  |TAMS 0x000000008af00000, 0x000000008af00000| Untracked 
| 118|0x000000008b000000, 0x000000008b000000, 0x000000008b100000|  0%| F|  |TAMS 0x000000008b000000, 0x000000008b000000| Untracked 
| 119|0x000000008b100000, 0x000000008b100000, 0x000000008b200000|  0%| F|  |TAMS 0x000000008b100000, 0x000000008b100000| Untracked 
| 120|0x000000008b200000, 0x000000008b200000, 0x000000008b300000|  0%| F|  |TAMS 0x000000008b200000, 0x000000008b200000| Untracked 
| 121|0x000000008b300000, 0x000000008b300000, 0x000000008b400000|  0%| F|  |TAMS 0x000000008b300000, 0x000000008b300000| Untracked 
| 122|0x000000008b400000, 0x000000008b400000, 0x000000008b500000|  0%| F|  |TAMS 0x000000008b400000, 0x000000008b400000| Untracked 
| 123|0x000000008b500000, 0x000000008b500000, 0x000000008b600000|  0%| F|  |TAMS 0x000000008b500000, 0x000000008b500000| Untracked 
| 124|0x000000008b600000, 0x000000008b600000, 0x000000008b700000|  0%| F|  |TAMS 0x000000008b600000, 0x000000008b600000| Untracked 
| 125|0x000000008b700000, 0x000000008b700000, 0x000000008b800000|  0%| F|  |TAMS 0x000000008b700000, 0x000000008b700000| Untracked 
| 126|0x000000008b800000, 0x000000008b800000, 0x000000008b900000|  0%| F|  |TAMS 0x000000008b800000, 0x000000008b800000| Untracked 
| 127|0x000000008b900000, 0x000000008b900000, 0x000000008ba00000|  0%| F|  |TAMS 0x000000008b900000, 0x000000008b900000| Untracked 
| 128|0x000000008ba00000, 0x000000008ba00000, 0x000000008bb00000|  0%| F|  |TAMS 0x000000008ba00000, 0x000000008ba00000| Untracked 
| 129|0x000000008bb00000, 0x000000008bb00000, 0x000000008bc00000|  0%| F|  |TAMS 0x000000008bb00000, 0x000000008bb00000| Untracked 
| 130|0x000000008bc00000, 0x000000008bc00000, 0x000000008bd00000|  0%| F|  |TAMS 0x000000008bc00000, 0x000000008bc00000| Untracked 
| 131|0x000000008bd00000, 0x000000008bd00000, 0x000000008be00000|  0%| F|  |TAMS 0x000000008bd00000, 0x000000008bd00000| Untracked 
| 132|0x000000008be00000, 0x000000008be00000, 0x000000008bf00000|  0%| F|  |TAMS 0x000000008be00000, 0x000000008be00000| Untracked 
| 133|0x000000008bf00000, 0x000000008bf00000, 0x000000008c000000|  0%| F|  |TAMS 0x000000008bf00000, 0x000000008bf00000| Untracked 
| 134|0x000000008c000000, 0x000000008c000000, 0x000000008c100000|  0%| F|  |TAMS 0x000000008c000000, 0x000000008c000000| Untracked 
| 135|0x000000008c100000, 0x000000008c100000, 0x000000008c200000|  0%| F|  |TAMS 0x000000008c100000, 0x000000008c100000| Untracked 
| 136|0x000000008c200000, 0x000000008c200000, 0x000000008c300000|  0%| F|  |TAMS 0x000000008c200000, 0x000000008c200000| Untracked 
| 137|0x000000008c300000, 0x000000008c300000, 0x000000008c400000|  0%| F|  |TAMS 0x000000008c300000, 0x000000008c300000| Untracked 
| 138|0x000000008c400000, 0x000000008c400000, 0x000000008c500000|  0%| F|  |TAMS 0x000000008c400000, 0x000000008c400000| Untracked 
| 139|0x000000008c500000, 0x000000008c500000, 0x000000008c600000|  0%| F|  |TAMS 0x000000008c500000, 0x000000008c500000| Untracked 
| 140|0x000000008c600000, 0x000000008c600000, 0x000000008c700000|  0%| F|  |TAMS 0x000000008c600000, 0x000000008c600000| Untracked 
| 141|0x000000008c700000, 0x000000008c700000, 0x000000008c800000|  0%| F|  |TAMS 0x000000008c700000, 0x000000008c700000| Untracked 
| 142|0x000000008c800000, 0x000000008c800000, 0x000000008c900000|  0%| F|  |TAMS 0x000000008c800000, 0x000000008c800000| Untracked 
| 143|0x000000008c900000, 0x000000008c966b90, 0x000000008ca00000| 40%| S|CS|TAMS 0x000000008c900000, 0x000000008c900000| Complete 
| 144|0x000000008ca00000, 0x000000008cb00000, 0x000000008cb00000|100%| S|CS|TAMS 0x000000008ca00000, 0x000000008ca00000| Complete 
| 145|0x000000008cb00000, 0x000000008cc00000, 0x000000008cc00000|100%| S|CS|TAMS 0x000000008cb00000, 0x000000008cb00000| Complete 
| 146|0x000000008cc00000, 0x000000008cd00000, 0x000000008cd00000|100%| S|CS|TAMS 0x000000008cc00000, 0x000000008cc00000| Complete 
| 147|0x000000008cd00000, 0x000000008ce00000, 0x000000008ce00000|100%| S|CS|TAMS 0x000000008cd00000, 0x000000008cd00000| Complete 
| 148|0x000000008ce00000, 0x000000008cf00000, 0x000000008cf00000|100%| S|CS|TAMS 0x000000008ce00000, 0x000000008ce00000| Complete 
| 149|0x000000008cf00000, 0x000000008d000000, 0x000000008d000000|100%| S|CS|TAMS 0x000000008cf00000, 0x000000008cf00000| Complete 
| 150|0x000000008d000000, 0x000000008d000000, 0x000000008d100000|  0%| F|  |TAMS 0x000000008d000000, 0x000000008d000000| Untracked 
| 151|0x000000008d100000, 0x000000008d100000, 0x000000008d200000|  0%| F|  |TAMS 0x000000008d100000, 0x000000008d100000| Untracked 
| 152|0x000000008d200000, 0x000000008d200000, 0x000000008d300000|  0%| F|  |TAMS 0x000000008d200000, 0x000000008d200000| Untracked 
| 153|0x000000008d300000, 0x000000008d300000, 0x000000008d400000|  0%| F|  |TAMS 0x000000008d300000, 0x000000008d300000| Untracked 
| 154|0x000000008d400000, 0x000000008d400000, 0x000000008d500000|  0%| F|  |TAMS 0x000000008d400000, 0x000000008d400000| Untracked 
| 155|0x000000008d500000, 0x000000008d500000, 0x000000008d600000|  0%| F|  |TAMS 0x000000008d500000, 0x000000008d500000| Untracked 
| 156|0x000000008d600000, 0x000000008d600000, 0x000000008d700000|  0%| F|  |TAMS 0x000000008d600000, 0x000000008d600000| Untracked 
| 157|0x000000008d700000, 0x000000008d700000, 0x000000008d800000|  0%| F|  |TAMS 0x000000008d700000, 0x000000008d700000| Untracked 
| 158|0x000000008d800000, 0x000000008d800000, 0x000000008d900000|  0%| F|  |TAMS 0x000000008d800000, 0x000000008d800000| Untracked 
| 159|0x000000008d900000, 0x000000008d900000, 0x000000008da00000|  0%| F|  |TAMS 0x000000008d900000, 0x000000008d900000| Untracked 
| 160|0x000000008da00000, 0x000000008da00000, 0x000000008db00000|  0%| F|  |TAMS 0x000000008da00000, 0x000000008da00000| Untracked 
| 161|0x000000008db00000, 0x000000008db00000, 0x000000008dc00000|  0%| F|  |TAMS 0x000000008db00000, 0x000000008db00000| Untracked 
| 162|0x000000008dc00000, 0x000000008dc00000, 0x000000008dd00000|  0%| F|  |TAMS 0x000000008dc00000, 0x000000008dc00000| Untracked 
| 163|0x000000008dd00000, 0x000000008dd00000, 0x000000008de00000|  0%| F|  |TAMS 0x000000008dd00000, 0x000000008dd00000| Untracked 
| 164|0x000000008de00000, 0x000000008de00000, 0x000000008df00000|  0%| F|  |TAMS 0x000000008de00000, 0x000000008de00000| Untracked 
| 165|0x000000008df00000, 0x000000008df00000, 0x000000008e000000|  0%| F|  |TAMS 0x000000008df00000, 0x000000008df00000| Untracked 
| 166|0x000000008e000000, 0x000000008e000000, 0x000000008e100000|  0%| F|  |TAMS 0x000000008e000000, 0x000000008e000000| Untracked 
| 167|0x000000008e100000, 0x000000008e100000, 0x000000008e200000|  0%| F|  |TAMS 0x000000008e100000, 0x000000008e100000| Untracked 
| 168|0x000000008e200000, 0x000000008e200000, 0x000000008e300000|  0%| F|  |TAMS 0x000000008e200000, 0x000000008e200000| Untracked 
| 169|0x000000008e300000, 0x000000008e300000, 0x000000008e400000|  0%| F|  |TAMS 0x000000008e300000, 0x000000008e300000| Untracked 
| 170|0x000000008e400000, 0x000000008e400000, 0x000000008e500000|  0%| F|  |TAMS 0x000000008e400000, 0x000000008e400000| Untracked 
| 171|0x000000008e500000, 0x000000008e500000, 0x000000008e600000|  0%| F|  |TAMS 0x000000008e500000, 0x000000008e500000| Untracked 
| 172|0x000000008e600000, 0x000000008e600000, 0x000000008e700000|  0%| F|  |TAMS 0x000000008e600000, 0x000000008e600000| Untracked 
| 173|0x000000008e700000, 0x000000008e700000, 0x000000008e800000|  0%| F|  |TAMS 0x000000008e700000, 0x000000008e700000| Untracked 
| 174|0x000000008e800000, 0x000000008e800000, 0x000000008e900000|  0%| F|  |TAMS 0x000000008e800000, 0x000000008e800000| Untracked 
| 175|0x000000008e900000, 0x000000008e900000, 0x000000008ea00000|  0%| F|  |TAMS 0x000000008e900000, 0x000000008e900000| Untracked 
| 176|0x000000008ea00000, 0x000000008ea00000, 0x000000008eb00000|  0%| F|  |TAMS 0x000000008ea00000, 0x000000008ea00000| Untracked 
| 177|0x000000008eb00000, 0x000000008eb00000, 0x000000008ec00000|  0%| F|  |TAMS 0x000000008eb00000, 0x000000008eb00000| Untracked 
| 178|0x000000008ec00000, 0x000000008ec00000, 0x000000008ed00000|  0%| F|  |TAMS 0x000000008ec00000, 0x000000008ec00000| Untracked 
| 179|0x000000008ed00000, 0x000000008ed00000, 0x000000008ee00000|  0%| F|  |TAMS 0x000000008ed00000, 0x000000008ed00000| Untracked 
| 180|0x000000008ee00000, 0x000000008ee00000, 0x000000008ef00000|  0%| F|  |TAMS 0x000000008ee00000, 0x000000008ee00000| Untracked 
| 181|0x000000008ef00000, 0x000000008ef00000, 0x000000008f000000|  0%| F|  |TAMS 0x000000008ef00000, 0x000000008ef00000| Untracked 
| 182|0x000000008f000000, 0x000000008f000000, 0x000000008f100000|  0%| F|  |TAMS 0x000000008f000000, 0x000000008f000000| Untracked 
| 183|0x000000008f100000, 0x000000008f100000, 0x000000008f200000|  0%| F|  |TAMS 0x000000008f100000, 0x000000008f100000| Untracked 
| 184|0x000000008f200000, 0x000000008f200000, 0x000000008f300000|  0%| F|  |TAMS 0x000000008f200000, 0x000000008f200000| Untracked 
| 185|0x000000008f300000, 0x000000008f300000, 0x000000008f400000|  0%| F|  |TAMS 0x000000008f300000, 0x000000008f300000| Untracked 
| 186|0x000000008f400000, 0x000000008f400000, 0x000000008f500000|  0%| F|  |TAMS 0x000000008f400000, 0x000000008f400000| Untracked 
| 187|0x000000008f500000, 0x000000008f500000, 0x000000008f600000|  0%| F|  |TAMS 0x000000008f500000, 0x000000008f500000| Untracked 
| 188|0x000000008f600000, 0x000000008f600000, 0x000000008f700000|  0%| F|  |TAMS 0x000000008f600000, 0x000000008f600000| Untracked 
| 189|0x000000008f700000, 0x000000008f700000, 0x000000008f800000|  0%| F|  |TAMS 0x000000008f700000, 0x000000008f700000| Untracked 
| 190|0x000000008f800000, 0x000000008f800000, 0x000000008f900000|  0%| F|  |TAMS 0x000000008f800000, 0x000000008f800000| Untracked 
| 191|0x000000008f900000, 0x000000008f900000, 0x000000008fa00000|  0%| F|  |TAMS 0x000000008f900000, 0x000000008f900000| Untracked 
| 192|0x000000008fa00000, 0x000000008fa00000, 0x000000008fb00000|  0%| F|  |TAMS 0x000000008fa00000, 0x000000008fa00000| Untracked 
| 193|0x000000008fb00000, 0x000000008fb00000, 0x000000008fc00000|  0%| F|  |TAMS 0x000000008fb00000, 0x000000008fb00000| Untracked 
| 194|0x000000008fc00000, 0x000000008fc00000, 0x000000008fd00000|  0%| F|  |TAMS 0x000000008fc00000, 0x000000008fc00000| Untracked 
| 195|0x000000008fd00000, 0x000000008fd00000, 0x000000008fe00000|  0%| F|  |TAMS 0x000000008fd00000, 0x000000008fd00000| Untracked 
| 196|0x000000008fe00000, 0x000000008fe00000, 0x000000008ff00000|  0%| F|  |TAMS 0x000000008fe00000, 0x000000008fe00000| Untracked 

Card table byte_map: [0x000002727f340000,0x000002727f730000] _byte_map_base: 0x000002727ef23000

Marking Bits (Prev, Next): (CMBitMap*) 0x0000027276b0a530, (CMBitMap*) 0x0000027276b0a4f0
 Prev Bits: [0x0000027204f20000, 0x0000027206e38000)
 Next Bits: [0x0000027203000000, 0x0000027204f18000)

Polling page: 0x0000027275190000

Metaspace:

Usage:
  Non-class:     55.84 MB used.
      Class:      8.64 MB used.
       Both:     64.49 MB used.

Virtual space:
  Non-class space:       64.00 MB reserved,      56.12 MB ( 88%) committed,  1 nodes.
      Class space:        1.00 GB reserved,       8.88 MB ( <1%) committed,  1 nodes.
             Both:        1.06 GB reserved,      65.00 MB (  6%) committed. 

Chunk freelists:
   Non-Class:  7.84 MB
       Class:  7.02 MB
        Both:  14.86 MB

MaxMetaspaceSize: unlimited
CompressedClassSpaceSize: 1.00 GB
Initial GC threshold: 21.00 MB
Current GC threshold: 94.38 MB
CDS: on
MetaspaceReclaimPolicy: balanced
 - commit_granule_bytes: 65536.
 - commit_granule_words: 8192.
 - virtual_space_node_default_size: 8388608.
 - enlarge_chunks_in_place: 1.
 - new_chunks_are_fully_committed: 0.
 - uncommit_free_chunks: 1.
 - use_allocation_guard: 0.
 - handle_deallocations: 1.


Internal statistics:

num_allocs_failed_limit: 6.
num_arena_births: 780.
num_arena_deaths: 0.
num_vsnodes_births: 2.
num_vsnodes_deaths: 0.
num_space_committed: 1040.
num_space_uncommitted: 0.
num_chunks_returned_to_freelist: 6.
num_chunks_taken_from_freelist: 3021.
num_chunk_merges: 6.
num_chunk_splits: 2298.
num_chunks_enlarged: 1849.
num_inconsistent_stats: 0.

CodeCache: size=49152Kb used=13208Kb max_used=13208Kb free=35943Kb
 bounds [0x0000027200000000, 0x0000027200cf0000, 0x0000027203000000]
 total_blobs=7110 nmethods=6442 adapters=594
 compilation: enabled
              stopped_count=0, restarted_count=0
 full_count=0

Compilation events (20 events):
Event: 21.416 Thread 0x0000027209756740 nmethod 6431 0x0000027200cdf490 code [0x0000027200cdf620, 0x0000027200cdf788]
Event: 21.416 Thread 0x0000027209463a00 nmethod 6433 0x0000027200cdf810 code [0x0000027200cdf9a0, 0x0000027200cdfa78]
Event: 21.417 Thread 0x0000027209463a00 6435       1       org.springframework.cloud.context.properties.ConfigurationPropertiesBeans::isRefreshScoped (136 bytes)
Event: 21.417 Thread 0x0000027209756740 6434       1       org.springframework.cloud.context.properties.ConfigurationPropertiesBeans::postProcessBeforeInitialization (38 bytes)
Event: 21.417 Thread 0x0000027209756740 nmethod 6434 0x0000027200cdfb10 code [0x0000027200cdfcc0, 0x0000027200cdfe68]
Event: 21.418 Thread 0x0000027209463a00 nmethod 6435 0x0000027200cdff90 code [0x0000027200ce01e0, 0x0000027200ce0968]
Event: 21.418 Thread 0x0000027209463a00 6436       1       org.springframework.core.annotation.MissingMergedAnnotation::getDistance (2 bytes)
Event: 21.418 Thread 0x0000027209463a00 nmethod 6436 0x0000027200ce0e10 code [0x0000027200ce0fa0, 0x0000027200ce1078]
Event: 21.478 Thread 0x0000027209756740 6437       1       java.io.DataOutputStream::<init> (19 bytes)
Event: 21.478 Thread 0x0000027209756740 nmethod 6437 0x0000027200ce1110 code [0x0000027200ce12c0, 0x0000027200ce15d8]
Event: 21.480 Thread 0x0000027209756740 6438       1       java.io.DataOutputStream::incCount (20 bytes)
Event: 21.480 Thread 0x0000027209756740 nmethod 6438 0x0000027200ce1690 code [0x0000027200ce1820, 0x0000027200ce18f8]
Event: 21.483 Thread 0x0000027209756740 6439       1       java.nio.ByteBuffer::get (54 bytes)
Event: 21.483 Thread 0x0000027209463a00 6440   !   1       java.nio.ByteBuffer::getArray (121 bytes)
Event: 21.484 Thread 0x0000027209756740 nmethod 6439 0x0000027200ce1990 code [0x0000027200ce1b60, 0x0000027200ce1df8]
Event: 21.484 Thread 0x0000027209756740 6441       1       java.util.Vector::elementData (7 bytes)
Event: 21.484 Thread 0x0000027209756740 nmethod 6441 0x0000027200ce2010 code [0x0000027200ce21a0, 0x0000027200ce2298]
Event: 21.484 Thread 0x0000027209463a00 nmethod 6440 0x0000027200ce2390 code [0x0000027200ce25a0, 0x0000027200ce2b78]
Event: 21.514 Thread 0x0000027209463a00 6442       1       io.netty.util.HashedWheelTimer::access$400 (5 bytes)
Event: 21.514 Thread 0x0000027209463a00 nmethod 6442 0x0000027200ce2f90 code [0x0000027200ce3120, 0x0000027200ce31d8]

GC Heap History (20 events):
Event: 16.172 GC heap after
{Heap after GC invocations=17 (full 0):
 garbage-first heap   total 89088K, used 33632K [0x0000000083a00000, 0x0000000100000000)
  region size 1024K, 5 young (5120K), 5 survivors (5120K)
 Metaspace       used 55550K, committed 56128K, reserved 1114112K
  class space    used 7548K, committed 7808K, reserved 1048576K
}
Event: 16.639 GC heap before
{Heap before GC invocations=17 (full 0):
 garbage-first heap   total 89088K, used 72544K [0x0000000083a00000, 0x0000000100000000)
  region size 1024K, 42 young (43008K), 5 survivors (5120K)
 Metaspace       used 57350K, committed 57856K, reserved 1114112K
  class space    used 7770K, committed 8000K, reserved 1048576K
}
Event: 16.649 GC heap after
{Heap after GC invocations=18 (full 0):
 garbage-first heap   total 89088K, used 39225K [0x0000000083a00000, 0x0000000100000000)
  region size 1024K, 6 young (6144K), 6 survivors (6144K)
 Metaspace       used 57350K, committed 57856K, reserved 1114112K
  class space    used 7770K, committed 8000K, reserved 1048576K
}
Event: 16.767 GC heap before
{Heap before GC invocations=18 (full 0):
 garbage-first heap   total 89088K, used 69945K [0x0000000083a00000, 0x0000000100000000)
  region size 1024K, 36 young (36864K), 6 survivors (6144K)
 Metaspace       used 57363K, committed 57856K, reserved 1114112K
  class space    used 7772K, committed 8000K, reserved 1048576K
}
Event: 16.778 GC heap after
{Heap after GC invocations=19 (full 0):
 garbage-first heap   total 89088K, used 46784K [0x0000000083a00000, 0x0000000100000000)
  region size 1024K, 5 young (5120K), 5 survivors (5120K)
 Metaspace       used 57363K, committed 57856K, reserved 1114112K
  class space    used 7772K, committed 8000K, reserved 1048576K
}
Event: 16.957 GC heap before
{Heap before GC invocations=19 (full 0):
 garbage-first heap   total 89088K, used 61120K [0x0000000083a00000, 0x0000000100000000)
  region size 1024K, 20 young (20480K), 5 survivors (5120K)
 Metaspace       used 57447K, committed 57984K, reserved 1114112K
  class space    used 7784K, committed 8064K, reserved 1048576K
}
Event: 16.964 GC heap after
{Heap after GC invocations=20 (full 0):
 garbage-first heap   total 89088K, used 51725K [0x0000000083a00000, 0x0000000100000000)
  region size 1024K, 4 young (4096K), 4 survivors (4096K)
 Metaspace       used 57447K, committed 57984K, reserved 1114112K
  class space    used 7784K, committed 8064K, reserved 1048576K
}
Event: 17.043 GC heap before
{Heap before GC invocations=20 (full 0):
 garbage-first heap   total 116736K, used 71181K [0x0000000083a00000, 0x0000000100000000)
  region size 1024K, 20 young (20480K), 4 survivors (4096K)
 Metaspace       used 57447K, committed 57984K, reserved 1114112K
  class space    used 7784K, committed 8064K, reserved 1048576K
}
Event: 17.049 GC heap after
{Heap after GC invocations=21 (full 0):
 garbage-first heap   total 116736K, used 56162K [0x0000000083a00000, 0x0000000100000000)
  region size 1024K, 3 young (3072K), 3 survivors (3072K)
 Metaspace       used 57447K, committed 57984K, reserved 1114112K
  class space    used 7784K, committed 8064K, reserved 1048576K
}
Event: 17.166 GC heap before
{Heap before GC invocations=22 (full 0):
 garbage-first heap   total 116736K, used 82786K [0x0000000083a00000, 0x0000000100000000)
  region size 1024K, 30 young (30720K), 3 survivors (3072K)
 Metaspace       used 57447K, committed 57984K, reserved 1114112K
  class space    used 7784K, committed 8064K, reserved 1048576K
}
Event: 17.172 GC heap after
{Heap after GC invocations=23 (full 0):
 garbage-first heap   total 116736K, used 61163K [0x0000000083a00000, 0x0000000100000000)
  region size 1024K, 4 young (4096K), 4 survivors (4096K)
 Metaspace       used 57447K, committed 57984K, reserved 1114112K
  class space    used 7784K, committed 8064K, reserved 1048576K
}
Event: 17.176 GC heap before
{Heap before GC invocations=23 (full 0):
 garbage-first heap   total 116736K, used 62187K [0x0000000083a00000, 0x0000000100000000)
  region size 1024K, 5 young (5120K), 4 survivors (4096K)
 Metaspace       used 57447K, committed 57984K, reserved 1114112K
  class space    used 7784K, committed 8064K, reserved 1048576K
}
Event: 17.182 GC heap after
{Heap after GC invocations=24 (full 0):
 garbage-first heap   total 201728K, used 61176K [0x0000000083a00000, 0x0000000100000000)
  region size 1024K, 1 young (1024K), 1 survivors (1024K)
 Metaspace       used 57447K, committed 57984K, reserved 1114112K
  class space    used 7784K, committed 8064K, reserved 1048576K
}
Event: 17.519 GC heap before
{Heap before GC invocations=24 (full 0):
 garbage-first heap   total 201728K, used 133880K [0x0000000083a00000, 0x0000000100000000)
  region size 1024K, 70 young (71680K), 1 survivors (1024K)
 Metaspace       used 57447K, committed 57984K, reserved 1114112K
  class space    used 7784K, committed 8064K, reserved 1048576K
}
Event: 17.530 GC heap after
{Heap after GC invocations=25 (full 0):
 garbage-first heap   total 201728K, used 77075K [0x0000000083a00000, 0x0000000100000000)
  region size 1024K, 9 young (9216K), 9 survivors (9216K)
 Metaspace       used 57447K, committed 57984K, reserved 1114112K
  class space    used 7784K, committed 8064K, reserved 1048576K
}
Event: 17.802 GC heap before
{Heap before GC invocations=25 (full 0):
 garbage-first heap   total 201728K, used 140563K [0x0000000083a00000, 0x0000000100000000)
  region size 1024K, 69 young (70656K), 9 survivors (9216K)
 Metaspace       used 57455K, committed 57984K, reserved 1114112K
  class space    used 7785K, committed 8064K, reserved 1048576K
}
Event: 17.816 GC heap after
{Heap after GC invocations=26 (full 0):
 garbage-first heap   total 201728K, used 91419K [0x0000000083a00000, 0x0000000100000000)
  region size 1024K, 9 young (9216K), 9 survivors (9216K)
 Metaspace       used 57455K, committed 57984K, reserved 1114112K
  class space    used 7785K, committed 8064K, reserved 1048576K
}
Event: 18.644 GC heap before
{Heap before GC invocations=26 (full 0):
 garbage-first heap   total 201728K, used 150811K [0x0000000083a00000, 0x0000000100000000)
  region size 1024K, 63 young (64512K), 9 survivors (9216K)
 Metaspace       used 60615K, committed 61248K, reserved 1114112K
  class space    used 8091K, committed 8384K, reserved 1048576K
}
Event: 18.662 GC heap after
{Heap after GC invocations=27 (full 0):
 garbage-first heap   total 201728K, used 102827K [0x0000000083a00000, 0x0000000100000000)
  region size 1024K, 8 young (8192K), 8 survivors (8192K)
 Metaspace       used 60615K, committed 61248K, reserved 1114112K
  class space    used 8091K, committed 8384K, reserved 1048576K
}
Event: 21.638 GC heap before
{Heap before GC invocations=27 (full 0):
 garbage-first heap   total 201728K, used 149931K [0x0000000083a00000, 0x0000000100000000)
  region size 1024K, 55 young (56320K), 8 survivors (8192K)
 Metaspace       used 66033K, committed 66560K, reserved 1114112K
  class space    used 8851K, committed 9088K, reserved 1048576K
}

Deoptimization events (20 events):
Event: 21.417 Thread 0x0000027276aadc50 DEOPT PACKING pc=0x0000027200a211b4 sp=0x000000988d2fe680
Event: 21.417 Thread 0x0000027276aadc50 DEOPT UNPACKING pc=0x00000272000566e3 sp=0x000000988d2fdb50 mode 1
Event: 21.417 Thread 0x0000027276aadc50 DEOPT PACKING pc=0x00000272005e4d4c sp=0x000000988d2fe550
Event: 21.417 Thread 0x0000027276aadc50 DEOPT UNPACKING pc=0x00000272000566e3 sp=0x000000988d2fdac8 mode 1
Event: 21.444 Thread 0x0000027276aadc50 DEOPT PACKING pc=0x000002720036715c sp=0x000000988d2fc010
Event: 21.444 Thread 0x0000027276aadc50 DEOPT UNPACKING pc=0x00000272000566e3 sp=0x000000988d2fb4a8 mode 1
Event: 21.444 Thread 0x0000027276aadc50 DEOPT PACKING pc=0x00000272003663fc sp=0x000000988d2fc0e0
Event: 21.444 Thread 0x0000027276aadc50 DEOPT UNPACKING pc=0x00000272000566e3 sp=0x000000988d2fb598 mode 1
Event: 21.444 Thread 0x0000027276aadc50 DEOPT PACKING pc=0x0000027200326754 sp=0x000000988d2fcaf0
Event: 21.444 Thread 0x0000027276aadc50 DEOPT UNPACKING pc=0x00000272000566e3 sp=0x000000988d2fbfc8 mode 1
Event: 21.444 Thread 0x0000027276aadc50 DEOPT PACKING pc=0x00000272005505ac sp=0x000000988d2fcb90
Event: 21.444 Thread 0x0000027276aadc50 DEOPT UNPACKING pc=0x00000272000566e3 sp=0x000000988d2fc1e0 mode 1
Event: 21.445 Thread 0x0000027276aadc50 DEOPT PACKING pc=0x000002720036715c sp=0x000000988d2fc010
Event: 21.445 Thread 0x0000027276aadc50 DEOPT UNPACKING pc=0x00000272000566e3 sp=0x000000988d2fb4a8 mode 1
Event: 21.445 Thread 0x0000027276aadc50 DEOPT PACKING pc=0x00000272003663fc sp=0x000000988d2fc0e0
Event: 21.445 Thread 0x0000027276aadc50 DEOPT UNPACKING pc=0x00000272000566e3 sp=0x000000988d2fb598 mode 1
Event: 21.445 Thread 0x0000027276aadc50 DEOPT PACKING pc=0x0000027200326754 sp=0x000000988d2fcaf0
Event: 21.445 Thread 0x0000027276aadc50 DEOPT UNPACKING pc=0x00000272000566e3 sp=0x000000988d2fbfc8 mode 1
Event: 21.445 Thread 0x0000027276aadc50 DEOPT PACKING pc=0x00000272005505ac sp=0x000000988d2fcb90
Event: 21.445 Thread 0x0000027276aadc50 DEOPT UNPACKING pc=0x00000272000566e3 sp=0x000000988d2fc1e0 mode 1

Classes unloaded (0 events):
No events

Classes redefined (0 events):
No events

Internal exceptions (20 events):
Event: 17.851 Thread 0x0000027251664e10 Exception <a 'sun/nio/fs/WindowsException'{0x000000008f8aaf58}> (0x000000008f8aaf58) 
thrown [s\open\src\hotspot\share\prims\jni.cpp, line 516]
Event: 17.852 Thread 0x00000272516639d0 Exception <a 'sun/nio/fs/WindowsException'{0x000000008f70d3a8}> (0x000000008f70d3a8) 
thrown [s\open\src\hotspot\share\prims\jni.cpp, line 516]
Event: 17.852 Thread 0x0000027251662080 Exception <a 'sun/nio/fs/WindowsException'{0x000000008f8f0cc8}> (0x000000008f8f0cc8) 
thrown [s\open\src\hotspot\share\prims\jni.cpp, line 516]
Event: 17.852 Thread 0x0000027251662aa0 Exception <a 'sun/nio/fs/WindowsException'{0x000000008f742270}> (0x000000008f742270) 
thrown [s\open\src\hotspot\share\prims\jni.cpp, line 516]
Event: 17.852 Thread 0x0000027251662080 Exception <a 'sun/nio/fs/WindowsException'{0x000000008f8f1068}> (0x000000008f8f1068) 
thrown [s\open\src\hotspot\share\prims\jni.cpp, line 516]
Event: 17.852 Thread 0x0000027251664e10 Exception <a 'sun/nio/fs/WindowsException'{0x000000008f8ab2e0}> (0x000000008f8ab2e0) 
thrown [s\open\src\hotspot\share\prims\jni.cpp, line 516]
Event: 17.852 Thread 0x0000027251662aa0 Exception <a 'sun/nio/fs/WindowsException'{0x000000008f7425d0}> (0x000000008f7425d0) 
thrown [s\open\src\hotspot\share\prims\jni.cpp, line 516]
Event: 17.853 Thread 0x0000027251664e10 Exception <a 'sun/nio/fs/WindowsException'{0x000000008f8abcb8}> (0x000000008f8abcb8) 
thrown [s\open\src\hotspot\share\prims\jni.cpp, line 516]
Event: 17.853 Thread 0x0000027251662aa0 Exception <a 'sun/nio/fs/WindowsException'{0x000000008f742f98}> (0x000000008f742f98) 
thrown [s\open\src\hotspot\share\prims\jni.cpp, line 516]
Event: 17.853 Thread 0x0000027251664e10 Exception <a 'sun/nio/fs/WindowsException'{0x000000008f8ac058}> (0x000000008f8ac058) 
thrown [s\open\src\hotspot\share\prims\jni.cpp, line 516]
Event: 17.853 Thread 0x0000027251662aa0 Exception <a 'sun/nio/fs/WindowsException'{0x000000008f743320}> (0x000000008f743320) 
thrown [s\open\src\hotspot\share\prims\jni.cpp, line 516]
Event: 17.853 Thread 0x0000027251664e10 Exception <a 'sun/nio/fs/WindowsException'{0x000000008f8aca28}> (0x000000008f8aca28) 
thrown [s\open\src\hotspot\share\prims\jni.cpp, line 516]
Event: 17.854 Thread 0x0000027251662aa0 Exception <a 'sun/nio/fs/WindowsException'{0x000000008f743cf8}> (0x000000008f743cf8) 
thrown [s\open\src\hotspot\share\prims\jni.cpp, line 516]
Event: 17.854 Thread 0x0000027251664e10 Exception <a 'sun/nio/fs/WindowsException'{0x000000008f8acdb8}> (0x000000008f8acdb8) 
thrown [s\open\src\hotspot\share\prims\jni.cpp, line 516]
Event: 17.854 Thread 0x0000027251662aa0 Exception <a 'sun/nio/fs/WindowsException'{0x000000008f744098}> (0x000000008f744098) 
thrown [s\open\src\hotspot\share\prims\jni.cpp, line 516]
Event: 17.854 Thread 0x0000027251662aa0 Exception <a 'sun/nio/fs/WindowsException'{0x000000008f744a68}> (0x000000008f744a68) 
thrown [s\open\src\hotspot\share\prims\jni.cpp, line 516]
Event: 17.855 Thread 0x0000027251662aa0 Exception <a 'sun/nio/fs/WindowsException'{0x000000008f744df8}> (0x000000008f744df8) 
thrown [s\open\src\hotspot\share\prims\jni.cpp, line 516]
Event: 19.408 Thread 0x0000027276aadc50 Exception <a 'java/lang/NoSuchMethodError'{0x000000008f2d0580}: 'java.lang.Object java.lang.invoke.DirectMethodHandle$Holder.newInvokeSpecial(java.lang.Object, java.lang.Object, int, int)'> (0x000000008f2d0580) 
thrown [s\open\src\hotspot\share\interpreter\linkResolver.cpp, line 759]
Event: 19.420 Thread 0x0000027276aadc50 Exception <a 'java/lang/NoSuchMethodError'{0x000000008f150930}: 'void java.lang.invoke.DirectMethodHandle$Holder.invokeSpecial(java.lang.Object, java.lang.Object, int, java.lang.Object)'> (0x000000008f150930) 
thrown [s\open\src\hotspot\share\interpreter\linkResolver.cpp, line 759]
Event: 19.421 Thread 0x0000027276aadc50 Exception <a 'java/lang/NoSuchMethodError'{0x000000008f156cb0}: 'java.lang.Object java.lang.invoke.DirectMethodHandle$Holder.newInvokeSpecial(java.lang.Object, java.lang.Object, int)'> (0x000000008f156cb0) 
thrown [s\open\src\hotspot\share\interpreter\linkResolver.cpp, line 759]

VM Operations (20 events):
Event: 17.068 Executing VM operation: G1Concurrent done
Event: 17.165 Executing VM operation: G1CollectForAllocation
Event: 17.174 Executing VM operation: G1CollectForAllocation done
Event: 17.176 Executing VM operation: G1CollectForAllocation
Event: 17.182 Executing VM operation: G1CollectForAllocation done
Event: 17.519 Executing VM operation: G1CollectForAllocation
Event: 17.530 Executing VM operation: G1CollectForAllocation done
Event: 17.802 Executing VM operation: G1CollectForAllocation
Event: 17.816 Executing VM operation: G1CollectForAllocation done
Event: 18.257 Executing VM operation: HandshakeAllThreads
Event: 18.257 Executing VM operation: HandshakeAllThreads done
Event: 18.644 Executing VM operation: G1CollectForAllocation
Event: 18.662 Executing VM operation: G1CollectForAllocation done
Event: 19.669 Executing VM operation: Cleanup
Event: 19.669 Executing VM operation: Cleanup done
Event: 20.680 Executing VM operation: Cleanup
Event: 20.680 Executing VM operation: Cleanup done
Event: 21.451 Executing VM operation: HandshakeAllThreads
Event: 21.451 Executing VM operation: HandshakeAllThreads done
Event: 21.638 Executing VM operation: G1CollectForAllocation

Events (20 events):
Event: 21.634 loading class io/reactivex/rxjava3/internal/operators/observable/ObservableRetryWhen
Event: 21.634 loading class io/reactivex/rxjava3/internal/operators/observable/ObservableRetryWhen done
Event: 21.634 loading class io/reactivex/rxjava3/internal/operators/observable/ObservableSampleTimed
Event: 21.634 loading class io/reactivex/rxjava3/internal/operators/observable/ObservableSampleTimed done
Event: 21.635 loading class io/reactivex/rxjava3/internal/operators/observable/ObservableSampleWithObservable
Event: 21.635 loading class io/reactivex/rxjava3/internal/operators/observable/ObservableSampleWithObservable done
Event: 21.635 loading class io/reactivex/rxjava3/internal/operators/observable/ObservableTakeLastTimed
Event: 21.635 loading class io/reactivex/rxjava3/internal/operators/observable/ObservableTakeLastTimed done
Event: 21.636 loading class io/reactivex/rxjava3/internal/operators/observable/ObservableIgnoreElements
Event: 21.636 loading class io/reactivex/rxjava3/internal/operators/observable/ObservableIgnoreElements done
Event: 21.636 loading class io/reactivex/rxjava3/internal/operators/observable/ObservableTakeLastOne
Event: 21.636 loading class io/reactivex/rxjava3/internal/operators/observable/ObservableTakeLastOne done
Event: 21.637 loading class io/reactivex/rxjava3/internal/operators/observable/ObservableTakeLast
Event: 21.637 loading class io/reactivex/rxjava3/internal/operators/observable/ObservableTakeLast done
Event: 21.637 loading class io/reactivex/rxjava3/internal/operators/observable/ObservableTakeUntilPredicate
Event: 21.637 loading class io/reactivex/rxjava3/internal/operators/observable/ObservableTakeUntilPredicate done
Event: 21.637 loading class io/reactivex/rxjava3/internal/operators/observable/ObservableTakeUntil
Event: 21.637 loading class io/reactivex/rxjava3/internal/operators/observable/ObservableTakeUntil done
Event: 21.638 loading class io/reactivex/rxjava3/internal/operators/observable/ObservableSubscribeOn
Event: 21.638 loading class io/reactivex/rxjava3/internal/operators/observable/ObservableSubscribeOn done


Dynamic libraries:
0x00007ff71cff0000 - 0x00007ff71d000000 	D:\jdk17\bin\java.exe
0x00007ffc70cb0000 - 0x00007ffc70ea8000 	C:\windows\SYSTEM32\ntdll.dll
0x00007ffc70b20000 - 0x00007ffc70be2000 	C:\windows\System32\KERNEL32.DLL
0x00007ffc6e6b0000 - 0x00007ffc6e9a6000 	C:\windows\System32\KERNELBASE.dll
0x00007ffc6e4d0000 - 0x00007ffc6e5d0000 	C:\windows\System32\ucrtbase.dll
0x00007ffc687d0000 - 0x00007ffc687eb000 	D:\jdk17\bin\VCRUNTIME140.dll
0x00007ffc68750000 - 0x00007ffc68769000 	D:\jdk17\bin\jli.dll
0x00007ffc6efe0000 - 0x00007ffc6f091000 	C:\windows\System32\ADVAPI32.dll
0x00007ffc70a80000 - 0x00007ffc70b1e000 	C:\windows\System32\msvcrt.dll
0x00007ffc6feb0000 - 0x00007ffc6ff4f000 	C:\windows\System32\sechost.dll
0x00007ffc6f620000 - 0x00007ffc6f740000 	C:\windows\System32\RPCRT4.dll
0x00007ffc6e5d0000 - 0x00007ffc6e5f7000 	C:\windows\System32\bcrypt.dll
0x00007ffc6ee30000 - 0x00007ffc6efd1000 	C:\windows\System32\USER32.dll
0x00007ffc6e600000 - 0x00007ffc6e622000 	C:\windows\System32\win32u.dll
0x00007ffc6ed30000 - 0x00007ffc6ed5b000 	C:\windows\System32\GDI32.dll
0x00007ffc6e9b0000 - 0x00007ffc6eac9000 	C:\windows\System32\gdi32full.dll
0x00007ffc6ead0000 - 0x00007ffc6eb6d000 	C:\windows\System32\msvcp_win.dll
0x00007ffc574b0000 - 0x00007ffc5774b000 	C:\windows\WinSxS\amd64_microsoft.windows.common-controls_6595b64144ccf1df_6.0.19041.6456_none_60b8a6cb71f64256\COMCTL32.dll
0x00007ffc6de50000 - 0x00007ffc6de5a000 	C:\windows\SYSTEM32\VERSION.dll
0x00007ffc6f260000 - 0x00007ffc6f28f000 	C:\windows\System32\IMM32.DLL
0x000000006d3d0000 - 0x000000006d3dd000 	C:\Program Files (x86)\360\360Safe\safemon\SafeWrapper.dll
0x00007ffc664c0000 - 0x00007ffc665c5000 	C:\Program Files (x86)\360\360Safe\safemon\libzdtp64.dll
0x00007ffc6f740000 - 0x00007ffc6feb0000 	C:\windows\System32\SHELL32.dll
0x00007ffc6f200000 - 0x00007ffc6f25b000 	C:\windows\System32\SHLWAPI.dll
0x00007ffc68740000 - 0x00007ffc6874c000 	D:\jdk17\bin\vcruntime140_1.dll
0x00007ffc55ea0000 - 0x00007ffc55f2e000 	D:\jdk17\bin\msvcp140.dll
0x00007ffc19e00000 - 0x00007ffc1a9e0000 	D:\jdk17\bin\server\jvm.dll
0x00007ffc70620000 - 0x00007ffc70628000 	C:\windows\System32\PSAPI.DLL
0x00007ffc5c020000 - 0x00007ffc5c047000 	C:\windows\SYSTEM32\WINMM.dll
0x00007ffc68730000 - 0x00007ffc68739000 	C:\windows\SYSTEM32\WSOCK32.dll
0x00007ffc70630000 - 0x00007ffc7069b000 	C:\windows\System32\WS2_32.dll
0x00007ffc6cad0000 - 0x00007ffc6cae2000 	C:\windows\SYSTEM32\kernel.appcore.dll
0x00007ffc68620000 - 0x00007ffc6862a000 	D:\jdk17\bin\jimage.dll
0x00007ffc6c7d0000 - 0x00007ffc6c9d1000 	C:\windows\SYSTEM32\DBGHELP.DLL
0x00007ffc50100000 - 0x00007ffc50134000 	C:\windows\SYSTEM32\dbgcore.DLL
0x00007ffc6e3f0000 - 0x00007ffc6e472000 	C:\windows\System32\bcryptPrimitives.dll
0x00007ffc55bd0000 - 0x00007ffc55c0b000 	D:\jdk17\bin\jdwp.dll
0x00007ffc57080000 - 0x00007ffc5708e000 	D:\jdk17\bin\instrument.dll
0x00007ffc57380000 - 0x00007ffc573a5000 	D:\jdk17\bin\java.dll
0x00007ffc57360000 - 0x00007ffc57378000 	D:\jdk17\bin\zip.dll
0x00007ffc4a7c0000 - 0x00007ffc4a897000 	D:\jdk17\bin\jsvml.dll
0x00007ffc6bf50000 - 0x00007ffc6c6f5000 	C:\windows\SYSTEM32\windows.storage.dll
0x00007ffc70700000 - 0x00007ffc70a54000 	C:\windows\System32\combase.dll
0x00007ffc6dcb0000 - 0x00007ffc6dcdb000 	C:\windows\SYSTEM32\Wldp.dll
0x00007ffc6ed60000 - 0x00007ffc6ee2d000 	C:\windows\System32\OLEAUT32.dll
0x00007ffc6f150000 - 0x00007ffc6f1fd000 	C:\windows\System32\SHCORE.dll
0x00007ffc6e270000 - 0x00007ffc6e294000 	C:\windows\SYSTEM32\profapi.dll
0x00007ffc57260000 - 0x00007ffc5726c000 	D:\jdk17\bin\dt_socket.dll
0x00007ffc6de60000 - 0x00007ffc6de9b000 	C:\windows\SYSTEM32\IPHLPAPI.DLL
0x00007ffc6da10000 - 0x00007ffc6da7a000 	C:\windows\system32\mswsock.dll
0x00007ffc65dc0000 - 0x00007ffc65dd9000 	D:\jdk17\bin\net.dll
0x00007ffc63b60000 - 0x00007ffc63c6a000 	C:\windows\SYSTEM32\WINHTTP.dll
0x00007ffc62520000 - 0x00007ffc62536000 	D:\jdk17\bin\nio.dll
0x00007ffc6d6f0000 - 0x00007ffc6d7ba000 	C:\windows\SYSTEM32\DNSAPI.dll
0x00007ffc6f290000 - 0x00007ffc6f298000 	C:\windows\System32\NSI.dll
0x00007ffc66730000 - 0x00007ffc6673a000 	C:\Windows\System32\rasadhlp.dll
0x00007ffc5c1a0000 - 0x00007ffc5c220000 	C:\windows\System32\fwpuclnt.dll
0x00007ffc67390000 - 0x00007ffc6739a000 	D:\jdk17\bin\management.dll
0x00007ffc65d90000 - 0x00007ffc65d9b000 	D:\jdk17\bin\management_ext.dll
0x00007ffc6dc00000 - 0x00007ffc6dc18000 	C:\windows\SYSTEM32\CRYPTSP.dll
0x00007ffc6d300000 - 0x00007ffc6d338000 	C:\windows\system32\rsaenh.dll
0x00007ffc6e230000 - 0x00007ffc6e25e000 	C:\windows\SYSTEM32\USERENV.dll
0x00007ffc6dc20000 - 0x00007ffc6dc2c000 	C:\windows\SYSTEM32\CRYPTBASE.dll
0x00007ffc65590000 - 0x00007ffc655a7000 	C:\windows\SYSTEM32\dhcpcsvc6.DLL
0x00007ffc64ed0000 - 0x00007ffc64eed000 	C:\windows\SYSTEM32\dhcpcsvc.DLL
0x00007ffc4b550000 - 0x00007ffc4b567000 	C:\windows\system32\napinsp.dll
0x00007ffc4b530000 - 0x00007ffc4b54b000 	C:\windows\system32\pnrpnsp.dll
0x00007ffc6a100000 - 0x00007ffc6a11d000 	C:\windows\system32\wshbth.dll
0x00007ffc68680000 - 0x00007ffc6869d000 	C:\windows\system32\NLAapi.dll
0x00007ffc4b510000 - 0x00007ffc4b522000 	C:\windows\System32\winrnr.dll
0x00007ffc57410000 - 0x00007ffc5741e000 	D:\jdk17\bin\sunmscapi.dll
0x00007ffc6eb70000 - 0x00007ffc6eccd000 	C:\windows\System32\CRYPT32.dll
0x00007ffc6dd20000 - 0x00007ffc6dd47000 	C:\windows\SYSTEM32\ncrypt.dll
0x00007ffc6dce0000 - 0x00007ffc6dd1b000 	C:\windows\SYSTEM32\NTASN1.dll
0x00007ffc4b290000 - 0x00007ffc4b297000 	C:\windows\system32\wshunix.dll
0x0000000180000000 - 0x000000018020f000 	D:\apache-tomcat-8.0.50\bin\tcnative-1.dll

dbghelp: loaded successfully - version: 4.0.5 - missing functions: none
symbol engine: initialized successfully - sym options: 0x614 - pdb path: .;D:\jdk17\bin;C:\windows\SYSTEM32;C:\windows\WinSxS\amd64_microsoft.windows.common-controls_6595b64144ccf1df_6.0.19041.6456_none_60b8a6cb71f64256;C:\Program Files (x86)\360\360Safe\safemon;D:\jdk17\bin\server;D:\apache-tomcat-8.0.50\bin

VM Arguments:
jvm_args: -agentlib:jdwp=transport=dt_socket,address=127.0.0.1:61438,suspend=y,server=n -XX:TieredStopAtLevel=1 -Dspring.output.ansi.enabled=always -Dcom.sun.management.jmxremote -Dspring.jmx.enabled=true -Dspring.liveBeansView.mbeanDomain -Dspring.application.admin.enabled=true -Dmanagement.endpoints.jmx.exposure.include=* -javaagent:C:\Users\Administrator\AppData\Local\JetBrains\IntelliJIdea2024.2\captureAgent\debugger-agent.jar=file:/C:/Users/Administrator/AppData/Local/Temp/capture.props -Dkotlinx.coroutines.debug.enable.creation.stack.trace=false -Ddebugger.agent.enable.coroutines=true -Dfile.encoding=UTF-8 
java_command: com.daijia.customer.WebCustomerApplication
java_class_path (initial): E:\codebase\leshang-daijia-20260104\web\web-customer\target\classes;D:\maven\repository\org\apache\commons\commons-pool2\2.12.1\commons-pool2-2.12.1.jar;D:\maven\repository\org\springframework\cloud\spring-cloud-starter-openfeign\4.1.1\spring-cloud-starter-openfeign-4.1.1.jar;D:\maven\repository\org\springframework\cloud\spring-cloud-starter\4.1.2\spring-cloud-starter-4.1.2.jar;D:\maven\repository\org\springframework\security\spring-security-rsa\1.1.2\spring-security-rsa-1.1.2.jar;D:\maven\repository\org\bouncycastle\bcprov-jdk18on\1.77\bcprov-jdk18on-1.77.jar;D:\maven\repository\org\springframework\cloud\spring-cloud-openfeign-core\4.1.1\spring-cloud-openfeign-core-4.1.1.jar;D:\maven\repository\org\springframework\boot\spring-boot-autoconfigure\3.2.4\spring-boot-autoconfigure-3.2.4.jar;D:\maven\repository\org\springframework\boot\spring-boot-starter-aop\3.2.4\spring-boot-starter-aop-3.2.4.jar;D:\maven\repository\org\aspectj\aspectjweaver\1.9.21\aspectjweaver-1.9.21.jar;D:\maven\repository\io\github\openfeign\form\feign-form-spring\3.8.0\feign-form-spring-3.8.0.jar;D:\maven\repository\io\github\openfeign\form\feign-form\3.8.0\feign-form-3.8.0.jar;D:\maven\repository\commons-fileupload\commons-fileupload\1.5\commons-fileupload-1.5.jar;D:\maven\repository\commons-io\commons-io\2.11.0\commons-io-2.11.0.jar;D:\maven\repository\org\springframework\spring-web\6.1.5\spring-web-6.1.5.jar;D:\maven\repository\org\springframework\spring-beans\6.1.5\spring-beans-6.1.5.jar;D:\maven\repository\org\springframework\spring-core\6.1.5\spring-core-6.1.5.jar;D:\maven\repository\org\springframework\spring-jcl\6.1.5\spring-jcl-6.1.5.jar;D:\maven\repository\io\micrometer\micrometer-observation\1.12.4\micrometer-observation-1.12.4.jar;D:\maven\repository\io\micrometer\micrometer-commons\1.12.4\micrometer-commons-1.12.4.jar;D:\maven\repository\org\springframework\cloud\spring-cloud-commons\4.1.2\spring-cloud-commons-4.1.2.jar;D:\maven\repository\org\springframew
Launcher Type: SUN_STANDARD

[Global flags]
     intx CICompilerCount                          = 4                                         {product} {ergonomic}
     uint ConcGCThreads                            = 2                                         {product} {ergonomic}
     uint G1ConcRefinementThreads                  = 8                                         {product} {ergonomic}
   size_t G1HeapRegionSize                         = 1048576                                   {product} {ergonomic}
    uintx GCDrainStackTargetSize                   = 64                                        {product} {ergonomic}
   size_t InitialHeapSize                          = 132120576                                 {product} {ergonomic}
     bool ManagementServer                         = true                                      {product} {command line}
   size_t MarkStackSize                            = 4194304                                   {product} {ergonomic}
   size_t MaxHeapSize                              = 2086666240                                {product} {ergonomic}
   size_t MaxNewSize                               = 1251999744                                {product} {ergonomic}
   size_t MinHeapDeltaBytes                        = 1048576                                   {product} {ergonomic}
   size_t MinHeapSize                              = 8388608                                   {product} {ergonomic}
    uintx NonProfiledCodeHeapSize                  = 0                                      {pd product} {ergonomic}
     bool ProfileInterpreter                       = false                                  {pd product} {command line}
    uintx ProfiledCodeHeapSize                     = 0                                      {pd product} {ergonomic}
   size_t SoftMaxHeapSize                          = 2086666240                             {manageable} {ergonomic}
     intx TieredStopAtLevel                        = 1                                         {product} {command line}
     bool UseCompressedClassPointers               = true                           {product lp64_product} {ergonomic}
     bool UseCompressedOops                        = true                           {product lp64_product} {ergonomic}
     bool UseG1GC                                  = true                                      {product} {ergonomic}
     bool UseLargePagesIndividualAllocation        = false                                  {pd product} {ergonomic}

Logging:
Log output configuration:
 #0: stdout all=warning uptime,level,tags
 #1: stderr all=off uptime,level,tags

Environment Variables:
JAVA_HOME=D:\jdk17
CLASSPATH=.;D:\jdk17\bin;D:\jdk17\jre\bin;D:\apache-tomcat-8.0.50\lib\servlet-api.jar;F:\jedies-2.1.0;
PATH=C:\Program Files\Common Files\Oracle\Java\javapath;E:\VMware16.2.4\bin\;C:\ProgramData\Oracle\Java\javapath;C:\windows\system32;C:\windows;C:\windows\System32\Wbem;C:\windows\System32\WindowsPowerShell\v1.0\;C:\windows\System32\OpenSSH\;D:\Matlab\bin;D:\mysql8.0.21\mysql-8.0.21-winx64\bin;C:\Program Files\dotnet\;D:\maven\apache-maven-3.9.11;D:\gradle-8.1\gradle-8.1\bin;D:\spring-boot-cli-2.0.1\spring-2.0.1.RELEASE\bin;D:\jdk17\bin;D:\jdk17\jre\bin;D:\GIT\Git\cmd;D:\mdbook;D:\apache-tomcat-8.0.50\bin;D:\apache-tomcat-8.0.50\lib;D:\node.js16.20.2\;D:\node.js16.20.2\node_modules;D:\node.js16.20.2\;D:\redis\Redis;D:\wechatDevTools\微信web开发者工具\dll;F:\TortoiseGit\bin;F:\RabbitMQ\Erlang\erl-24.3.3\bin;F:\RabbitMQ\rabbitmq_server-3.10.10\sbin;D:\maven\apache-maven-3.9.11\bin;F:\微信开发工具1\微信web开发者工具\dll;F:\xshell\;F:\xftp\;F:\mongodb\mongodb-win32-x86_64-windows-8.0.3\bin;;F:\微信开发工具2\微信web开发者工具\dll;F:\anaconda;F:\anaconda\Library\mingw-w64\bin;F:\anaconda\Library\usr\bin;F:\anaconda\Library\bin;F:\anaconda\Scripts;C:\Program Files\MySQL\MySQL Shell 8.0\bin\;D:\python-3.8.0\Scripts\;D:\python-3.8.0\;D:\python-3.11.3\Scripts\;D:\python-3.11.3\;C:\Users\Administrator\AppData\Local\Microsoft\WindowsApps;C:\Users\Administrator\.dotnet\tools;D:\mysql\MySQL\mysql-8.0.23-winx64\bin;D:\node.js16.20.2\node_global;C:\Users\Administrator\AppData\Roaming\npm;D:\maven\apache-maven-3.9.11\bin;;E:\pycharm\PyCharm 2024.2.4\bin;
USERNAME=Administrator
OS=Windows_NT
PROCESSOR_IDENTIFIER=Intel64 Family 6 Model 126 Stepping 5, GenuineIntel



---------------  S Y S T E M  ---------------

OS:
 Windows 10 , 64 bit Build 19041 (10.0.19041.5915)
OS uptime: 1 days 4:19 hours

CPU: total 8 (initial active 8) (4 cores per cpu, 2 threads per core) family 6 model 126 stepping 5 microcode 0xc2, cx8, cmov, fxsr, ht, mmx, 3dnowpref, sse, sse2, sse3, ssse3, sse4.1, sse4.2, popcnt, lzcnt, tsc, tscinvbit, avx, avx2, aes, erms, clmul, bmi1, bmi2, adx, avx512f, avx512dq, avx512cd, avx512bw, avx512vl, sha, fma, vzeroupper, avx512_vpopcntdq, avx512_vpclmulqdq, avx512_vaes, avx512_vnni, clflush, clflushopt, avx512_vbmi2, avx512_vbmi

Memory: 4k page, system-wide physical 7959M (334M free)
TotalPageFile size 20759M (AvailPageFile size 14M)
current process WorkingSet (physical memory assigned to process): 408M, peak: 408M
current process commit charge ("private bytes"): 481M, peak: 735M

vm_info: Java HotSpot(TM) 64-Bit Server VM (17.0.12+8-LTS-286) for windows-amd64 JRE (17.0.12+8-LTS-286), built on Jun  5 2024 06:46:59 by "mach5one" with MS VC++ 17.6 (VS2022)

END.
