#
# There is insufficient memory for the Java Runtime Environment to continue.
# Native memory allocation (malloc) failed to allocate 32744 bytes for ChunkPool::allocate
# Possible reasons:
#   The system is out of physical RAM or swap space
#   The process is running with CompressedOops enabled, and the Java Heap may be blocking the growth of the native heap
# Possible solutions:
#   Reduce memory load on the system
#   Increase physical memory or swap space
#   Check if swap backing store is full
#   Decrease Java heap size (-Xmx/-Xms)
#   Decrease number of Java threads
#   Decrease Java thread stack sizes (-Xss)
#   Set larger code cache with -XX:ReservedCodeCacheSize=
#   JVM is running with Unscaled Compressed Oops mode in which the Java heap is
#     placed in the first 4GB address space. The Java Heap base address is the
#     maximum limit for the native heap growth. Please use -XX:HeapBaseMinAddress
#     to set the Java Heap base and to place the Java Heap above 4GB virtual address.
# This output file may be truncated or incomplete.
#
#  Out of Memory Error (arena.cpp:78), pid=8676, tid=19180
#
# JRE version: Java(TM) SE Runtime Environment (17.0.12+8) (build 17.0.12+8-LTS-286)
# Java VM: Java HotSpot(TM) 64-Bit Server VM (17.0.12+8-LTS-286, mixed mode, emulated-client, sharing, tiered, compressed oops, compressed class ptrs, g1 gc, windows-amd64)
# No core dump will be written. Minidumps are not enabled by default on client versions of Windows
#

---------------  S U M M A R Y ------------

Command Line: -XX:TieredStopAtLevel=1 -Dspring.output.ansi.enabled=always -Dcom.sun.management.jmxremote -Dspring.jmx.enabled=true -Dspring.liveBeansView.mbeanDomain -Dspring.application.admin.enabled=true -Dmanagement.endpoints.jmx.exposure.include=* -javaagent:D:\idea\IDEA2024\IntelliJ IDEA 2024.2.1\lib\idea_rt.jar=54689:D:\idea\IDEA2024\IntelliJ IDEA 2024.2.1\bin -Dfile.encoding=UTF-8 com.daijia.ServiceMapApplication

Host: Intel(R) Core(TM) i5-1035G1 CPU @ 1.00GHz, 8 cores, 7G,  Windows 10 , 64 bit Build 19041 (10.0.19041.5915)
Time: Tue Mar  3 16:43:33 2026  Windows 10 , 64 bit Build 19041 (10.0.19041.5915) elapsed time: 429.824160 seconds (0d 0h 7m 9s)

---------------  T H R E A D  ---------------

Current thread (0x0000015272271370):  JavaThread "C1 CompilerThread0" daemon [_thread_in_native, id=19180, stack(0x0000003007500000,0x0000003007600000)]


Current CompileTask:
C1: 429824 8937       1       org.redisson.client.handler.CommandDecoder::decode (1380 bytes)

Stack: [0x0000003007500000,0x0000003007600000]
Native frames: (J=compiled Java code, j=interpreted, Vv=VM code, C=native code)
V  [jvm.dll+0x67a04a]
V  [jvm.dll+0x7da4ed]
V  [jvm.dll+0x7dbe33]
V  [jvm.dll+0x7dc4a3]
V  [jvm.dll+0x24508f]
V  [jvm.dll+0xab9a4]
V  [jvm.dll+0xabd3c]
V  [jvm.dll+0xb75dd]
V  [jvm.dll+0x15f42e]
V  [jvm.dll+0x16b288]
V  [jvm.dll+0x16b3f0]
V  [jvm.dll+0x160d68]
V  [jvm.dll+0x15e16e]
V  [jvm.dll+0x14c490]
V  [jvm.dll+0x1355a7]
V  [jvm.dll+0x134eff]
V  [jvm.dll+0x135148]
V  [jvm.dll+0x1345d1]
V  [jvm.dll+0x1362bd]
V  [jvm.dll+0x22610b]
V  [jvm.dll+0x2242ab]
V  [jvm.dll+0x79075c]
V  [jvm.dll+0x78abea]
V  [jvm.dll+0x678f35]
C  [ucrtbase.dll+0x21bb2]
C  [KERNEL32.DLL+0x17374]
C  [ntdll.dll+0x4cc91]


---------------  P R O C E S S  ---------------

Threads class SMR info:
_java_thread_list=0x000001527917b8d0, length=115, elements={
0x000001527224e440, 0x000001527224f000, 0x000001527226aaa0, 0x000001527226d570,
0x000001527226df30, 0x0000015272270900, 0x0000015272271370, 0x0000015272271d70,
0x00000152722380f0, 0x00000152726fb0b0, 0x00000152726fb590, 0x0000015272bd3790,
0x0000015277583a80, 0x0000015277a01fb0, 0x0000015277a01590, 0x0000015277a01080,
0x0000015277a03e10, 0x0000015277a01aa0, 0x0000015277a033f0, 0x0000015277a029d0,
0x0000015277a03900, 0x0000015277ec5930, 0x0000015277ec2690, 0x0000015277ec2ba0,
0x0000015277ec35c0, 0x0000015277ec4f10, 0x0000015277ec3ad0, 0x0000015277ec4a00,
0x0000015277ec6d70, 0x0000015277ec44f0, 0x0000015277ec5420, 0x0000015277ebf900,
0x0000015277ec0830, 0x0000015277ec0d40, 0x0000015279671c90, 0x000001527966dfd0,
0x000001527966d5b0, 0x000001527966e4e0, 0x00000152796721a0, 0x000001527966e9f0,
0x000001527966d0a0, 0x0000015279670d60, 0x0000015279670850, 0x0000015279671270,
0x000001527966dac0, 0x0000015279671780, 0x0000015279674000, 0x0000015279674510,
0x000001527966fe30, 0x000001527966ef00, 0x00000152796726b0, 0x000001527966f410,
0x000001527966f920, 0x0000015279673af0, 0x0000015279672bc0, 0x00000152796730d0,
0x00000152796735e0, 0x0000015279674a20, 0x0000015279670340, 0x000001527974a890,
0x000001527974c1e0, 0x000001527974d620, 0x0000015279746bd0, 0x00000152797466c0,
0x0000015279748520, 0x000001527974b2b0, 0x00000152797470e0, 0x000001527974ada0,
0x000001527974bcd0, 0x000001527974cc00, 0x000001527974c6f0, 0x0000015279749960,
0x0000015279749e70, 0x000001527974a380, 0x000001527974b7c0, 0x0000015279748f40,
0x000001527974d110, 0x0000015279748010, 0x0000015279748a30, 0x00000152797475f0,
0x0000015279749450, 0x000001527974db30, 0x0000015279747b00, 0x0000015279904100,
0x00000152799027b0, 0x0000015279904610, 0x0000015279904b20, 0x00000152799036e0,
0x0000015279905030, 0x0000015279901d90, 0x0000015279901880, 0x0000015279903bf0,
0x00000152799031d0, 0x00000152799022a0, 0x0000015279902cc0, 0x0000015277a024c0,
0x0000015272e56090, 0x0000015272e57ef0, 0x0000015272e56fc0, 0x0000015272e5a260,
0x0000015272e579e0, 0x0000015272e53810, 0x0000015272e574d0, 0x0000015272e53d20,
0x0000015272e58400, 0x0000015272e54230, 0x0000015272e59840, 0x0000015272e54740,
0x0000015272e54c50, 0x0000015272e56ab0, 0x0000015272e59d50, 0x0000015272e59330,
0x0000015272e52df0, 0x0000015272e58e20, 0x000001527e0104e0
}

Java Threads: ( => current thread )
  0x000001527224e440 JavaThread "Reference Handler" daemon [_thread_blocked, id=14440, stack(0x0000003006f00000,0x0000003007000000)]
  0x000001527224f000 JavaThread "Finalizer" daemon [_thread_blocked, id=19024, stack(0x0000003007000000,0x0000003007100000)]
  0x000001527226aaa0 JavaThread "Signal Dispatcher" daemon [_thread_blocked, id=5676, stack(0x0000003007100000,0x0000003007200000)]
  0x000001527226d570 JavaThread "Attach Listener" daemon [_thread_blocked, id=16188, stack(0x0000003007200000,0x0000003007300000)]
  0x000001527226df30 JavaThread "Service Thread" daemon [_thread_blocked, id=14344, stack(0x0000003007300000,0x0000003007400000)]
  0x0000015272270900 JavaThread "Monitor Deflation Thread" daemon [_thread_blocked, id=16404, stack(0x0000003007400000,0x0000003007500000)]
=>0x0000015272271370 JavaThread "C1 CompilerThread0" daemon [_thread_in_native, id=19180, stack(0x0000003007500000,0x0000003007600000)]
  0x0000015272271d70 JavaThread "Sweeper thread" daemon [_thread_blocked, id=19332, stack(0x0000003007600000,0x0000003007700000)]
  0x00000152722380f0 JavaThread "Common-Cleaner" daemon [_thread_blocked, id=15556, stack(0x0000003007700000,0x0000003007800000)]
  0x00000152726fb0b0 JavaThread "Monitor Ctrl-Break" daemon [_thread_in_native, id=232, stack(0x0000003007a00000,0x0000003007b00000)]
  0x00000152726fb590 JavaThread "Notification Thread" daemon [_thread_blocked, id=16400, stack(0x0000003007b00000,0x0000003007c00000)]
  0x0000015272bd3790 JavaThread "RMI TCP Accept-0" daemon [_thread_in_native, id=14264, stack(0x0000003007c00000,0x0000003007d00000)]
  0x0000015277583a80 JavaThread "RMI Scheduler(0)" daemon [_thread_blocked, id=5748, stack(0x0000003008800000,0x0000003008900000)]
  0x0000015277a01fb0 JavaThread "com.alibaba.nacos.client.auth.ram.identify.watcher.0" daemon [_thread_blocked, id=18060, stack(0x0000003008900000,0x0000003008a00000)]
  0x0000015277a01590 JavaThread "com.alibaba.nacos.client.Worker.0" daemon [_thread_blocked, id=11956, stack(0x0000003007900000,0x0000003007a00000)]
  0x0000015277a01080 JavaThread "com.alibaba.nacos.client.Worker.1" daemon [_thread_blocked, id=10100, stack(0x0000003008a00000,0x0000003008b00000)]
  0x0000015277a03e10 JavaThread "com.alibaba.nacos.client.Worker.2" daemon [_thread_blocked, id=15756, stack(0x0000003008b00000,0x0000003008c00000)]
  0x0000015277a01aa0 JavaThread "nacos.publisher-com.alibaba.nacos.common.notify.SlowEvent" daemon [_thread_blocked, id=17568, stack(0x0000003008d00000,0x0000003008e00000)]
  0x0000015277a033f0 JavaThread "com.alibaba.nacos.client.remote.worker.0" daemon [_thread_blocked, id=14260, stack(0x0000003008e00000,0x0000003008f00000)]
  0x0000015277a029d0 JavaThread "com.alibaba.nacos.client.remote.worker.1" daemon [_thread_blocked, id=16148, stack(0x0000003008f00000,0x0000003009000000)]
  0x0000015277a03900 JavaThread "grpc-nio-worker-ELG-1-1" daemon [_thread_in_native, id=4652, stack(0x0000003009100000,0x0000003009200000)]
  0x0000015277ec5930 JavaThread "grpc-nio-worker-ELG-1-2" daemon [_thread_in_native, id=14312, stack(0x0000003009500000,0x0000003009600000)]
  0x0000015277ec2690 JavaThread "nacos.publisher-com.alibaba.nacos.common.ability.AbstractAbilityControlManager$AbilityUpdateEvent" daemon [_thread_blocked, id=19136, stack(0x0000003009c00000,0x0000003009d00000)]
  0x0000015277ec2ba0 JavaThread "Catalina-utility-1" [_thread_blocked, id=14296, stack(0x000000300a300000,0x000000300a400000)]
  0x0000015277ec35c0 JavaThread "Catalina-utility-2" [_thread_blocked, id=14012, stack(0x000000300a400000,0x000000300a500000)]
  0x0000015277ec4f10 JavaThread "container-0" [_thread_blocked, id=14640, stack(0x000000300a500000,0x000000300a600000)]
  0x0000015277ec3ad0 JavaThread "Thread-8" daemon [_thread_in_native, id=13608, stack(0x000000300a600000,0x000000300a700000)]
  0x0000015277ec4a00 JavaThread "lettuce-eventExecutorLoop-1-1" daemon [_thread_blocked, id=19408, stack(0x000000300a700000,0x000000300a800000)]
  0x0000015277ec6d70 JavaThread "lettuce-timer-3-1" daemon [_thread_blocked, id=17180, stack(0x000000300a800000,0x000000300a900000)]
  0x0000015277ec44f0 JavaThread "com.alibaba.nacos.client.Worker.3" daemon [_thread_blocked, id=16104, stack(0x000000300a900000,0x000000300aa00000)]
  0x0000015277ec5420 JavaThread "BufferPoolPruner-1-thread-1" daemon [_thread_blocked, id=13996, stack(0x000000300aa00000,0x000000300ab00000)]
  0x0000015277ebf900 JavaThread "cluster-ClusterId{value='69a69d8f39af3f1c1354563e', description='null'}-localhost:27017" daemon [_thread_in_native, id=7808, stack(0x000000300ab00000,0x000000300ac00000)]
  0x0000015277ec0830 JavaThread "cluster-rtt-ClusterId{value='69a69d8f39af3f1c1354563e', description='null'}-localhost:27017" daemon [_thread_blocked, id=14016, stack(0x000000300ac00000,0x000000300ad00000)]
  0x0000015277ec0d40 JavaThread "MaintenanceTimer-2-thread-1" daemon [_thread_blocked, id=11496, stack(0x000000300ad00000,0x000000300ae00000)]
  0x0000015279671c90 JavaThread "redisson-netty-4-1" [_thread_in_native, id=16352, stack(0x000000300ae00000,0x000000300af00000)]
  0x000001527966dfd0 JavaThread "redisson-netty-4-2" [_thread_in_native, id=14032, stack(0x000000300af00000,0x000000300b000000)]
  0x000001527966d5b0 JavaThread "redisson-netty-4-3" [_thread_in_native, id=8824, stack(0x000000300b000000,0x000000300b100000)]
  0x000001527966e4e0 JavaThread "redisson-netty-4-4" [_thread_in_native, id=12376, stack(0x000000300b100000,0x000000300b200000)]
  0x00000152796721a0 JavaThread "redisson-timer-6-1" [_thread_blocked, id=18708, stack(0x000000300b200000,0x000000300b300000)]
  0x000001527966e9f0 JavaThread "redisson-netty-4-5" [_thread_in_native, id=7252, stack(0x000000300b300000,0x000000300b400000)]
  0x000001527966d0a0 JavaThread "redisson-netty-4-6" [_thread_in_native, id=15480, stack(0x000000300b400000,0x000000300b500000)]
  0x0000015279670d60 JavaThread "redisson-netty-4-7" [_thread_in_native, id=18648, stack(0x000000300b500000,0x000000300b600000)]
  0x0000015279670850 JavaThread "redisson-5-1" [_thread_blocked, id=2360, stack(0x000000300b600000,0x000000300b700000)]
  0x0000015279671270 JavaThread "redisson-netty-4-8" [_thread_in_native, id=18848, stack(0x000000300b700000,0x000000300b800000)]
  0x000001527966dac0 JavaThread "redisson-netty-4-9" [_thread_in_native, id=2920, stack(0x000000300b800000,0x000000300b900000)]
  0x0000015279671780 JavaThread "redisson-5-2" [_thread_blocked, id=16140, stack(0x000000300b900000,0x000000300ba00000)]
  0x0000015279674000 JavaThread "redisson-netty-4-10" [_thread_in_native, id=9688, stack(0x000000300ba00000,0x000000300bb00000)]
  0x0000015279674510 JavaThread "redisson-netty-4-11" [_thread_in_native, id=18504, stack(0x000000300bb00000,0x000000300bc00000)]
  0x000001527966fe30 JavaThread "redisson-5-3" [_thread_blocked, id=14636, stack(0x000000300bc00000,0x000000300bd00000)]
  0x000001527966ef00 JavaThread "redisson-netty-4-12" [_thread_in_native, id=19004, stack(0x000000300bd00000,0x000000300be00000)]
  0x00000152796726b0 JavaThread "redisson-netty-4-13" [_thread_in_native, id=11440, stack(0x000000300be00000,0x000000300bf00000)]
  0x000001527966f410 JavaThread "redisson-5-4" [_thread_blocked, id=9400, stack(0x000000300bf00000,0x000000300c000000)]
  0x000001527966f920 JavaThread "redisson-netty-4-14" [_thread_in_native, id=17412, stack(0x000000300c000000,0x000000300c100000)]
  0x0000015279673af0 JavaThread "redisson-netty-4-15" [_thread_in_native, id=18296, stack(0x000000300c100000,0x000000300c200000)]
  0x0000015279672bc0 JavaThread "redisson-5-5" [_thread_blocked, id=15444, stack(0x000000300c200000,0x000000300c300000)]
  0x00000152796730d0 JavaThread "redisson-netty-4-16" [_thread_in_native, id=13016, stack(0x000000300c300000,0x000000300c400000)]
  0x00000152796735e0 JavaThread "redisson-netty-4-17" [_thread_in_native, id=16864, stack(0x000000300c400000,0x000000300c500000)]
  0x0000015279674a20 JavaThread "redisson-5-6" [_thread_blocked, id=19072, stack(0x000000300c500000,0x000000300c600000)]
  0x0000015279670340 JavaThread "redisson-netty-4-18" [_thread_in_native, id=17072, stack(0x000000300c600000,0x000000300c700000)]
  0x000001527974a890 JavaThread "redisson-netty-4-19" [_thread_in_native, id=17480, stack(0x000000300c700000,0x000000300c800000)]
  0x000001527974c1e0 JavaThread "redisson-5-7" [_thread_blocked, id=19256, stack(0x000000300c800000,0x000000300c900000)]
  0x000001527974d620 JavaThread "redisson-netty-4-20" [_thread_in_native, id=14284, stack(0x000000300c900000,0x000000300ca00000)]
  0x0000015279746bd0 JavaThread "redisson-netty-4-21" [_thread_in_native, id=9156, stack(0x000000300ca00000,0x000000300cb00000)]
  0x00000152797466c0 JavaThread "redisson-5-8" [_thread_blocked, id=9160, stack(0x000000300cb00000,0x000000300cc00000)]
  0x0000015279748520 JavaThread "redisson-netty-4-22" [_thread_in_native, id=5996, stack(0x000000300cc00000,0x000000300cd00000)]
  0x000001527974b2b0 JavaThread "redisson-netty-4-23" [_thread_in_native, id=16440, stack(0x000000300cd00000,0x000000300ce00000)]
  0x00000152797470e0 JavaThread "redisson-5-9" [_thread_blocked, id=15912, stack(0x000000300ce00000,0x000000300cf00000)]
  0x000001527974ada0 JavaThread "redisson-netty-4-24" [_thread_in_native, id=9936, stack(0x000000300cf00000,0x000000300d000000)]
  0x000001527974bcd0 JavaThread "redisson-netty-4-25" [_thread_in_native, id=8872, stack(0x000000300d000000,0x000000300d100000)]
  0x000001527974cc00 JavaThread "redisson-5-10" [_thread_blocked, id=12248, stack(0x000000300d100000,0x000000300d200000)]
  0x000001527974c6f0 JavaThread "redisson-netty-4-26" [_thread_in_native, id=12684, stack(0x000000300d200000,0x000000300d300000)]
  0x0000015279749960 JavaThread "redisson-netty-4-27" [_thread_in_native, id=17488, stack(0x000000300d300000,0x000000300d400000)]
  0x0000015279749e70 JavaThread "redisson-5-11" [_thread_blocked, id=15604, stack(0x000000300d400000,0x000000300d500000)]
  0x000001527974a380 JavaThread "redisson-netty-4-28" [_thread_in_native, id=17500, stack(0x000000300d500000,0x000000300d600000)]
  0x000001527974b7c0 JavaThread "redisson-netty-4-29" [_thread_in_native, id=9896, stack(0x000000300d600000,0x000000300d700000)]
  0x0000015279748f40 JavaThread "redisson-5-12" [_thread_blocked, id=2592, stack(0x000000300d700000,0x000000300d800000)]
  0x000001527974d110 JavaThread "redisson-netty-4-30" [_thread_in_native, id=1744, stack(0x000000300d800000,0x000000300d900000)]
  0x0000015279748010 JavaThread "redisson-netty-4-31" [_thread_in_native, id=2324, stack(0x000000300d900000,0x000000300da00000)]
  0x0000015279748a30 JavaThread "redisson-5-13" [_thread_blocked, id=19040, stack(0x000000300da00000,0x000000300db00000)]
  0x00000152797475f0 JavaThread "redisson-netty-4-32" [_thread_in_native, id=19236, stack(0x000000300db00000,0x000000300dc00000)]
  0x0000015279749450 JavaThread "redisson-5-14" [_thread_blocked, id=12336, stack(0x000000300dc00000,0x000000300dd00000)]
  0x000001527974db30 JavaThread "redisson-5-15" [_thread_blocked, id=18424, stack(0x000000300de00000,0x000000300df00000)]
  0x0000015279747b00 JavaThread "redisson-5-16" [_thread_blocked, id=12784, stack(0x000000300df00000,0x000000300e000000)]
  0x0000015279904100 JavaThread "spring.cloud.inetutils" daemon [_thread_blocked, id=9444, stack(0x000000300dd00000,0x000000300de00000)]
  0x00000152799027b0 JavaThread "com.alibaba.nacos.client.Worker.4" daemon [_thread_blocked, id=2512, stack(0x0000003007800000,0x0000003007900000)]
  0x0000015279904610 JavaThread "http-nio-8503-exec-1" daemon [_thread_blocked, id=14484, stack(0x0000003008500000,0x0000003008600000)]
  0x0000015279904b20 JavaThread "http-nio-8503-exec-2" daemon [_thread_blocked, id=15776, stack(0x0000003008c00000,0x0000003008d00000)]
  0x00000152799036e0 JavaThread "http-nio-8503-exec-3" daemon [_thread_blocked, id=17636, stack(0x000000300e000000,0x000000300e100000)]
  0x0000015279905030 JavaThread "http-nio-8503-exec-4" daemon [_thread_blocked, id=19356, stack(0x000000300e100000,0x000000300e200000)]
  0x0000015279901d90 JavaThread "http-nio-8503-exec-5" daemon [_thread_blocked, id=11068, stack(0x000000300e200000,0x000000300e300000)]
  0x0000015279901880 JavaThread "http-nio-8503-exec-6" daemon [_thread_blocked, id=7676, stack(0x000000300e300000,0x000000300e400000)]
  0x0000015279903bf0 JavaThread "http-nio-8503-exec-7" daemon [_thread_blocked, id=9196, stack(0x000000300e400000,0x000000300e500000)]
  0x00000152799031d0 JavaThread "http-nio-8503-exec-8" daemon [_thread_blocked, id=14084, stack(0x000000300e500000,0x000000300e600000)]
  0x00000152799022a0 JavaThread "http-nio-8503-exec-9" daemon [_thread_blocked, id=3000, stack(0x000000300e600000,0x000000300e700000)]
  0x0000015279902cc0 JavaThread "http-nio-8503-exec-10" daemon [_thread_blocked, id=13836, stack(0x000000300e700000,0x000000300e800000)]
  0x0000015277a024c0 JavaThread "http-nio-8503-Poller" daemon [_thread_in_native, id=19036, stack(0x000000300e800000,0x000000300e900000)]
  0x0000015272e56090 JavaThread "http-nio-8503-Acceptor" daemon [_thread_in_native, id=19176, stack(0x000000300e900000,0x000000300ea00000)]
  0x0000015272e57ef0 JavaThread "nacos.publisher-com.alibaba.nacos.client.naming.event.InstancesChangeEvent" daemon [_thread_blocked, id=16836, stack(0x000000300ea00000,0x000000300eb00000)]
  0x0000015272e56fc0 JavaThread "com.alibaba.nacos.naming.failover.0" daemon [_thread_blocked, id=14304, stack(0x000000300eb00000,0x000000300ec00000)]
  0x0000015272e5a260 JavaThread "com.alibaba.nacos.client.naming.security.0" daemon [_thread_blocked, id=14712, stack(0x000000300ec00000,0x000000300ed00000)]
  0x0000015272e579e0 JavaThread "com.alibaba.nacos.client.naming.grpc.redo.0" daemon [_thread_blocked, id=15608, stack(0x000000300ee00000,0x000000300ef00000)]
  0x0000015272e53810 JavaThread "com.alibaba.nacos.client.remote.worker.0" daemon [_thread_blocked, id=14660, stack(0x000000300ef00000,0x000000300f000000)]
  0x0000015272e574d0 JavaThread "com.alibaba.nacos.client.remote.worker.1" daemon [_thread_blocked, id=11832, stack(0x000000300f000000,0x000000300f100000)]
  0x0000015272e53d20 JavaThread "grpc-nio-worker-ELG-1-3" daemon [_thread_in_native, id=16020, stack(0x000000300f100000,0x000000300f200000)]
  0x0000015272e58400 JavaThread "grpc-nio-worker-ELG-1-4" daemon [_thread_in_native, id=16196, stack(0x000000300f400000,0x000000300f500000)]
  0x0000015272e54230 JavaThread "nacos.client.config.listener.task-0" daemon [_thread_blocked, id=17108, stack(0x0000003009300000,0x0000003009400000)]
  0x0000015272e59840 JavaThread "DestroyJavaVM" [_thread_blocked, id=16716, stack(0x0000003006800000,0x0000003006900000)]
  0x0000015272e54740 JavaThread "com.alibaba.nacos.client.Worker.5" daemon [_thread_blocked, id=17240, stack(0x0000003009900000,0x0000003009a00000)]
  0x0000015272e54c50 JavaThread "com.alibaba.nacos.client.Worker.6" daemon [_thread_blocked, id=8252, stack(0x0000003009a00000,0x0000003009b00000)]
  0x0000015272e56ab0 JavaThread "com.alibaba.nacos.client.Worker.7" daemon [_thread_blocked, id=4196, stack(0x0000003009400000,0x0000003009500000)]
  0x0000015272e59d50 JavaThread "lettuce-nioEventLoop-7-1" daemon [_thread_in_native, id=5192, stack(0x0000003009700000,0x0000003009800000)]
  0x0000015272e59330 JavaThread "nacos-grpc-client-executor-192.168.101.12-88" daemon [_thread_blocked, id=12868, stack(0x0000003008600000,0x0000003008700000)]
  0x0000015272e52df0 JavaThread "nacos-grpc-client-executor-192.168.101.12-103" daemon [_thread_blocked, id=2376, stack(0x0000003006600000,0x0000003006700000)]
  0x0000015272e58e20 JavaThread "nacos-grpc-client-executor-192.168.101.12-89" daemon [_thread_blocked, id=17548, stack(0x0000003006700000,0x0000003006800000)]
  0x000001527e0104e0 JavaThread "C1 CompilerThread1" daemon [_thread_blocked, id=10616, stack(0x0000003009200000,0x0000003009300000)]

Other Threads:
  0x00000152722480d0 VMThread "VM Thread" [stack: 0x0000003006e00000,0x0000003006f00000] [id=8496]
  0x000001525e496590 WatcherThread [stack: 0x0000003007d00000,0x0000003007e00000] [id=12300]
  0x000001525e47d2f0 GCTaskThread "GC Thread#0" [stack: 0x0000003006900000,0x0000003006a00000] [id=12516]
  0x0000015277363040 GCTaskThread "GC Thread#1" [stack: 0x0000003007e00000,0x0000003007f00000] [id=14824]
  0x0000015277363300 GCTaskThread "GC Thread#2" [stack: 0x0000003007f00000,0x0000003008000000] [id=12324]
  0x000001527742afb0 GCTaskThread "GC Thread#3" [stack: 0x0000003008000000,0x0000003008100000] [id=13604]
  0x000001527742b680 GCTaskThread "GC Thread#4" [stack: 0x0000003008100000,0x0000003008200000] [id=17712]
  0x000001527742b940 GCTaskThread "GC Thread#5" [stack: 0x0000003008200000,0x0000003008300000] [id=19360]
  0x000001527742bc00 GCTaskThread "GC Thread#6" [stack: 0x0000003008300000,0x0000003008400000] [id=15456]
  0x000001527760b0b0 GCTaskThread "GC Thread#7" [stack: 0x0000003008700000,0x0000003008800000] [id=5240]
  0x000001525e48db00 ConcurrentGCThread "G1 Main Marker" [stack: 0x0000003006a00000,0x0000003006b00000] [id=4288]
  0x000001525e48e510 ConcurrentGCThread "G1 Conc#0" [stack: 0x0000003006b00000,0x0000003006c00000] [id=13636]
  0x0000015277ab4f00 ConcurrentGCThread "G1 Conc#1" [stack: 0x0000003009000000,0x0000003009100000] [id=16948]
  0x000001525e4de880 ConcurrentGCThread "G1 Refine#0" [stack: 0x0000003006c00000,0x0000003006d00000] [id=17580]
  0x000001527742d860 ConcurrentGCThread "G1 Refine#1" [stack: 0x0000003008400000,0x0000003008500000] [id=496]
  0x0000015278b37930 ConcurrentGCThread "G1 Refine#2" [stack: 0x000000300ed00000,0x000000300ee00000] [id=16552]
  0x0000015272100160 ConcurrentGCThread "G1 Service" [stack: 0x0000003006d00000,0x0000003006e00000] [id=18928]

Threads with active compile tasks:
C1 CompilerThread0   429891 8937       1       org.redisson.client.handler.CommandDecoder::decode (1380 bytes)

VM state: not at safepoint (normal execution)

VM Mutex/Monitor currently owned by a thread: None

Heap address: 0x0000000083a00000, size: 1990 MB, Compressed Oops mode: 32-bit

CDS archive(s) mapped at: [0x0000015200000000-0x0000015200bd0000-0x0000015200bd0000), size 12386304, SharedBaseAddress: 0x0000015200000000, ArchiveRelocationMode: 1.
Compressed class space mapped at: 0x0000015201000000-0x0000015241000000, reserved size: 1073741824
Narrow klass base: 0x0000015200000000, Narrow klass shift: 0, Narrow klass range: 0x100000000

GC Precious Log:
 CPUs: 8 total, 8 available
 Memory: 7959M
 Large Page Support: Disabled
 NUMA Support: Disabled
 Compressed Oops: Enabled (32-bit)
 Heap Region Size: 1M
 Heap Min Capacity: 8M
 Heap Initial Capacity: 126M
 Heap Max Capacity: 1990M
 Pre-touch: Disabled
 Parallel Workers: 8
 Concurrent Workers: 2
 Concurrent Refinement Workers: 8
 Periodic GC: Disabled

Heap:
 garbage-first heap   total 215040K, used 159368K [0x0000000083a00000, 0x0000000100000000)
  region size 1024K, 59 young (60416K), 8 survivors (8192K)
 Metaspace       used 76809K, committed 77504K, reserved 1179648K
  class space    used 10538K, committed 10880K, reserved 1048576K

Heap Regions: E=young(eden), S=young(survivor), O=old, HS=humongous(starts), HC=humongous(continues), CS=collection set, F=free, OA=open archive, CA=closed archive, TAMS=top-at-mark-start (previous, next)
|   0|0x0000000083a00000, 0x0000000083b00000, 0x0000000083b00000|100%|HS|  |TAMS 0x0000000083b00000, 0x0000000083a00000| Complete 
|   1|0x0000000083b00000, 0x0000000083c00000, 0x0000000083c00000|100%| O|  |TAMS 0x0000000083c00000, 0x0000000083b00000| Untracked 
|   2|0x0000000083c00000, 0x0000000083d00000, 0x0000000083d00000|100%|HS|  |TAMS 0x0000000083d00000, 0x0000000083c00000| Complete 
|   3|0x0000000083d00000, 0x0000000083e00000, 0x0000000083e00000|100%| O|  |TAMS 0x0000000083e00000, 0x0000000083d00000| Untracked 
|   4|0x0000000083e00000, 0x0000000083f00000, 0x0000000083f00000|100%| O|  |TAMS 0x0000000083f00000, 0x0000000083e00000| Untracked 
|   5|0x0000000083f00000, 0x0000000084000000, 0x0000000084000000|100%| O|  |TAMS 0x0000000084000000, 0x0000000083f00000| Untracked 
|   6|0x0000000084000000, 0x0000000084100000, 0x0000000084100000|100%| O|  |TAMS 0x0000000084100000, 0x0000000084000000| Untracked 
|   7|0x0000000084100000, 0x0000000084200000, 0x0000000084200000|100%| O|  |TAMS 0x0000000084200000, 0x0000000084100000| Untracked 
|   8|0x0000000084200000, 0x0000000084300000, 0x0000000084300000|100%| O|  |TAMS 0x0000000084300000, 0x0000000084200000| Untracked 
|   9|0x0000000084300000, 0x0000000084400000, 0x0000000084400000|100%| O|  |TAMS 0x0000000084400000, 0x0000000084300000| Untracked 
|  10|0x0000000084400000, 0x0000000084500000, 0x0000000084500000|100%| O|  |TAMS 0x0000000084400000, 0x0000000084400000| Untracked 
|  11|0x0000000084500000, 0x0000000084600000, 0x0000000084600000|100%| O|  |TAMS 0x0000000084600000, 0x0000000084500000| Untracked 
|  12|0x0000000084600000, 0x0000000084700000, 0x0000000084700000|100%| O|  |TAMS 0x0000000084700000, 0x0000000084600000| Untracked 
|  13|0x0000000084700000, 0x0000000084800000, 0x0000000084800000|100%| O|  |TAMS 0x0000000084800000, 0x0000000084700000| Untracked 
|  14|0x0000000084800000, 0x0000000084900000, 0x0000000084900000|100%| O|  |TAMS 0x0000000084900000, 0x0000000084800000| Untracked 
|  15|0x0000000084900000, 0x0000000084a00000, 0x0000000084a00000|100%| O|  |TAMS 0x0000000084a00000, 0x0000000084900000| Untracked 
|  16|0x0000000084a00000, 0x0000000084b00000, 0x0000000084b00000|100%| O|  |TAMS 0x0000000084b00000, 0x0000000084a00000| Untracked 
|  17|0x0000000084b00000, 0x0000000084c00000, 0x0000000084c00000|100%| O|  |TAMS 0x0000000084c00000, 0x0000000084b00000| Untracked 
|  18|0x0000000084c00000, 0x0000000084d00000, 0x0000000084d00000|100%| O|  |TAMS 0x0000000084d00000, 0x0000000084c00000| Untracked 
|  19|0x0000000084d00000, 0x0000000084e00000, 0x0000000084e00000|100%| O|  |TAMS 0x0000000084e00000, 0x0000000084d00000| Untracked 
|  20|0x0000000084e00000, 0x0000000084f00000, 0x0000000084f00000|100%| O|  |TAMS 0x0000000084f00000, 0x0000000084e00000| Untracked 
|  21|0x0000000084f00000, 0x0000000085000000, 0x0000000085000000|100%| O|  |TAMS 0x0000000085000000, 0x0000000084f00000| Untracked 
|  22|0x0000000085000000, 0x0000000085100000, 0x0000000085100000|100%| O|  |TAMS 0x0000000085100000, 0x0000000085000000| Untracked 
|  23|0x0000000085100000, 0x0000000085200000, 0x0000000085200000|100%| O|  |TAMS 0x0000000085200000, 0x0000000085100000| Untracked 
|  24|0x0000000085200000, 0x0000000085300000, 0x0000000085300000|100%| O|  |TAMS 0x0000000085300000, 0x0000000085200000| Untracked 
|  25|0x0000000085300000, 0x0000000085400000, 0x0000000085400000|100%| O|  |TAMS 0x0000000085400000, 0x0000000085300000| Untracked 
|  26|0x0000000085400000, 0x0000000085500000, 0x0000000085500000|100%| O|  |TAMS 0x0000000085500000, 0x0000000085400000| Untracked 
|  27|0x0000000085500000, 0x0000000085600000, 0x0000000085600000|100%| O|  |TAMS 0x0000000085600000, 0x0000000085500000| Untracked 
|  28|0x0000000085600000, 0x0000000085700000, 0x0000000085700000|100%| O|  |TAMS 0x0000000085700000, 0x0000000085600000| Untracked 
|  29|0x0000000085700000, 0x0000000085800000, 0x0000000085800000|100%| O|  |TAMS 0x0000000085800000, 0x0000000085700000| Untracked 
|  30|0x0000000085800000, 0x0000000085900000, 0x0000000085900000|100%| O|  |TAMS 0x0000000085900000, 0x0000000085800000| Untracked 
|  31|0x0000000085900000, 0x0000000085a00000, 0x0000000085a00000|100%| O|  |TAMS 0x0000000085a00000, 0x0000000085900000| Untracked 
|  32|0x0000000085a00000, 0x0000000085b00000, 0x0000000085b00000|100%| O|  |TAMS 0x0000000085b00000, 0x0000000085a00000| Untracked 
|  33|0x0000000085b00000, 0x0000000085c00000, 0x0000000085c00000|100%| O|  |TAMS 0x0000000085c00000, 0x0000000085b00000| Untracked 
|  34|0x0000000085c00000, 0x0000000085d00000, 0x0000000085d00000|100%| O|  |TAMS 0x0000000085d00000, 0x0000000085c00000| Untracked 
|  35|0x0000000085d00000, 0x0000000085e00000, 0x0000000085e00000|100%| O|  |TAMS 0x0000000085e00000, 0x0000000085d00000| Untracked 
|  36|0x0000000085e00000, 0x0000000085f00000, 0x0000000085f00000|100%| O|  |TAMS 0x0000000085f00000, 0x0000000085e00000| Untracked 
|  37|0x0000000085f00000, 0x0000000086000000, 0x0000000086000000|100%| O|  |TAMS 0x0000000086000000, 0x0000000085f00000| Untracked 
|  38|0x0000000086000000, 0x0000000086100000, 0x0000000086100000|100%| O|  |TAMS 0x0000000086100000, 0x0000000086000000| Untracked 
|  39|0x0000000086100000, 0x0000000086200000, 0x0000000086200000|100%| O|  |TAMS 0x0000000086200000, 0x0000000086100000| Untracked 
|  40|0x0000000086200000, 0x0000000086300000, 0x0000000086300000|100%| O|  |TAMS 0x0000000086200000, 0x0000000086200000| Untracked 
|  41|0x0000000086300000, 0x0000000086400000, 0x0000000086400000|100%| O|  |TAMS 0x0000000086400000, 0x0000000086300000| Untracked 
|  42|0x0000000086400000, 0x0000000086500000, 0x0000000086500000|100%| O|  |TAMS 0x0000000086500000, 0x0000000086400000| Untracked 
|  43|0x0000000086500000, 0x0000000086600000, 0x0000000086600000|100%| O|  |TAMS 0x0000000086500000, 0x0000000086500000| Untracked 
|  44|0x0000000086600000, 0x0000000086700000, 0x0000000086700000|100%| O|  |TAMS 0x0000000086700000, 0x0000000086600000| Untracked 
|  45|0x0000000086700000, 0x0000000086800000, 0x0000000086800000|100%| O|  |TAMS 0x0000000086800000, 0x0000000086700000| Untracked 
|  46|0x0000000086800000, 0x0000000086900000, 0x0000000086900000|100%| O|  |TAMS 0x0000000086900000, 0x0000000086800000| Untracked 
|  47|0x0000000086900000, 0x0000000086a00000, 0x0000000086a00000|100%| O|  |TAMS 0x0000000086a00000, 0x0000000086900000| Untracked 
|  48|0x0000000086a00000, 0x0000000086b00000, 0x0000000086b00000|100%| O|  |TAMS 0x0000000086b00000, 0x0000000086a00000| Untracked 
|  49|0x0000000086b00000, 0x0000000086c00000, 0x0000000086c00000|100%| O|  |TAMS 0x0000000086c00000, 0x0000000086b00000| Untracked 
|  50|0x0000000086c00000, 0x0000000086d00000, 0x0000000086d00000|100%| O|  |TAMS 0x0000000086c00000, 0x0000000086c00000| Untracked 
|  51|0x0000000086d00000, 0x0000000086e00000, 0x0000000086e00000|100%| O|  |TAMS 0x0000000086e00000, 0x0000000086d00000| Untracked 
|  52|0x0000000086e00000, 0x0000000086f00000, 0x0000000086f00000|100%| O|  |TAMS 0x0000000086e00000, 0x0000000086e00000| Untracked 
|  53|0x0000000086f00000, 0x0000000087000000, 0x0000000087000000|100%| O|  |TAMS 0x0000000086f00000, 0x0000000086f00000| Untracked 
|  54|0x0000000087000000, 0x0000000087100000, 0x0000000087100000|100%| O|  |TAMS 0x0000000087059200, 0x0000000087000000| Untracked 
|  55|0x0000000087100000, 0x0000000087200000, 0x0000000087200000|100%| O|  |TAMS 0x0000000087100000, 0x0000000087100000| Untracked 
|  56|0x0000000087200000, 0x0000000087300000, 0x0000000087300000|100%| O|  |TAMS 0x0000000087200000, 0x0000000087200000| Untracked 
|  57|0x0000000087300000, 0x0000000087400000, 0x0000000087400000|100%| O|  |TAMS 0x0000000087300000, 0x0000000087300000| Untracked 
|  58|0x0000000087400000, 0x0000000087500000, 0x0000000087500000|100%| O|  |TAMS 0x0000000087400000, 0x0000000087400000| Untracked 
|  59|0x0000000087500000, 0x0000000087600000, 0x0000000087600000|100%| O|  |TAMS 0x0000000087500000, 0x0000000087500000| Untracked 
|  60|0x0000000087600000, 0x0000000087700000, 0x0000000087700000|100%| O|  |TAMS 0x0000000087600000, 0x0000000087600000| Untracked 
|  61|0x0000000087700000, 0x0000000087800000, 0x0000000087800000|100%| O|  |TAMS 0x0000000087700000, 0x0000000087700000| Untracked 
|  62|0x0000000087800000, 0x0000000087900000, 0x0000000087900000|100%| O|  |TAMS 0x0000000087800000, 0x0000000087800000| Untracked 
|  63|0x0000000087900000, 0x0000000087a00000, 0x0000000087a00000|100%| O|  |TAMS 0x0000000087900000, 0x0000000087900000| Untracked 
|  64|0x0000000087a00000, 0x0000000087b00000, 0x0000000087b00000|100%| O|  |TAMS 0x0000000087a00000, 0x0000000087a00000| Untracked 
|  65|0x0000000087b00000, 0x0000000087c00000, 0x0000000087c00000|100%| O|  |TAMS 0x0000000087b00000, 0x0000000087b00000| Untracked 
|  66|0x0000000087c00000, 0x0000000087d00000, 0x0000000087d00000|100%| O|  |TAMS 0x0000000087c00000, 0x0000000087c00000| Untracked 
|  67|0x0000000087d00000, 0x0000000087e00000, 0x0000000087e00000|100%| O|  |TAMS 0x0000000087d00000, 0x0000000087d00000| Untracked 
|  68|0x0000000087e00000, 0x0000000087f00000, 0x0000000087f00000|100%| O|  |TAMS 0x0000000087e00000, 0x0000000087e00000| Untracked 
|  69|0x0000000087f00000, 0x0000000088000000, 0x0000000088000000|100%| O|  |TAMS 0x0000000087f00000, 0x0000000087f00000| Untracked 
|  70|0x0000000088000000, 0x0000000088100000, 0x0000000088100000|100%| O|  |TAMS 0x0000000088000000, 0x0000000088000000| Untracked 
|  71|0x0000000088100000, 0x0000000088200000, 0x0000000088200000|100%| O|  |TAMS 0x0000000088100000, 0x0000000088100000| Untracked 
|  72|0x0000000088200000, 0x0000000088300000, 0x0000000088300000|100%| O|  |TAMS 0x0000000088200000, 0x0000000088200000| Untracked 
|  73|0x0000000088300000, 0x0000000088400000, 0x0000000088400000|100%| O|  |TAMS 0x0000000088300000, 0x0000000088300000| Untracked 
|  74|0x0000000088400000, 0x0000000088500000, 0x0000000088500000|100%| O|  |TAMS 0x0000000088400000, 0x0000000088400000| Untracked 
|  75|0x0000000088500000, 0x0000000088600000, 0x0000000088600000|100%| O|  |TAMS 0x0000000088500000, 0x0000000088500000| Untracked 
|  76|0x0000000088600000, 0x0000000088700000, 0x0000000088700000|100%| O|  |TAMS 0x0000000088600000, 0x0000000088600000| Untracked 
|  77|0x0000000088700000, 0x0000000088800000, 0x0000000088800000|100%| O|  |TAMS 0x0000000088700000, 0x0000000088700000| Untracked 
|  78|0x0000000088800000, 0x0000000088900000, 0x0000000088900000|100%| O|  |TAMS 0x0000000088800000, 0x0000000088800000| Untracked 
|  79|0x0000000088900000, 0x0000000088a00000, 0x0000000088a00000|100%| O|  |TAMS 0x0000000088900000, 0x0000000088900000| Untracked 
|  80|0x0000000088a00000, 0x0000000088b00000, 0x0000000088b00000|100%| O|  |TAMS 0x0000000088a00000, 0x0000000088a00000| Untracked 
|  81|0x0000000088b00000, 0x0000000088c00000, 0x0000000088c00000|100%| O|  |TAMS 0x0000000088b00000, 0x0000000088b00000| Untracked 
|  82|0x0000000088c00000, 0x0000000088d00000, 0x0000000088d00000|100%| O|  |TAMS 0x0000000088c00000, 0x0000000088c00000| Untracked 
|  83|0x0000000088d00000, 0x0000000088e00000, 0x0000000088e00000|100%| O|  |TAMS 0x0000000088d00000, 0x0000000088d00000| Untracked 
|  84|0x0000000088e00000, 0x0000000088f00000, 0x0000000088f00000|100%| O|  |TAMS 0x0000000088e00000, 0x0000000088e00000| Untracked 
|  85|0x0000000088f00000, 0x0000000089000000, 0x0000000089000000|100%| O|  |TAMS 0x0000000088f00000, 0x0000000088f00000| Untracked 
|  86|0x0000000089000000, 0x0000000089100000, 0x0000000089100000|100%| O|  |TAMS 0x0000000089000000, 0x0000000089000000| Untracked 
|  87|0x0000000089100000, 0x0000000089200000, 0x0000000089200000|100%| O|  |TAMS 0x0000000089100000, 0x0000000089100000| Untracked 
|  88|0x0000000089200000, 0x0000000089300000, 0x0000000089300000|100%| O|  |TAMS 0x0000000089200000, 0x0000000089200000| Untracked 
|  89|0x0000000089300000, 0x0000000089400000, 0x0000000089400000|100%| O|  |TAMS 0x0000000089300000, 0x0000000089300000| Untracked 
|  90|0x0000000089400000, 0x0000000089500000, 0x0000000089500000|100%| O|  |TAMS 0x0000000089400000, 0x0000000089400000| Untracked 
|  91|0x0000000089500000, 0x0000000089600000, 0x0000000089600000|100%| O|  |TAMS 0x0000000089500000, 0x0000000089500000| Untracked 
|  92|0x0000000089600000, 0x0000000089700000, 0x0000000089700000|100%| O|  |TAMS 0x0000000089600000, 0x0000000089600000| Untracked 
|  93|0x0000000089700000, 0x0000000089800000, 0x0000000089800000|100%| O|  |TAMS 0x0000000089700000, 0x0000000089700000| Untracked 
|  94|0x0000000089800000, 0x0000000089900000, 0x0000000089900000|100%| O|  |TAMS 0x0000000089800000, 0x0000000089800000| Untracked 
|  95|0x0000000089900000, 0x0000000089a00000, 0x0000000089a00000|100%| O|  |TAMS 0x0000000089900000, 0x0000000089900000| Untracked 
|  96|0x0000000089a00000, 0x0000000089b00000, 0x0000000089b00000|100%| O|  |TAMS 0x0000000089a00000, 0x0000000089a00000| Untracked 
|  97|0x0000000089b00000, 0x0000000089c00000, 0x0000000089c00000|100%| O|  |TAMS 0x0000000089b00000, 0x0000000089b00000| Untracked 
|  98|0x0000000089c00000, 0x0000000089ca2000, 0x0000000089d00000| 63%| O|  |TAMS 0x0000000089c00000, 0x0000000089c00000| Untracked 
|  99|0x0000000089d00000, 0x0000000089d00000, 0x0000000089e00000|  0%| F|  |TAMS 0x0000000089d00000, 0x0000000089d00000| Untracked 
| 100|0x0000000089e00000, 0x0000000089e00000, 0x0000000089f00000|  0%| F|  |TAMS 0x0000000089e00000, 0x0000000089e00000| Untracked 
| 101|0x0000000089f00000, 0x0000000089f00000, 0x000000008a000000|  0%| F|  |TAMS 0x0000000089f00000, 0x0000000089f00000| Untracked 
| 102|0x000000008a000000, 0x000000008a000000, 0x000000008a100000|  0%| F|  |TAMS 0x000000008a000000, 0x000000008a000000| Untracked 
| 103|0x000000008a100000, 0x000000008a100000, 0x000000008a200000|  0%| F|  |TAMS 0x000000008a100000, 0x000000008a100000| Untracked 
| 104|0x000000008a200000, 0x000000008a200000, 0x000000008a300000|  0%| F|  |TAMS 0x000000008a200000, 0x000000008a200000| Untracked 
| 105|0x000000008a300000, 0x000000008a300000, 0x000000008a400000|  0%| F|  |TAMS 0x000000008a300000, 0x000000008a300000| Untracked 
| 106|0x000000008a400000, 0x000000008a400000, 0x000000008a500000|  0%| F|  |TAMS 0x000000008a400000, 0x000000008a400000| Untracked 
| 107|0x000000008a500000, 0x000000008a500000, 0x000000008a600000|  0%| F|  |TAMS 0x000000008a500000, 0x000000008a500000| Untracked 
| 108|0x000000008a600000, 0x000000008a600000, 0x000000008a700000|  0%| F|  |TAMS 0x000000008a600000, 0x000000008a600000| Untracked 
| 109|0x000000008a700000, 0x000000008a700000, 0x000000008a800000|  0%| F|  |TAMS 0x000000008a700000, 0x000000008a700000| Untracked 
| 110|0x000000008a800000, 0x000000008a800000, 0x000000008a900000|  0%| F|  |TAMS 0x000000008a800000, 0x000000008a800000| Untracked 
| 111|0x000000008a900000, 0x000000008a900000, 0x000000008aa00000|  0%| F|  |TAMS 0x000000008a900000, 0x000000008a900000| Untracked 
| 112|0x000000008aa00000, 0x000000008aa00000, 0x000000008ab00000|  0%| F|  |TAMS 0x000000008aa00000, 0x000000008aa00000| Untracked 
| 113|0x000000008ab00000, 0x000000008ab00000, 0x000000008ac00000|  0%| F|  |TAMS 0x000000008ab00000, 0x000000008ab00000| Untracked 
| 114|0x000000008ac00000, 0x000000008ac00000, 0x000000008ad00000|  0%| F|  |TAMS 0x000000008ac00000, 0x000000008ac00000| Untracked 
| 115|0x000000008ad00000, 0x000000008ad00000, 0x000000008ae00000|  0%| F|  |TAMS 0x000000008ad00000, 0x000000008ad00000| Untracked 
| 116|0x000000008ae00000, 0x000000008ae00000, 0x000000008af00000|  0%| F|  |TAMS 0x000000008ae00000, 0x000000008ae00000| Untracked 
| 117|0x000000008af00000, 0x000000008af00000, 0x000000008b000000|  0%| F|  |TAMS 0x000000008af00000, 0x000000008af00000| Untracked 
| 118|0x000000008b000000, 0x000000008b000000, 0x000000008b100000|  0%| F|  |TAMS 0x000000008b000000, 0x000000008b000000| Untracked 
| 119|0x000000008b100000, 0x000000008b100000, 0x000000008b200000|  0%| F|  |TAMS 0x000000008b100000, 0x000000008b100000| Untracked 
| 120|0x000000008b200000, 0x000000008b200000, 0x000000008b300000|  0%| F|  |TAMS 0x000000008b200000, 0x000000008b200000| Untracked 
| 121|0x000000008b300000, 0x000000008b300000, 0x000000008b400000|  0%| F|  |TAMS 0x000000008b300000, 0x000000008b300000| Untracked 
| 122|0x000000008b400000, 0x000000008b400000, 0x000000008b500000|  0%| F|  |TAMS 0x000000008b400000, 0x000000008b400000| Untracked 
| 123|0x000000008b500000, 0x000000008b500000, 0x000000008b600000|  0%| F|  |TAMS 0x000000008b500000, 0x000000008b500000| Untracked 
| 124|0x000000008b600000, 0x000000008b600000, 0x000000008b700000|  0%| F|  |TAMS 0x000000008b600000, 0x000000008b600000| Untracked 
| 125|0x000000008b700000, 0x000000008b700000, 0x000000008b800000|  0%| F|  |TAMS 0x000000008b700000, 0x000000008b700000| Untracked 
| 126|0x000000008b800000, 0x000000008b800000, 0x000000008b900000|  0%| F|  |TAMS 0x000000008b800000, 0x000000008b800000| Untracked 
| 127|0x000000008b900000, 0x000000008b900000, 0x000000008ba00000|  0%| F|  |TAMS 0x000000008b900000, 0x000000008b900000| Untracked 
| 128|0x000000008ba00000, 0x000000008ba00000, 0x000000008bb00000|  0%| F|  |TAMS 0x000000008ba00000, 0x000000008ba00000| Untracked 
| 129|0x000000008bb00000, 0x000000008bb00000, 0x000000008bc00000|  0%| F|  |TAMS 0x000000008bb00000, 0x000000008bb00000| Untracked 
| 130|0x000000008bc00000, 0x000000008bc00000, 0x000000008bd00000|  0%| F|  |TAMS 0x000000008bc00000, 0x000000008bc00000| Untracked 
| 131|0x000000008bd00000, 0x000000008bd00000, 0x000000008be00000|  0%| F|  |TAMS 0x000000008bd00000, 0x000000008bd00000| Untracked 
| 132|0x000000008be00000, 0x000000008bf00000, 0x000000008bf00000|100%| S|CS|TAMS 0x000000008be00000, 0x000000008be00000| Complete 
| 133|0x000000008bf00000, 0x000000008c000000, 0x000000008c000000|100%| S|CS|TAMS 0x000000008bf00000, 0x000000008bf00000| Complete 
| 134|0x000000008c000000, 0x000000008c000000, 0x000000008c100000|  0%| F|  |TAMS 0x000000008c000000, 0x000000008c000000| Untracked 
| 135|0x000000008c100000, 0x000000008c100000, 0x000000008c200000|  0%| F|  |TAMS 0x000000008c100000, 0x000000008c100000| Untracked 
| 136|0x000000008c200000, 0x000000008c200000, 0x000000008c300000|  0%| F|  |TAMS 0x000000008c200000, 0x000000008c200000| Untracked 
| 137|0x000000008c300000, 0x000000008c300000, 0x000000008c400000|  0%| F|  |TAMS 0x000000008c300000, 0x000000008c300000| Untracked 
| 138|0x000000008c400000, 0x000000008c400000, 0x000000008c500000|  0%| F|  |TAMS 0x000000008c400000, 0x000000008c400000| Untracked 
| 139|0x000000008c500000, 0x000000008c500000, 0x000000008c600000|  0%| F|  |TAMS 0x000000008c500000, 0x000000008c500000| Untracked 
| 140|0x000000008c600000, 0x000000008c600000, 0x000000008c700000|  0%| F|  |TAMS 0x000000008c600000, 0x000000008c600000| Untracked 
| 141|0x000000008c700000, 0x000000008c700000, 0x000000008c800000|  0%| F|  |TAMS 0x000000008c700000, 0x000000008c700000| Untracked 
| 142|0x000000008c800000, 0x000000008c800000, 0x000000008c900000|  0%| F|  |TAMS 0x000000008c800000, 0x000000008c800000| Untracked 
| 143|0x000000008c900000, 0x000000008ca00000, 0x000000008ca00000|100%| S|CS|TAMS 0x000000008c900000, 0x000000008c900000| Complete 
| 144|0x000000008ca00000, 0x000000008cb00000, 0x000000008cb00000|100%| S|CS|TAMS 0x000000008ca00000, 0x000000008ca00000| Complete 
| 145|0x000000008cb00000, 0x000000008cc00000, 0x000000008cc00000|100%| S|CS|TAMS 0x000000008cb00000, 0x000000008cb00000| Complete 
| 146|0x000000008cc00000, 0x000000008cd00000, 0x000000008cd00000|100%| S|CS|TAMS 0x000000008cc00000, 0x000000008cc00000| Complete 
| 147|0x000000008cd00000, 0x000000008ce00000, 0x000000008ce00000|100%| S|CS|TAMS 0x000000008cd00000, 0x000000008cd00000| Complete 
| 148|0x000000008ce00000, 0x000000008cf00000, 0x000000008cf00000|100%| S|CS|TAMS 0x000000008ce00000, 0x000000008ce00000| Complete 
| 149|0x000000008cf00000, 0x000000008cf00000, 0x000000008d000000|  0%| F|  |TAMS 0x000000008cf00000, 0x000000008cf00000| Untracked 
| 150|0x000000008d000000, 0x000000008d000000, 0x000000008d100000|  0%| F|  |TAMS 0x000000008d000000, 0x000000008d000000| Untracked 
| 151|0x000000008d100000, 0x000000008d100000, 0x000000008d200000|  0%| F|  |TAMS 0x000000008d100000, 0x000000008d100000| Untracked 
| 152|0x000000008d200000, 0x000000008d200000, 0x000000008d300000|  0%| F|  |TAMS 0x000000008d200000, 0x000000008d200000| Untracked 
| 153|0x000000008d300000, 0x000000008d300000, 0x000000008d400000|  0%| F|  |TAMS 0x000000008d300000, 0x000000008d300000| Untracked 
| 154|0x000000008d400000, 0x000000008d400000, 0x000000008d500000|  0%| F|  |TAMS 0x000000008d400000, 0x000000008d400000| Untracked 
| 155|0x000000008d500000, 0x000000008d500000, 0x000000008d600000|  0%| F|  |TAMS 0x000000008d500000, 0x000000008d500000| Untracked 
| 156|0x000000008d600000, 0x000000008d600000, 0x000000008d700000|  0%| F|  |TAMS 0x000000008d600000, 0x000000008d600000| Untracked 
| 157|0x000000008d700000, 0x000000008d700000, 0x000000008d800000|  0%| F|  |TAMS 0x000000008d700000, 0x000000008d700000| Untracked 
| 158|0x000000008d800000, 0x000000008d800000, 0x000000008d900000|  0%| F|  |TAMS 0x000000008d800000, 0x000000008d800000| Untracked 
| 159|0x000000008d900000, 0x000000008d9f17a0, 0x000000008da00000| 94%| E|  |TAMS 0x000000008d900000, 0x000000008d900000| Complete 
| 160|0x000000008da00000, 0x000000008db00000, 0x000000008db00000|100%| E|CS|TAMS 0x000000008da00000, 0x000000008da00000| Complete 
| 161|0x000000008db00000, 0x000000008dc00000, 0x000000008dc00000|100%| E|CS|TAMS 0x000000008db00000, 0x000000008db00000| Complete 
| 162|0x000000008dc00000, 0x000000008dd00000, 0x000000008dd00000|100%| E|CS|TAMS 0x000000008dc00000, 0x000000008dc00000| Complete 
| 163|0x000000008dd00000, 0x000000008de00000, 0x000000008de00000|100%| E|CS|TAMS 0x000000008dd00000, 0x000000008dd00000| Complete 
| 164|0x000000008de00000, 0x000000008df00000, 0x000000008df00000|100%| E|CS|TAMS 0x000000008de00000, 0x000000008de00000| Complete 
| 165|0x000000008df00000, 0x000000008e000000, 0x000000008e000000|100%| E|CS|TAMS 0x000000008df00000, 0x000000008df00000| Complete 
| 166|0x000000008e000000, 0x000000008e100000, 0x000000008e100000|100%| E|CS|TAMS 0x000000008e000000, 0x000000008e000000| Complete 
| 167|0x000000008e100000, 0x000000008e200000, 0x000000008e200000|100%| E|CS|TAMS 0x000000008e100000, 0x000000008e100000| Complete 
| 168|0x000000008e200000, 0x000000008e300000, 0x000000008e300000|100%| E|CS|TAMS 0x000000008e200000, 0x000000008e200000| Complete 
| 169|0x000000008e300000, 0x000000008e400000, 0x000000008e400000|100%| E|CS|TAMS 0x000000008e300000, 0x000000008e300000| Complete 
| 170|0x000000008e400000, 0x000000008e500000, 0x000000008e500000|100%| E|CS|TAMS 0x000000008e400000, 0x000000008e400000| Complete 
| 171|0x000000008e500000, 0x000000008e600000, 0x000000008e600000|100%| E|CS|TAMS 0x000000008e500000, 0x000000008e500000| Complete 
| 172|0x000000008e600000, 0x000000008e700000, 0x000000008e700000|100%| E|  |TAMS 0x000000008e600000, 0x000000008e600000| Complete 
| 173|0x000000008e700000, 0x000000008e800000, 0x000000008e800000|100%| E|CS|TAMS 0x000000008e700000, 0x000000008e700000| Complete 
| 174|0x000000008e800000, 0x000000008e900000, 0x000000008e900000|100%| E|CS|TAMS 0x000000008e800000, 0x000000008e800000| Complete 
| 175|0x000000008e900000, 0x000000008ea00000, 0x000000008ea00000|100%| E|CS|TAMS 0x000000008e900000, 0x000000008e900000| Complete 
| 176|0x000000008ea00000, 0x000000008eb00000, 0x000000008eb00000|100%| E|CS|TAMS 0x000000008ea00000, 0x000000008ea00000| Complete 
| 177|0x000000008eb00000, 0x000000008ec00000, 0x000000008ec00000|100%| E|CS|TAMS 0x000000008eb00000, 0x000000008eb00000| Complete 
| 178|0x000000008ec00000, 0x000000008ed00000, 0x000000008ed00000|100%| E|CS|TAMS 0x000000008ec00000, 0x000000008ec00000| Complete 
| 179|0x000000008ed00000, 0x000000008ee00000, 0x000000008ee00000|100%| E|CS|TAMS 0x000000008ed00000, 0x000000008ed00000| Complete 
| 180|0x000000008ee00000, 0x000000008ef00000, 0x000000008ef00000|100%| E|CS|TAMS 0x000000008ee00000, 0x000000008ee00000| Complete 
| 181|0x000000008ef00000, 0x000000008f000000, 0x000000008f000000|100%| E|CS|TAMS 0x000000008ef00000, 0x000000008ef00000| Complete 
| 182|0x000000008f000000, 0x000000008f100000, 0x000000008f100000|100%| E|CS|TAMS 0x000000008f000000, 0x000000008f000000| Complete 
| 183|0x000000008f100000, 0x000000008f200000, 0x000000008f200000|100%| E|CS|TAMS 0x000000008f100000, 0x000000008f100000| Complete 
| 184|0x000000008f200000, 0x000000008f300000, 0x000000008f300000|100%| E|CS|TAMS 0x000000008f200000, 0x000000008f200000| Complete 
| 185|0x000000008f300000, 0x000000008f400000, 0x000000008f400000|100%| E|CS|TAMS 0x000000008f300000, 0x000000008f300000| Complete 
| 186|0x000000008f400000, 0x000000008f500000, 0x000000008f500000|100%| E|CS|TAMS 0x000000008f400000, 0x000000008f400000| Complete 
| 187|0x000000008f500000, 0x000000008f600000, 0x000000008f600000|100%| E|CS|TAMS 0x000000008f500000, 0x000000008f500000| Complete 
| 188|0x000000008f600000, 0x000000008f700000, 0x000000008f700000|100%| E|CS|TAMS 0x000000008f600000, 0x000000008f600000| Complete 
| 189|0x000000008f700000, 0x000000008f800000, 0x000000008f800000|100%| E|CS|TAMS 0x000000008f700000, 0x000000008f700000| Complete 
| 190|0x000000008f800000, 0x000000008f900000, 0x000000008f900000|100%| E|CS|TAMS 0x000000008f800000, 0x000000008f800000| Complete 
| 191|0x000000008f900000, 0x000000008fa00000, 0x000000008fa00000|100%| E|CS|TAMS 0x000000008f900000, 0x000000008f900000| Complete 
| 192|0x000000008fa00000, 0x000000008fb00000, 0x000000008fb00000|100%| E|CS|TAMS 0x000000008fa00000, 0x000000008fa00000| Complete 
| 193|0x000000008fb00000, 0x000000008fc00000, 0x000000008fc00000|100%| E|CS|TAMS 0x000000008fb00000, 0x000000008fb00000| Complete 
| 194|0x000000008fc00000, 0x000000008fd00000, 0x000000008fd00000|100%| E|CS|TAMS 0x000000008fc00000, 0x000000008fc00000| Complete 
| 195|0x000000008fd00000, 0x000000008fe00000, 0x000000008fe00000|100%| E|CS|TAMS 0x000000008fd00000, 0x000000008fd00000| Complete 
| 196|0x000000008fe00000, 0x000000008ff00000, 0x000000008ff00000|100%| E|CS|TAMS 0x000000008fe00000, 0x000000008fe00000| Complete 
| 197|0x000000008ff00000, 0x0000000090000000, 0x0000000090000000|100%| E|CS|TAMS 0x000000008ff00000, 0x000000008ff00000| Complete 
| 198|0x0000000090000000, 0x0000000090100000, 0x0000000090100000|100%| E|CS|TAMS 0x0000000090000000, 0x0000000090000000| Complete 
| 199|0x0000000090100000, 0x0000000090200000, 0x0000000090200000|100%| E|CS|TAMS 0x0000000090100000, 0x0000000090100000| Complete 
| 200|0x0000000090200000, 0x0000000090300000, 0x0000000090300000|100%| E|CS|TAMS 0x0000000090200000, 0x0000000090200000| Complete 
| 201|0x0000000090300000, 0x0000000090400000, 0x0000000090400000|100%| E|CS|TAMS 0x0000000090300000, 0x0000000090300000| Complete 
| 202|0x0000000090400000, 0x0000000090500000, 0x0000000090500000|100%| E|CS|TAMS 0x0000000090400000, 0x0000000090400000| Complete 
| 203|0x0000000090500000, 0x0000000090600000, 0x0000000090600000|100%| E|CS|TAMS 0x0000000090500000, 0x0000000090500000| Complete 
| 204|0x0000000090600000, 0x0000000090700000, 0x0000000090700000|100%| E|CS|TAMS 0x0000000090600000, 0x0000000090600000| Complete 
| 205|0x0000000090700000, 0x0000000090800000, 0x0000000090800000|100%| E|CS|TAMS 0x0000000090700000, 0x0000000090700000| Complete 
| 206|0x0000000090800000, 0x0000000090900000, 0x0000000090900000|100%| E|CS|TAMS 0x0000000090800000, 0x0000000090800000| Complete 
| 207|0x0000000090900000, 0x0000000090a00000, 0x0000000090a00000|100%| E|CS|TAMS 0x0000000090900000, 0x0000000090900000| Complete 
| 208|0x0000000090a00000, 0x0000000090b00000, 0x0000000090b00000|100%| E|CS|TAMS 0x0000000090a00000, 0x0000000090a00000| Complete 
| 209|0x0000000090b00000, 0x0000000090c00000, 0x0000000090c00000|100%| E|CS|TAMS 0x0000000090b00000, 0x0000000090b00000| Complete 

Card table byte_map: [0x000001526b170000,0x000001526b560000] _byte_map_base: 0x000001526ad53000

Marking Bits (Prev, Next): (CMBitMap*) 0x000001525e47d910, (CMBitMap*) 0x000001525e47d950
 Prev Bits: [0x000001526b950000, 0x000001526d868000)
 Next Bits: [0x000001526d870000, 0x000001526f788000)

Polling page: 0x000001525e2a0000

Metaspace:

Usage:
  Non-class:     64.72 MB used.
      Class:     10.29 MB used.
       Both:     75.01 MB used.

Virtual space:
  Non-class space:      128.00 MB reserved,      65.06 MB ( 51%) committed,  2 nodes.
      Class space:        1.00 GB reserved,      10.62 MB (  1%) committed,  1 nodes.
             Both:        1.12 GB reserved,      75.69 MB (  7%) committed. 

Chunk freelists:
   Non-Class:  14.81 MB
       Class:  5.37 MB
        Both:  20.18 MB

MaxMetaspaceSize: unlimited
CompressedClassSpaceSize: 1.00 GB
Initial GC threshold: 21.00 MB
Current GC threshold: 112.44 MB
CDS: on
MetaspaceReclaimPolicy: balanced
 - commit_granule_bytes: 65536.
 - commit_granule_words: 8192.
 - virtual_space_node_default_size: 8388608.
 - enlarge_chunks_in_place: 1.
 - new_chunks_are_fully_committed: 0.
 - uncommit_free_chunks: 1.
 - use_allocation_guard: 0.
 - handle_deallocations: 1.


Internal statistics:

num_allocs_failed_limit: 9.
num_arena_births: 906.
num_arena_deaths: 0.
num_vsnodes_births: 3.
num_vsnodes_deaths: 0.
num_space_committed: 1211.
num_space_uncommitted: 0.
num_chunks_returned_to_freelist: 9.
num_chunks_taken_from_freelist: 3652.
num_chunk_merges: 9.
num_chunk_splits: 2738.
num_chunks_enlarged: 2161.
num_inconsistent_stats: 0.

CodeCache: size=49152Kb used=16151Kb max_used=16976Kb free=33000Kb
 bounds [0x00000152674f0000, 0x00000152685c0000, 0x000001526a4f0000]
 total_blobs=9657 nmethods=8937 adapters=646
 compilation: enabled
              stopped_count=0, restarted_count=0
 full_count=0

Compilation events (20 events):
Event: 429.807 Thread 0x0000015272271370 8926       1       io.netty.channel.ChannelOutboundBuffer$Entry::newInstance (43 bytes)
Event: 429.808 Thread 0x000001527e0104e0 nmethod 8930 0x0000015268439d90 code [0x0000015268439f40, 0x000001526843a158]
Event: 429.808 Thread 0x0000015272271370 nmethod 8926 0x0000015268439890 code [0x0000015268439a40, 0x0000015268439c48]
Event: 429.808 Thread 0x000001527e0104e0 8931       1       org.redisson.client.handler.CommandDecoder::completeResponse (14 bytes)
Event: 429.808 Thread 0x0000015272271370 8932       1       io.netty.buffer.AbstractByteBuf::readerIndex (25 bytes)
Event: 429.808 Thread 0x000001527e0104e0 nmethod 8931 0x0000015268439510 code [0x00000152684396a0, 0x00000152684397a8]
Event: 429.808 Thread 0x0000015272271370 nmethod 8932 0x0000015268439190 code [0x0000015268439320, 0x0000015268439428]
Event: 429.808 Thread 0x000001527e0104e0 8933       1       io.netty.buffer.AbstractByteBuf::checkIndexBounds (53 bytes)
Event: 429.808 Thread 0x0000015272271370 8934       1       org.redisson.client.handler.CommandDecoder::readString (30 bytes)
Event: 429.809 Thread 0x0000015272271370 nmethod 8934 0x0000015268438d10 code [0x0000015268438ee0, 0x0000015268439078]
Event: 429.809 Thread 0x0000015272271370 8936       1       io.netty.channel.DefaultChannelPipeline::onUnhandledInboundChannelReadComplete (1 bytes)
Event: 429.809 Thread 0x0000015272271370 nmethod 8936 0x0000015268438a10 code [0x0000015268438ba0, 0x0000015268438c58]
Event: 429.809 Thread 0x0000015272271370 8927       1       io.netty.channel.ChannelOutboundBuffer::total (58 bytes)
Event: 429.809 Thread 0x0000015272271370 nmethod 8927 0x0000015268438310 code [0x0000015268438500, 0x00000152684388b8]
Event: 429.809 Thread 0x0000015272271370 8937       1       org.redisson.client.handler.CommandDecoder::decode (1380 bytes)
Event: 429.810 Thread 0x000001527e0104e0 nmethod 8933 0x0000015268437390 code [0x00000152684375c0, 0x0000015268437ed8]
Event: 429.810 Thread 0x000001527e0104e0 8938       1       io.netty.channel.DefaultChannelPipeline$TailContext::channelReadComplete (8 bytes)
Event: 429.810 Thread 0x000001527e0104e0 nmethod 8938 0x0000015268437090 code [0x0000015268437220, 0x00000152684372f8]
Event: 429.810 Thread 0x000001527e0104e0 8935       1       org.redisson.client.RedisConnection$$Lambda$1402/0x0000015201940430::operationComplete (12 bytes)
Event: 429.810 Thread 0x000001527e0104e0 nmethod 8935 0x0000015268436c10 code [0x0000015268436dc0, 0x0000015268436f68]

GC Heap History (20 events):
Event: 8.583 GC heap before
{Heap before GC invocations=17 (full 0):
 garbage-first heap   total 89088K, used 68813K [0x0000000083a00000, 0x0000000100000000)
  region size 1024K, 40 young (40960K), 6 survivors (6144K)
 Metaspace       used 66424K, committed 66944K, reserved 1114112K
  class space    used 9208K, committed 9472K, reserved 1048576K
}
Event: 8.589 GC heap after
{Heap after GC invocations=18 (full 0):
 garbage-first heap   total 89088K, used 39996K [0x0000000083a00000, 0x0000000100000000)
  region size 1024K, 5 young (5120K), 5 survivors (5120K)
 Metaspace       used 66424K, committed 66944K, reserved 1114112K
  class space    used 9208K, committed 9472K, reserved 1048576K
}
Event: 8.601 GC heap before
{Heap before GC invocations=18 (full 0):
 garbage-first heap   total 89088K, used 41020K [0x0000000083a00000, 0x0000000100000000)
  region size 1024K, 6 young (6144K), 5 survivors (5120K)
 Metaspace       used 66488K, committed 67008K, reserved 1114112K
  class space    used 9223K, committed 9472K, reserved 1048576K
}
Event: 8.606 GC heap after
{Heap after GC invocations=19 (full 0):
 garbage-first heap   total 107520K, used 40960K [0x0000000083a00000, 0x0000000100000000)
  region size 1024K, 1 young (1024K), 1 survivors (1024K)
 Metaspace       used 66488K, committed 67008K, reserved 1114112K
  class space    used 9223K, committed 9472K, reserved 1048576K
}
Event: 8.873 GC heap before
{Heap before GC invocations=19 (full 0):
 garbage-first heap   total 107520K, used 84992K [0x0000000083a00000, 0x0000000100000000)
  region size 1024K, 43 young (44032K), 1 survivors (1024K)
 Metaspace       used 68394K, committed 68992K, reserved 1114112K
  class space    used 9466K, committed 9728K, reserved 1048576K
}
Event: 8.878 GC heap after
{Heap after GC invocations=20 (full 0):
 garbage-first heap   total 107520K, used 50162K [0x0000000083a00000, 0x0000000100000000)
  region size 1024K, 6 young (6144K), 6 survivors (6144K)
 Metaspace       used 68394K, committed 68992K, reserved 1114112K
  class space    used 9466K, committed 9728K, reserved 1048576K
}
Event: 8.940 GC heap before
{Heap before GC invocations=20 (full 0):
 garbage-first heap   total 107520K, used 82930K [0x0000000083a00000, 0x0000000100000000)
  region size 1024K, 38 young (38912K), 6 survivors (6144K)
 Metaspace       used 68454K, committed 68992K, reserved 1114112K
  class space    used 9474K, committed 9728K, reserved 1048576K
}
Event: 8.948 GC heap after
{Heap after GC invocations=21 (full 0):
 garbage-first heap   total 107520K, used 57700K [0x0000000083a00000, 0x0000000100000000)
  region size 1024K, 5 young (5120K), 5 survivors (5120K)
 Metaspace       used 68454K, committed 68992K, reserved 1114112K
  class space    used 9474K, committed 9728K, reserved 1048576K
}
Event: 9.003 GC heap before
{Heap before GC invocations=21 (full 0):
 garbage-first heap   total 107520K, used 79204K [0x0000000083a00000, 0x0000000100000000)
  region size 1024K, 27 young (27648K), 5 survivors (5120K)
 Metaspace       used 68505K, committed 69056K, reserved 1114112K
  class space    used 9482K, committed 9728K, reserved 1048576K
}
Event: 9.007 GC heap after
{Heap after GC invocations=22 (full 0):
 garbage-first heap   total 107520K, used 62504K [0x0000000083a00000, 0x0000000100000000)
  region size 1024K, 4 young (4096K), 4 survivors (4096K)
 Metaspace       used 68505K, committed 69056K, reserved 1114112K
  class space    used 9482K, committed 9728K, reserved 1048576K
}
Event: 9.042 GC heap before
{Heap before GC invocations=22 (full 0):
 garbage-first heap   total 107520K, used 86056K [0x0000000083a00000, 0x0000000100000000)
  region size 1024K, 24 young (24576K), 4 survivors (4096K)
 Metaspace       used 68505K, committed 69056K, reserved 1114112K
  class space    used 9482K, committed 9728K, reserved 1048576K
}
Event: 9.047 GC heap after
{Heap after GC invocations=23 (full 0):
 garbage-first heap   total 215040K, used 68172K [0x0000000083a00000, 0x0000000100000000)
  region size 1024K, 3 young (3072K), 3 survivors (3072K)
 Metaspace       used 68505K, committed 69056K, reserved 1114112K
  class space    used 9482K, committed 9728K, reserved 1048576K
}
Event: 9.193 GC heap before
{Heap before GC invocations=24 (full 0):
 garbage-first heap   total 215040K, used 155212K [0x0000000083a00000, 0x0000000100000000)
  region size 1024K, 87 young (89088K), 3 survivors (3072K)
 Metaspace       used 68505K, committed 69056K, reserved 1114112K
  class space    used 9482K, committed 9728K, reserved 1048576K
}
Event: 9.207 GC heap after
{Heap after GC invocations=25 (full 0):
 garbage-first heap   total 215040K, used 86399K [0x0000000083a00000, 0x0000000100000000)
  region size 1024K, 11 young (11264K), 11 survivors (11264K)
 Metaspace       used 68505K, committed 69056K, reserved 1114112K
  class space    used 9482K, committed 9728K, reserved 1048576K
}
Event: 9.209 GC heap before
{Heap before GC invocations=25 (full 0):
 garbage-first heap   total 215040K, used 87423K [0x0000000083a00000, 0x0000000100000000)
  region size 1024K, 12 young (12288K), 11 survivors (11264K)
 Metaspace       used 68505K, committed 69056K, reserved 1114112K
  class space    used 9482K, committed 9728K, reserved 1048576K
}
Event: 9.214 GC heap after
{Heap after GC invocations=26 (full 0):
 garbage-first heap   total 215040K, used 87181K [0x0000000083a00000, 0x0000000100000000)
  region size 1024K, 2 young (2048K), 2 survivors (2048K)
 Metaspace       used 68505K, committed 69056K, reserved 1114112K
  class space    used 9482K, committed 9728K, reserved 1048576K
}
Event: 9.316 GC heap before
{Heap before GC invocations=26 (full 0):
 garbage-first heap   total 215040K, used 155789K [0x0000000083a00000, 0x0000000100000000)
  region size 1024K, 67 young (68608K), 2 survivors (2048K)
 Metaspace       used 68514K, committed 69056K, reserved 1114112K
  class space    used 9484K, committed 9728K, reserved 1048576K
}
Event: 9.324 GC heap after
{Heap after GC invocations=27 (full 0):
 garbage-first heap   total 215040K, used 100352K [0x0000000083a00000, 0x0000000100000000)
  region size 1024K, 9 young (9216K), 9 survivors (9216K)
 Metaspace       used 68514K, committed 69056K, reserved 1114112K
  class space    used 9484K, committed 9728K, reserved 1048576K
}
Event: 17.823 GC heap before
{Heap before GC invocations=27 (full 0):
 garbage-first heap   total 215040K, used 162816K [0x0000000083a00000, 0x0000000100000000)
  region size 1024K, 70 young (71680K), 9 survivors (9216K)
 Metaspace       used 71499K, committed 72064K, reserved 1114112K
  class space    used 9873K, committed 10176K, reserved 1048576K
}
Event: 17.839 GC heap after
{Heap after GC invocations=28 (full 0):
 garbage-first heap   total 215040K, used 109192K [0x0000000083a00000, 0x0000000100000000)
  region size 1024K, 8 young (8192K), 8 survivors (8192K)
 Metaspace       used 71499K, committed 72064K, reserved 1114112K
  class space    used 9873K, committed 10176K, reserved 1048576K
}

Deoptimization events (8 events):
Event: 5.003 Thread 0x0000015277a033f0 DEOPT PACKING pc=0x0000015267997197 sp=0x0000003008efedd0
Event: 5.003 Thread 0x0000015277a033f0 DEOPT UNPACKING pc=0x00000152675466e3 sp=0x0000003008efe228 mode 3
Event: 7.903 Thread 0x000001525e423ec0 DEOPT PACKING pc=0x0000015267ea14c4 sp=0x00000030068fa7d0
Event: 7.903 Thread 0x000001525e423ec0 DEOPT UNPACKING pc=0x00000152675466e3 sp=0x00000030068f9d28 mode 0
Event: 156.528 Thread 0x0000015279901880 DEOPT PACKING pc=0x0000015267f2a680 sp=0x000000300e3fe750
Event: 156.528 Thread 0x0000015279903bf0 DEOPT PACKING pc=0x0000015267f2a680 sp=0x000000300e4fe6c0
Event: 156.528 Thread 0x0000015279903bf0 DEOPT UNPACKING pc=0x00000152675466e3 sp=0x000000300e4fdc70 mode 3
Event: 156.528 Thread 0x0000015279901880 DEOPT UNPACKING pc=0x00000152675466e3 sp=0x000000300e3fdd00 mode 3

Classes unloaded (0 events):
No events

Classes redefined (0 events):
No events

Internal exceptions (20 events):
Event: 332.936 Thread 0x0000015277a01fb0 Exception <a 'java/io/FileNotFoundException'{0x000000008dcf4400}> (0x000000008dcf4400) 
thrown [s\open\src\hotspot\share\prims\jni.cpp, line 516]
Event: 342.945 Thread 0x0000015277a01fb0 Exception <a 'java/io/FileNotFoundException'{0x000000008dcf9c80}> (0x000000008dcf9c80) 
thrown [s\open\src\hotspot\share\prims\jni.cpp, line 516]
Event: 342.946 Thread 0x0000015277a01fb0 Exception <a 'java/io/FileNotFoundException'{0x000000008dcfa448}> (0x000000008dcfa448) 
thrown [s\open\src\hotspot\share\prims\jni.cpp, line 516]
Event: 352.961 Thread 0x0000015277a01fb0 Exception <a 'java/io/FileNotFoundException'{0x000000008dcffcc8}> (0x000000008dcffcc8) 
thrown [s\open\src\hotspot\share\prims\jni.cpp, line 516]
Event: 352.962 Thread 0x0000015277a01fb0 Exception <a 'java/io/FileNotFoundException'{0x000000008dbba518}> (0x000000008dbba518) 
thrown [s\open\src\hotspot\share\prims\jni.cpp, line 516]
Event: 362.964 Thread 0x0000015277a01fb0 Exception <a 'java/io/FileNotFoundException'{0x000000008dbbfd98}> (0x000000008dbbfd98) 
thrown [s\open\src\hotspot\share\prims\jni.cpp, line 516]
Event: 362.964 Thread 0x0000015277a01fb0 Exception <a 'java/io/FileNotFoundException'{0x000000008dbc0560}> (0x000000008dbc0560) 
thrown [s\open\src\hotspot\share\prims\jni.cpp, line 516]
Event: 372.971 Thread 0x0000015277a01fb0 Exception <a 'java/io/FileNotFoundException'{0x000000008dbc5de0}> (0x000000008dbc5de0) 
thrown [s\open\src\hotspot\share\prims\jni.cpp, line 516]
Event: 372.971 Thread 0x0000015277a01fb0 Exception <a 'java/io/FileNotFoundException'{0x000000008dbc65a8}> (0x000000008dbc65a8) 
thrown [s\open\src\hotspot\share\prims\jni.cpp, line 516]
Event: 382.974 Thread 0x0000015277a01fb0 Exception <a 'java/io/FileNotFoundException'{0x000000008dbcbe28}> (0x000000008dbcbe28) 
thrown [s\open\src\hotspot\share\prims\jni.cpp, line 516]
Event: 382.974 Thread 0x0000015277a01fb0 Exception <a 'java/io/FileNotFoundException'{0x000000008dbcc5f0}> (0x000000008dbcc5f0) 
thrown [s\open\src\hotspot\share\prims\jni.cpp, line 516]
Event: 392.983 Thread 0x0000015277a01fb0 Exception <a 'java/io/FileNotFoundException'{0x000000008dbd1e70}> (0x000000008dbd1e70) 
thrown [s\open\src\hotspot\share\prims\jni.cpp, line 516]
Event: 392.983 Thread 0x0000015277a01fb0 Exception <a 'java/io/FileNotFoundException'{0x000000008daf4ea8}> (0x000000008daf4ea8) 
thrown [s\open\src\hotspot\share\prims\jni.cpp, line 516]
Event: 396.478 Thread 0x0000015279904610 Exception <a 'java/io/IOException'{0x000000008d919848}> (0x000000008d919848) 
thrown [s\open\src\hotspot\share\prims\jni.cpp, line 516]
Event: 402.985 Thread 0x0000015277a01fb0 Exception <a 'java/io/FileNotFoundException'{0x000000008dafa728}> (0x000000008dafa728) 
thrown [s\open\src\hotspot\share\prims\jni.cpp, line 516]
Event: 402.985 Thread 0x0000015277a01fb0 Exception <a 'java/io/FileNotFoundException'{0x000000008dafaef0}> (0x000000008dafaef0) 
thrown [s\open\src\hotspot\share\prims\jni.cpp, line 516]
Event: 413.000 Thread 0x0000015277a01fb0 Exception <a 'java/io/FileNotFoundException'{0x000000008d9900a0}> (0x000000008d9900a0) 
thrown [s\open\src\hotspot\share\prims\jni.cpp, line 516]
Event: 413.000 Thread 0x0000015277a01fb0 Exception <a 'java/io/FileNotFoundException'{0x000000008d990868}> (0x000000008d990868) 
thrown [s\open\src\hotspot\share\prims\jni.cpp, line 516]
Event: 423.016 Thread 0x0000015277a01fb0 Exception <a 'java/io/FileNotFoundException'{0x000000008d9960e8}> (0x000000008d9960e8) 
thrown [s\open\src\hotspot\share\prims\jni.cpp, line 516]
Event: 423.016 Thread 0x0000015277a01fb0 Exception <a 'java/io/FileNotFoundException'{0x000000008d9968b0}> (0x000000008d9968b0) 
thrown [s\open\src\hotspot\share\prims\jni.cpp, line 516]

VM Operations (20 events):
Event: 330.887 Executing VM operation: Cleanup
Event: 330.887 Executing VM operation: Cleanup done
Event: 335.896 Executing VM operation: Cleanup
Event: 335.896 Executing VM operation: Cleanup done
Event: 336.896 Executing VM operation: Cleanup
Event: 336.896 Executing VM operation: Cleanup done
Event: 360.768 Executing VM operation: HandshakeAllThreads
Event: 360.768 Executing VM operation: HandshakeAllThreads done
Event: 364.794 Executing VM operation: Cleanup
Event: 364.794 Executing VM operation: Cleanup done
Event: 378.895 Executing VM operation: Cleanup
Event: 378.895 Executing VM operation: Cleanup done
Event: 398.026 Executing VM operation: Cleanup
Event: 398.027 Executing VM operation: Cleanup done
Event: 420.164 Executing VM operation: Cleanup
Event: 420.164 Executing VM operation: Cleanup done
Event: 420.921 Executing VM operation: HandshakeAllThreads
Event: 420.921 Executing VM operation: HandshakeAllThreads done
Event: 424.958 Executing VM operation: Cleanup
Event: 424.958 Executing VM operation: Cleanup done

Events (20 events):
Event: 404.194 Thread 0x0000015272e58910 Thread added: 0x0000015272e58910
Event: 404.290 Thread 0x0000015272e52df0 Thread added: 0x0000015272e52df0
Event: 408.882 Thread 0x0000015272e565a0 Thread exited: 0x0000015272e565a0
Event: 409.239 Thread 0x0000015272e58e20 Thread exited: 0x0000015272e58e20
Event: 409.239 Thread 0x0000015272e59330 Thread exited: 0x0000015272e59330
Event: 409.497 Thread 0x0000015272e55160 Thread added: 0x0000015272e55160
Event: 409.506 Thread 0x0000015272e53300 Thread added: 0x0000015272e53300
Event: 414.195 Thread 0x0000015272e58910 Thread exited: 0x0000015272e58910
Event: 414.303 Thread 0x0000015272e52df0 Thread exited: 0x0000015272e52df0
Event: 414.553 Thread 0x0000015272e52df0 Thread added: 0x0000015272e52df0
Event: 414.932 Thread 0x0000015272e58e20 Thread added: 0x0000015272e58e20
Event: 419.503 Thread 0x0000015272e55160 Thread exited: 0x0000015272e55160
Event: 419.519 Thread 0x0000015272e53300 Thread exited: 0x0000015272e53300
Event: 419.825 Thread 0x0000015272e58910 Thread added: 0x0000015272e58910
Event: 420.123 Thread 0x0000015272e59330 Thread added: 0x0000015272e59330
Event: 424.557 Thread 0x0000015272e52df0 Thread exited: 0x0000015272e52df0
Event: 424.867 Thread 0x0000015272e52df0 Thread added: 0x0000015272e52df0
Event: 424.942 Thread 0x0000015272e58e20 Thread exited: 0x0000015272e58e20
Event: 425.139 Thread 0x0000015272e58e20 Thread added: 0x0000015272e58e20
Event: 429.804 Thread 0x000001527e0104e0 Thread added: 0x000001527e0104e0


Dynamic libraries:
0x00007ff62d720000 - 0x00007ff62d730000 	D:\jdk17\bin\java.exe
0x00007ffc2d750000 - 0x00007ffc2d948000 	C:\windows\SYSTEM32\ntdll.dll
0x00007ffc2b8b0000 - 0x00007ffc2b972000 	C:\windows\System32\KERNEL32.DLL
0x00007ffc2afb0000 - 0x00007ffc2b2a6000 	C:\windows\System32\KERNELBASE.dll
0x00007ffc2b640000 - 0x00007ffc2b740000 	C:\windows\System32\ucrtbase.dll
0x00007ffc06ec0000 - 0x00007ffc06edb000 	D:\jdk17\bin\VCRUNTIME140.dll
0x00007ffc06ea0000 - 0x00007ffc06eb9000 	D:\jdk17\bin\jli.dll
0x00007ffc2d1f0000 - 0x00007ffc2d2a1000 	C:\windows\System32\ADVAPI32.dll
0x00007ffc2c290000 - 0x00007ffc2c32e000 	C:\windows\System32\msvcrt.dll
0x00007ffc2bfa0000 - 0x00007ffc2c03f000 	C:\windows\System32\sechost.dll
0x00007ffc2d5c0000 - 0x00007ffc2d6e0000 	C:\windows\System32\RPCRT4.dll
0x00007ffc2b740000 - 0x00007ffc2b767000 	C:\windows\System32\bcrypt.dll
0x00007ffc2d2b0000 - 0x00007ffc2d451000 	C:\windows\System32\USER32.dll
0x00007ffc2b3d0000 - 0x00007ffc2b3f2000 	C:\windows\System32\win32u.dll
0x00007ffc0f950000 - 0x00007ffc0fbeb000 	C:\windows\WinSxS\amd64_microsoft.windows.common-controls_6595b64144ccf1df_6.0.19041.6456_none_60b8a6cb71f64256\COMCTL32.dll
0x00007ffc2d6e0000 - 0x00007ffc2d70b000 	C:\windows\System32\GDI32.dll
0x00007ffc2b2b0000 - 0x00007ffc2b3c9000 	C:\windows\System32\gdi32full.dll
0x00007ffc2ae60000 - 0x00007ffc2aefd000 	C:\windows\System32\msvcp_win.dll
0x00007ffc242c0000 - 0x00007ffc242ca000 	C:\windows\SYSTEM32\VERSION.dll
0x00007ffc2d140000 - 0x00007ffc2d16f000 	C:\windows\System32\IMM32.DLL
0x00007ffc0c3d0000 - 0x00007ffc0c3dc000 	D:\jdk17\bin\vcruntime140_1.dll
0x00007ffbdcfc0000 - 0x00007ffbdd04e000 	D:\jdk17\bin\msvcp140.dll
0x00007ffbb0f80000 - 0x00007ffbb1b60000 	D:\jdk17\bin\server\jvm.dll
0x00007ffc2d4c0000 - 0x00007ffc2d4c8000 	C:\windows\System32\PSAPI.DLL
0x00007ffc1dfd0000 - 0x00007ffc1dff7000 	C:\windows\SYSTEM32\WINMM.dll
0x00007ffc08150000 - 0x00007ffc08159000 	C:\windows\SYSTEM32\WSOCK32.dll
0x00007ffc2d4d0000 - 0x00007ffc2d53b000 	C:\windows\System32\WS2_32.dll
0x00007ffc295b0000 - 0x00007ffc295c2000 	C:\windows\SYSTEM32\kernel.appcore.dll
0x00007ffc06e90000 - 0x00007ffc06e9a000 	D:\jdk17\bin\jimage.dll
0x00007ffc28960000 - 0x00007ffc28b61000 	C:\windows\SYSTEM32\DBGHELP.DLL
0x00007ffc0f340000 - 0x00007ffc0f374000 	C:\windows\SYSTEM32\dbgcore.DLL
0x00007ffc2b5b0000 - 0x00007ffc2b632000 	C:\windows\System32\bcryptPrimitives.dll
0x00007ffc22e70000 - 0x00007ffc22e7e000 	D:\jdk17\bin\instrument.dll
0x00007ffc02740000 - 0x00007ffc02765000 	D:\jdk17\bin\java.dll
0x00007ffbb0ea0000 - 0x00007ffbb0f77000 	D:\jdk17\bin\jsvml.dll
0x00007ffc2c960000 - 0x00007ffc2d0d0000 	C:\windows\System32\SHELL32.dll
0x00007ffc28df0000 - 0x00007ffc29595000 	C:\windows\SYSTEM32\windows.storage.dll
0x00007ffc2c410000 - 0x00007ffc2c764000 	C:\windows\System32\combase.dll
0x00007ffc2a650000 - 0x00007ffc2a67b000 	C:\windows\SYSTEM32\Wldp.dll
0x00007ffc2c040000 - 0x00007ffc2c10d000 	C:\windows\System32\OLEAUT32.dll
0x00007ffc2c8b0000 - 0x00007ffc2c95d000 	C:\windows\System32\SHCORE.dll
0x00007ffc2c230000 - 0x00007ffc2c28b000 	C:\windows\System32\shlwapi.dll
0x00007ffc2ad10000 - 0x00007ffc2ad34000 	C:\windows\SYSTEM32\profapi.dll
0x00007ffbfb140000 - 0x00007ffbfb158000 	D:\jdk17\bin\zip.dll
0x00007ffc04f80000 - 0x00007ffc04f99000 	D:\jdk17\bin\net.dll
0x00007ffc21e90000 - 0x00007ffc21f9a000 	C:\windows\SYSTEM32\WINHTTP.dll
0x00007ffc2a430000 - 0x00007ffc2a49a000 	C:\windows\system32\mswsock.dll
0x00007ffbfb3a0000 - 0x00007ffbfb3b6000 	D:\jdk17\bin\nio.dll
0x00007ffc15b50000 - 0x00007ffc15b6a000 	D:\idea\IDEA2024\IntelliJ IDEA 2024.2.1\bin\breakgen64.dll
0x00007ffc2a170000 - 0x00007ffc2a23a000 	C:\windows\SYSTEM32\DNSAPI.dll
0x00007ffc2a130000 - 0x00007ffc2a16b000 	C:\windows\SYSTEM32\IPHLPAPI.DLL
0x00007ffc2d0d0000 - 0x00007ffc2d0d8000 	C:\windows\System32\NSI.dll
0x00007ffc23e90000 - 0x00007ffc23e9a000 	C:\Windows\System32\rasadhlp.dll
0x00007ffc1d230000 - 0x00007ffc1d2b0000 	C:\windows\System32\fwpuclnt.dll
0x00007ffc049c0000 - 0x00007ffc049ca000 	D:\jdk17\bin\management.dll
0x00007ffc045d0000 - 0x00007ffc045db000 	D:\jdk17\bin\management_ext.dll
0x00007ffc2a690000 - 0x00007ffc2a6a8000 	C:\windows\SYSTEM32\CRYPTSP.dll
0x00007ffc29d70000 - 0x00007ffc29da8000 	C:\windows\system32\rsaenh.dll
0x00007ffc2ac90000 - 0x00007ffc2acbe000 	C:\windows\SYSTEM32\USERENV.dll
0x00007ffc2a5c0000 - 0x00007ffc2a5cc000 	C:\windows\SYSTEM32\CRYPTBASE.dll
0x00007ffc23990000 - 0x00007ffc239a7000 	C:\windows\SYSTEM32\dhcpcsvc6.DLL
0x00007ffc23910000 - 0x00007ffc2392d000 	C:\windows\SYSTEM32\dhcpcsvc.DLL
0x00007ffc077d0000 - 0x00007ffc077e7000 	C:\windows\system32\napinsp.dll
0x00007ffc07510000 - 0x00007ffc0752b000 	C:\windows\system32\pnrpnsp.dll
0x00007ffc27540000 - 0x00007ffc2755d000 	C:\windows\system32\wshbth.dll
0x00007ffc25f90000 - 0x00007ffc25fad000 	C:\windows\system32\NLAapi.dll
0x00007ffc0be70000 - 0x00007ffc0be82000 	C:\windows\System32\winrnr.dll
0x00007ffc04540000 - 0x00007ffc0454e000 	D:\jdk17\bin\sunmscapi.dll
0x00007ffc2b400000 - 0x00007ffc2b55d000 	C:\windows\System32\CRYPT32.dll
0x00007ffc2a720000 - 0x00007ffc2a747000 	C:\windows\SYSTEM32\ncrypt.dll
0x00007ffc2a6d0000 - 0x00007ffc2a70b000 	C:\windows\SYSTEM32\NTASN1.dll
0x00007ffc06030000 - 0x00007ffc06037000 	C:\windows\system32\wshunix.dll
0x0000000180000000 - 0x000000018020f000 	D:\apache-tomcat-8.0.50\bin\tcnative-1.dll

dbghelp: loaded successfully - version: 4.0.5 - missing functions: none
symbol engine: initialized successfully - sym options: 0x614 - pdb path: (cannot be retrieved)

VM Arguments:
jvm_args: -XX:TieredStopAtLevel=1 -Dspring.output.ansi.enabled=always -Dcom.sun.management.jmxremote -Dspring.jmx.enabled=true -Dspring.liveBeansView.mbeanDomain -Dspring.application.admin.enabled=true -Dmanagement.endpoints.jmx.exposure.include=* -javaagent:D:\idea\IDEA2024\IntelliJ IDEA 2024.2.1\lib\idea_rt.jar=54689:D:\idea\IDEA2024\IntelliJ IDEA 2024.2.1\bin -Dfile.encoding=UTF-8 
java_command: com.daijia.ServiceMapApplication
java_class_path (initial): E:\codebase\leshang-daijia-20260104\service\service-map\target\classes;D:\maven\repository\org\springframework\boot\spring-boot-starter-data-mongodb\3.2.4\spring-boot-starter-data-mongodb-3.2.4.jar;D:\maven\repository\org\springframework\boot\spring-boot-starter\3.2.4\spring-boot-starter-3.2.4.jar;D:\maven\repository\org\springframework\boot\spring-boot\3.2.4\spring-boot-3.2.4.jar;D:\maven\repository\org\springframework\boot\spring-boot-autoconfigure\3.2.4\spring-boot-autoconfigure-3.2.4.jar;D:\maven\repository\org\springframework\boot\spring-boot-starter-logging\3.2.4\spring-boot-starter-logging-3.2.4.jar;D:\maven\repository\ch\qos\logback\logback-classic\1.4.14\logback-classic-1.4.14.jar;D:\maven\repository\ch\qos\logback\logback-core\1.4.14\logback-core-1.4.14.jar;D:\maven\repository\org\apache\logging\log4j\log4j-to-slf4j\2.21.1\log4j-to-slf4j-2.21.1.jar;D:\maven\repository\org\apache\logging\log4j\log4j-api\2.21.1\log4j-api-2.21.1.jar;D:\maven\repository\org\slf4j\jul-to-slf4j\2.0.12\jul-to-slf4j-2.0.12.jar;D:\maven\repository\org\springframework\spring-core\6.1.5\spring-core-6.1.5.jar;D:\maven\repository\org\springframework\spring-jcl\6.1.5\spring-jcl-6.1.5.jar;D:\maven\repository\org\yaml\snakeyaml\2.2\snakeyaml-2.2.jar;D:\maven\repository\org\mongodb\mongodb-driver-sync\4.11.1\mongodb-driver-sync-4.11.1.jar;D:\maven\repository\org\mongodb\bson\4.11.1\bson-4.11.1.jar;D:\maven\repository\org\mongodb\mongodb-driver-core\4.11.1\mongodb-driver-core-4.11.1.jar;D:\maven\repository\org\mongodb\bson-record-codec\4.11.1\bson-record-codec-4.11.1.jar;D:\maven\repository\org\springframework\data\spring-data-mongodb\4.2.4\spring-data-mongodb-4.2.4.jar;D:\maven\repository\org\springframework\spring-tx\6.1.5\spring-tx-6.1.5.jar;D:\maven\repository\org\springframework\spring-context\6.1.5\spring-context-6.1.5.jar;D:\maven\repository\org\springframework\spring-beans\6.1.5\spring-beans-6.1.5.jar;D:\maven\repository\org\springframework\spring-expres
Launcher Type: SUN_STANDARD

[Global flags]
     intx CICompilerCount                          = 4                                         {product} {ergonomic}
     uint ConcGCThreads                            = 2                                         {product} {ergonomic}
     uint G1ConcRefinementThreads                  = 8                                         {product} {ergonomic}
   size_t G1HeapRegionSize                         = 1048576                                   {product} {ergonomic}
    uintx GCDrainStackTargetSize                   = 64                                        {product} {ergonomic}
   size_t InitialHeapSize                          = 132120576                                 {product} {ergonomic}
     bool ManagementServer                         = true                                      {product} {command line}
   size_t MarkStackSize                            = 4194304                                   {product} {ergonomic}
   size_t MaxHeapSize                              = 2086666240                                {product} {ergonomic}
   size_t MaxNewSize                               = 1251999744                                {product} {ergonomic}
   size_t MinHeapDeltaBytes                        = 1048576                                   {product} {ergonomic}
   size_t MinHeapSize                              = 8388608                                   {product} {ergonomic}
    uintx NonProfiledCodeHeapSize                  = 0                                      {pd product} {ergonomic}
     bool ProfileInterpreter                       = false                                  {pd product} {command line}
    uintx ProfiledCodeHeapSize                     = 0                                      {pd product} {ergonomic}
   size_t SoftMaxHeapSize                          = 2086666240                             {manageable} {ergonomic}
     intx TieredStopAtLevel                        = 1                                         {product} {command line}
     bool UseCompressedClassPointers               = true                           {product lp64_product} {ergonomic}
     bool UseCompressedOops                        = true                           {product lp64_product} {ergonomic}
     bool UseG1GC                                  = true                                      {product} {ergonomic}
     bool UseLargePagesIndividualAllocation        = false                                  {pd product} {ergonomic}

Logging:
Log output configuration:
 #0: stdout all=warning uptime,level,tags
 #1: stderr all=off uptime,level,tags

Environment Variables:
JAVA_HOME=D:\jdk17
CLASSPATH=.;D:\jdk17\bin;D:\jdk17\jre\bin;D:\apache-tomcat-8.0.50\lib\servlet-api.jar;F:\jedies-2.1.0;
PATH=C:\Program Files\Common Files\Oracle\Java\javapath;E:\VMware16.2.4\bin\;C:\ProgramData\Oracle\Java\javapath;C:\windows\system32;C:\windows;C:\windows\System32\Wbem;C:\windows\System32\WindowsPowerShell\v1.0\;C:\windows\System32\OpenSSH\;D:\Matlab\bin;D:\mysql8.0.21\mysql-8.0.21-winx64\bin;C:\Program Files\dotnet\;D:\maven\apache-maven-3.9.11;D:\gradle-8.1\gradle-8.1\bin;D:\spring-boot-cli-2.0.1\spring-2.0.1.RELEASE\bin;D:\jdk17\bin;D:\jdk17\jre\bin;D:\GIT\Git\cmd;D:\mdbook;D:\apache-tomcat-8.0.50\bin;D:\apache-tomcat-8.0.50\lib;D:\node.js16.20.2\;D:\node.js16.20.2\node_modules;D:\node.js16.20.2\;D:\redis\Redis;D:\wechatDevTools\微信web开发者工具\dll;F:\TortoiseGit\bin;F:\RabbitMQ\Erlang\erl-24.3.3\bin;F:\RabbitMQ\rabbitmq_server-3.10.10\sbin;D:\maven\apache-maven-3.9.11\bin;F:\微信开发工具1\微信web开发者工具\dll;F:\xshell\;F:\xftp\;F:\mongodb\mongodb-win32-x86_64-windows-8.0.3\bin;;F:\微信开发工具2\微信web开发者工具\dll;C:\Program Files\Docker\Docker\resources\bin;F:\anaconda;F:\anaconda\Library\mingw-w64\bin;F:\anaconda\Library\usr\bin;F:\anaconda\Library\bin;F:\anaconda\Scripts;C:\Program Files\MySQL\MySQL Shell 8.0\bin\;D:\python-3.8.0\Scripts\;D:\python-3.8.0\;D:\python-3.11.3\Scripts\;D:\python-3.11.3\;C:\Users\Administrator\AppData\Local\Microsoft\WindowsApps;C:\Users\Administrator\.dotnet\tools;D:\mysql\MySQL\mysql-8.0.23-winx64\bin;D:\node.js16.20.2\node_global;C:\Users\Administrator\AppData\Roaming\npm;D:\maven\apache-maven-3.9.11\bin;;E:\pycharm\PyCharm 2024.2.4\bin;
USERNAME=Administrator
OS=Windows_NT
PROCESSOR_IDENTIFIER=Intel64 Family 6 Model 126 Stepping 5, GenuineIntel



---------------  S Y S T E M  ---------------

OS:
 Windows 10 , 64 bit Build 19041 (10.0.19041.5915)
OS uptime: 0 days 1:06 hours
Hyper-V role detected

CPU: total 8 (initial active 8) (4 cores per cpu, 2 threads per core) family 6 model 126 stepping 5 microcode 0xc2, cx8, cmov, fxsr, ht, mmx, 3dnowpref, sse, sse2, sse3, ssse3, sse4.1, sse4.2, popcnt, lzcnt, tsc, tscinvbit, avx, avx2, aes, erms, clmul, bmi1, bmi2, adx, avx512f, avx512dq, avx512cd, avx512bw, avx512vl, sha, fma, vzeroupper, avx512_vpopcntdq, avx512_vpclmulqdq, avx512_vaes, avx512_vnni, clflush, clflushopt, avx512_vbmi2, avx512_vbmi, hv

Memory: 4k page, system-wide physical 7959M (277M free)
TotalPageFile size 20759M (AvailPageFile size 2M)
current process WorkingSet (physical memory assigned to process): 232M, peak: 416M
current process commit charge ("private bytes"): 516M, peak: 516M

vm_info: Java HotSpot(TM) 64-Bit Server VM (17.0.12+8-LTS-286) for windows-amd64 JRE (17.0.12+8-LTS-286), built on Jun  5 2024 06:46:59 by "mach5one" with MS VC++ 17.6 (VS2022)

END.
