#
# There is insufficient memory for the Java Runtime Environment to continue.
# Native memory allocation (mmap) failed to map 343932928 bytes for G1 virtual space
# Possible reasons:
#   The system is out of physical RAM or swap space
#   The process is running with CompressedOops enabled, and the Java Heap may be blocking the growth of the native heap
# Possible solutions:
#   Reduce memory load on the system
#   Increase physical memory or swap space
#   Check if swap backing store is full
#   Decrease Java heap size (-Xmx/-Xms)
#   Decrease number of Java threads
#   Decrease Java thread stack sizes (-Xss)
#   Set larger code cache with -XX:ReservedCodeCacheSize=
#   JVM is running with Unscaled Compressed Oops mode in which the Java heap is
#     placed in the first 4GB address space. The Java Heap base address is the
#     maximum limit for the native heap growth. Please use -XX:HeapBaseMinAddress
#     to set the Java Heap base and to place the Java Heap above 4GB virtual address.
# This output file may be truncated or incomplete.
#
#  Out of Memory Error (os_windows.cpp:3548), pid=12780, tid=10540
#
# JRE version: Java(TM) SE Runtime Environment (17.0.12+8) (build 17.0.12+8-LTS-286)
# Java VM: Java HotSpot(TM) 64-Bit Server VM (17.0.12+8-LTS-286, mixed mode, emulated-client, sharing, tiered, compressed oops, compressed class ptrs, g1 gc, windows-amd64)
# No core dump will be written. Minidumps are not enabled by default on client versions of Windows
#

---------------  S U M M A R Y ------------

Command Line: -XX:TieredStopAtLevel=1 -Dspring.output.ansi.enabled=always -Dcom.sun.management.jmxremote -Dspring.jmx.enabled=true -Dspring.liveBeansView.mbeanDomain -Dspring.application.admin.enabled=true -Dmanagement.endpoints.jmx.exposure.include=* -javaagent:D:\idea\IDEA2024\IntelliJ IDEA 2024.2.1\lib\idea_rt.jar=61805:D:\idea\IDEA2024\IntelliJ IDEA 2024.2.1\bin -Dfile.encoding=UTF-8 com.daijia.customer.WebCustomerApplication

Host: Intel(R) Core(TM) i5-1035G1 CPU @ 1.00GHz, 8 cores, 7G,  Windows 10 , 64 bit Build 19041 (10.0.19041.5915)
Time: Wed Feb 18 16:32:23 2026  Windows 10 , 64 bit Build 19041 (10.0.19041.5915) elapsed time: 10.203563 seconds (0d 0h 0m 10s)

---------------  T H R E A D  ---------------

Current thread (0x00000283be7f6310):  VMThread "VM Thread" [stack: 0x000000c70f100000,0x000000c70f200000] [id=10540]

Stack: [0x000000c70f100000,0x000000c70f200000]
Native frames: (J=compiled Java code, j=interpreted, Vv=VM code, C=native code)
V  [jvm.dll+0x67a04a]
V  [jvm.dll+0x7da4ed]
V  [jvm.dll+0x7dbe33]
V  [jvm.dll+0x7dc4a3]
V  [jvm.dll+0x24508f]
V  [jvm.dll+0x677089]
V  [jvm.dll+0x66bd32]
V  [jvm.dll+0x301fa6]
V  [jvm.dll+0x309546]
V  [jvm.dll+0x359d2e]
V  [jvm.dll+0x359f5f]
V  [jvm.dll+0x2d9078]
V  [jvm.dll+0x2d74ad]
V  [jvm.dll+0x2d6afc]
V  [jvm.dll+0x31a65b]
V  [jvm.dll+0x7e0d9b]
V  [jvm.dll+0x7e1ad4]
V  [jvm.dll+0x7e1fed]
V  [jvm.dll+0x7e23c4]
V  [jvm.dll+0x7e2490]
V  [jvm.dll+0x78abea]
V  [jvm.dll+0x678f35]
C  [ucrtbase.dll+0x21bb2]
C  [KERNEL32.DLL+0x17374]
C  [ntdll.dll+0x4cc91]

VM_Operation (0x000000c7131fdee0): G1CollectForAllocation, mode: safepoint, requested by thread 0x00000284053b7990


---------------  P R O C E S S  ---------------

Threads class SMR info:
_java_thread_list=0x00000284066aede0, length=66, elements={
0x00000283abe1a7f0, 0x00000283be7fcce0, 0x00000283be7fd7b0, 0x00000283be9272c0,
0x00000283be927d90, 0x00000283be92c680, 0x00000283be933180, 0x00000283be9412d0,
0x00000283be931d40, 0x00000283be932c70, 0x00000283be932760, 0x00000283be931320,
0x00000283be930900, 0x00000283be931830, 0x00000283be932250, 0x00000283be930e10,
0x00000283be92f9d0, 0x00000283be92fee0, 0x00000283be9303f0, 0x000002840502c140,
0x000002840502c650, 0x0000028404b3e840, 0x0000028405030310, 0x000002840502cb60,
0x000002840502f3e0, 0x0000028405030820, 0x000002840502d070, 0x000002840502d580,
0x000002840502da90, 0x000002840502dfa0, 0x000002840502e4b0, 0x000002840502a7f0,
0x000002840502e9c0, 0x0000028405031750, 0x0000028405031c60, 0x000002840502eed0,
0x0000028405030d30, 0x0000028405031240, 0x0000028405032170, 0x000002840502f8f0,
0x000002840502fe00, 0x000002840502ad00, 0x000002840502b210, 0x000002840502b720,
0x000002840502bc30, 0x00000284053b5b30, 0x00000284053b83b0, 0x00000284053b4c00,
0x00000284053b7480, 0x00000284053b6a60, 0x00000284053b5110, 0x00000284053b6040,
0x00000284053b7990, 0x00000284053b7ea0, 0x0000028406b65c90, 0x0000028406b670d0,
0x0000028406b68000, 0x0000028406b66bc0, 0x0000028406b666b0, 0x0000028406b63e30,
0x0000028406b6a880, 0x0000028406b675e0, 0x0000028406b63410, 0x0000028406b661a0,
0x0000028406b68510, 0x0000028406b64340
}

Java Threads: ( => current thread )
  0x00000283abe1a7f0 JavaThread "main" [_thread_blocked, id=11960, stack(0x000000c70eb00000,0x000000c70ec00000)]
  0x00000283be7fcce0 JavaThread "Reference Handler" daemon [_thread_blocked, id=18008, stack(0x000000c70f200000,0x000000c70f300000)]
  0x00000283be7fd7b0 JavaThread "Finalizer" daemon [_thread_blocked, id=18620, stack(0x000000c70f300000,0x000000c70f400000)]
  0x00000283be9272c0 JavaThread "Signal Dispatcher" daemon [_thread_blocked, id=10940, stack(0x000000c70f400000,0x000000c70f500000)]
  0x00000283be927d90 JavaThread "Attach Listener" daemon [_thread_blocked, id=20784, stack(0x000000c70f500000,0x000000c70f600000)]
  0x00000283be92c680 JavaThread "Service Thread" daemon [_thread_blocked, id=14468, stack(0x000000c70f600000,0x000000c70f700000)]
  0x00000283be933180 JavaThread "Monitor Deflation Thread" daemon [_thread_blocked, id=17172, stack(0x000000c70f700000,0x000000c70f800000)]
  0x00000283be9412d0 JavaThread "C1 CompilerThread0" daemon [_thread_blocked, id=15016, stack(0x000000c70f800000,0x000000c70f900000)]
  0x00000283be931d40 JavaThread "Sweeper thread" daemon [_thread_blocked, id=6488, stack(0x000000c70f900000,0x000000c70fa00000)]
  0x00000283be932c70 JavaThread "Common-Cleaner" daemon [_thread_blocked, id=10072, stack(0x000000c70fa00000,0x000000c70fb00000)]
  0x00000283be932760 JavaThread "Monitor Ctrl-Break" daemon [_thread_in_native, id=8924, stack(0x000000c70fc00000,0x000000c70fd00000)]
  0x00000283be931320 JavaThread "Notification Thread" daemon [_thread_blocked, id=6108, stack(0x000000c70fd00000,0x000000c70fe00000)]
  0x00000283be930900 JavaThread "RMI TCP Accept-0" daemon [_thread_in_native, id=7164, stack(0x000000c70fe00000,0x000000c70ff00000)]
  0x00000283be931830 JavaThread "RMI TCP Connection(1)-192.168.40.3" daemon [_thread_in_native, id=17512, stack(0x000000c710b00000,0x000000c710c00000)]
  0x00000283be932250 JavaThread "RMI Scheduler(0)" daemon [_thread_blocked, id=21432, stack(0x000000c710c00000,0x000000c710d00000)]
  0x00000283be930e10 JavaThread "spring.cloud.inetutils" daemon [_thread_in_native, id=2744, stack(0x000000c710e00000,0x000000c710f00000)]
  0x00000283be92f9d0 JavaThread "com.alibaba.nacos.client.auth.ram.identify.watcher.0" daemon [_thread_blocked, id=9060, stack(0x000000c710d00000,0x000000c710e00000)]
  0x00000283be92fee0 JavaThread "com.alibaba.nacos.client.Worker.0" daemon [_thread_blocked, id=18520, stack(0x000000c70fb00000,0x000000c70fc00000)]
  0x00000283be9303f0 JavaThread "com.alibaba.nacos.client.Worker.1" daemon [_thread_blocked, id=11320, stack(0x000000c710f00000,0x000000c711000000)]
  0x000002840502c140 JavaThread "com.alibaba.nacos.client.Worker.2" daemon [_thread_blocked, id=19664, stack(0x000000c711000000,0x000000c711100000)]
  0x000002840502c650 JavaThread "spring.cloud.inetutils" daemon [_thread_in_native, id=16792, stack(0x000000c711100000,0x000000c711200000)]
  0x0000028404b3e840 JavaThread "C1 CompilerThread1" daemon [_thread_blocked, id=10852, stack(0x000000c710800000,0x000000c710900000)]
  0x0000028405030310 JavaThread "nacos.publisher-com.alibaba.nacos.common.notify.SlowEvent" daemon [_thread_blocked, id=5928, stack(0x000000c710900000,0x000000c710a00000)]
  0x000002840502cb60 JavaThread "com.alibaba.nacos.client.remote.worker.0" daemon [_thread_blocked, id=19528, stack(0x000000c711200000,0x000000c711300000)]
  0x000002840502f3e0 JavaThread "com.alibaba.nacos.client.remote.worker.1" daemon [_thread_blocked, id=20260, stack(0x000000c711300000,0x000000c711400000)]
  0x0000028405030820 JavaThread "grpc-nio-worker-ELG-1-1" daemon [_thread_in_native, id=20052, stack(0x000000c711500000,0x000000c711600000)]
  0x000002840502d070 JavaThread "grpc-default-executor-0" daemon [_thread_blocked, id=13348, stack(0x000000c711600000,0x000000c711700000)]
  0x000002840502d580 JavaThread "nacos-grpc-client-executor-192.168.101.12-0" daemon [_thread_blocked, id=10688, stack(0x000000c711700000,0x000000c711800000)]
  0x000002840502da90 JavaThread "nacos-grpc-client-executor-192.168.101.12-1" daemon [_thread_blocked, id=4348, stack(0x000000c711800000,0x000000c711900000)]
  0x000002840502dfa0 JavaThread "grpc-nio-worker-ELG-1-2" daemon [_thread_in_native, id=12440, stack(0x000000c711900000,0x000000c711a00000)]
  0x000002840502e4b0 JavaThread "nacos-grpc-client-executor-192.168.101.12-2" daemon [_thread_blocked, id=5584, stack(0x000000c711b00000,0x000000c711c00000)]
  0x000002840502a7f0 JavaThread "nacos-grpc-client-executor-192.168.101.12-3" daemon [_thread_blocked, id=12264, stack(0x000000c711c00000,0x000000c711d00000)]
  0x000002840502e9c0 JavaThread "nacos-grpc-client-executor-192.168.101.12-4" daemon [_thread_blocked, id=16700, stack(0x000000c711d00000,0x000000c711e00000)]
  0x0000028405031750 JavaThread "nacos-grpc-client-executor-192.168.101.12-5" daemon [_thread_blocked, id=19648, stack(0x000000c711e00000,0x000000c711f00000)]
  0x0000028405031c60 JavaThread "nacos-grpc-client-executor-192.168.101.12-6" daemon [_thread_blocked, id=20616, stack(0x000000c711f00000,0x000000c712000000)]
  0x000002840502eed0 JavaThread "nacos.publisher-com.alibaba.nacos.common.ability.AbstractAbilityControlManager$AbilityUpdateEvent" daemon [_thread_blocked, id=3140, stack(0x000000c712000000,0x000000c712100000)]
  0x0000028405030d30 JavaThread "nacos-grpc-client-executor-192.168.101.12-7" daemon [_thread_blocked, id=10544, stack(0x000000c712100000,0x000000c712200000)]
  0x0000028405031240 JavaThread "nacos-grpc-client-executor-192.168.101.12-8" daemon [_thread_blocked, id=20876, stack(0x000000c712200000,0x000000c712300000)]
  0x0000028405032170 JavaThread "nacos-grpc-client-executor-192.168.101.12-9" daemon [_thread_blocked, id=14588, stack(0x000000c712300000,0x000000c712400000)]
  0x000002840502f8f0 JavaThread "nacos-grpc-client-executor-192.168.101.12-10" daemon [_thread_blocked, id=4624, stack(0x000000c712400000,0x000000c712500000)]
  0x000002840502fe00 JavaThread "nacos-grpc-client-executor-192.168.101.12-11" daemon [_thread_blocked, id=10208, stack(0x000000c712500000,0x000000c712600000)]
  0x000002840502ad00 JavaThread "nacos-grpc-client-executor-192.168.101.12-12" daemon [_thread_blocked, id=88, stack(0x000000c712600000,0x000000c712700000)]
  0x000002840502b210 JavaThread "nacos-grpc-client-executor-192.168.101.12-13" daemon [_thread_blocked, id=15152, stack(0x000000c712700000,0x000000c712800000)]
  0x000002840502b720 JavaThread "nacos-grpc-client-executor-192.168.101.12-14" daemon [_thread_blocked, id=17024, stack(0x000000c712800000,0x000000c712900000)]
  0x000002840502bc30 JavaThread "nacos-grpc-client-executor-192.168.101.12-15" daemon [_thread_blocked, id=13068, stack(0x000000c712900000,0x000000c712a00000)]
  0x00000284053b5b30 JavaThread "Thread-8" daemon [_thread_in_native, id=17716, stack(0x000000c712a00000,0x000000c712b00000)]
  0x00000284053b83b0 JavaThread "lettuce-eventExecutorLoop-1-1" daemon [_thread_blocked, id=14208, stack(0x000000c712b00000,0x000000c712c00000)]
  0x00000284053b4c00 JavaThread "lettuce-timer-3-1" daemon [_thread_blocked, id=11080, stack(0x000000c712c00000,0x000000c712d00000)]
  0x00000284053b7480 JavaThread "com.alibaba.nacos.client.Worker.3" daemon [_thread_blocked, id=20104, stack(0x000000c712d00000,0x000000c712e00000)]
  0x00000284053b6a60 JavaThread "Catalina-utility-1" [_thread_blocked, id=10136, stack(0x000000c712e00000,0x000000c712f00000)]
  0x00000284053b5110 JavaThread "Catalina-utility-2" [_thread_blocked, id=9908, stack(0x000000c712f00000,0x000000c713000000)]
  0x00000284053b6040 JavaThread "container-0" [_thread_blocked, id=8376, stack(0x000000c713000000,0x000000c713100000)]
  0x00000284053b7990 JavaThread "ClassGraph-worker-294" daemon [_thread_blocked, id=21272, stack(0x000000c713100000,0x000000c713200000)]
  0x00000284053b7ea0 JavaThread "ClassGraph-worker-295" daemon [_thread_blocked, id=16688, stack(0x000000c713200000,0x000000c713300000)]
  0x0000028406b65c90 JavaThread "ClassGraph-worker-296" daemon [_thread_blocked, id=15912, stack(0x000000c713300000,0x000000c713400000)]
  0x0000028406b670d0 JavaThread "ClassGraph-worker-297" daemon [_thread_blocked, id=4204, stack(0x000000c713400000,0x000000c713500000)]
  0x0000028406b68000 JavaThread "ClassGraph-worker-298" daemon [_thread_blocked, id=13592, stack(0x000000c713500000,0x000000c713600000)]
  0x0000028406b66bc0 JavaThread "ClassGraph-worker-299" daemon [_thread_blocked, id=16236, stack(0x000000c713600000,0x000000c713700000)]
  0x0000028406b666b0 JavaThread "ClassGraph-worker-300" daemon [_thread_blocked, id=14580, stack(0x000000c713700000,0x000000c713800000)]
  0x0000028406b63e30 JavaThread "ClassGraph-worker-301" daemon [_thread_blocked, id=8968, stack(0x000000c713800000,0x000000c713900000)]
  0x0000028406b6a880 JavaThread "ClassGraph-worker-302" daemon [_thread_blocked, id=12032, stack(0x000000c713900000,0x000000c713a00000)]
  0x0000028406b675e0 JavaThread "ClassGraph-worker-303" daemon [_thread_blocked, id=18132, stack(0x000000c713a00000,0x000000c713b00000)]
  0x0000028406b63410 JavaThread "ClassGraph-worker-304" daemon [_thread_blocked, id=12340, stack(0x000000c713b00000,0x000000c713c00000)]
  0x0000028406b661a0 JavaThread "ClassGraph-worker-305" daemon [_thread_blocked, id=6900, stack(0x000000c713c00000,0x000000c713d00000)]
  0x0000028406b68510 JavaThread "ClassGraph-worker-306" daemon [_thread_blocked, id=9028, stack(0x000000c713d00000,0x000000c713e00000)]
  0x0000028406b64340 JavaThread "ClassGraph-worker-307" daemon [_thread_blocked, id=19860, stack(0x000000c713e00000,0x000000c713f00000)]

Other Threads:
=>0x00000283be7f6310 VMThread "VM Thread" [stack: 0x000000c70f100000,0x000000c70f200000] [id=10540]
  0x00000283abe9aa90 WatcherThread [stack: 0x000000c70ff00000,0x000000c710000000] [id=8332]
  0x00000283abe746a0 GCTaskThread "GC Thread#0" [stack: 0x000000c70ec00000,0x000000c70ed00000] [id=18388]
  0x000002840495ee90 GCTaskThread "GC Thread#1" [stack: 0x000000c710000000,0x000000c710100000] [id=13932]
  0x0000028404963400 GCTaskThread "GC Thread#2" [stack: 0x000000c710100000,0x000000c710200000] [id=11316]
  0x000002840499e360 GCTaskThread "GC Thread#3" [stack: 0x000000c710200000,0x000000c710300000] [id=13408]
  0x000002840499e620 GCTaskThread "GC Thread#4" [stack: 0x000000c710300000,0x000000c710400000] [id=20016]
  0x000002840499e8e0 GCTaskThread "GC Thread#5" [stack: 0x000000c710400000,0x000000c710500000] [id=19084]
  0x000002840499eba0 GCTaskThread "GC Thread#6" [stack: 0x000000c710500000,0x000000c710600000] [id=19360]
  0x0000028404b40250 GCTaskThread "GC Thread#7" [stack: 0x000000c710a00000,0x000000c710b00000] [id=11496]
  0x00000283abe85dd0 ConcurrentGCThread "G1 Main Marker" [stack: 0x000000c70ed00000,0x000000c70ee00000] [id=10156]
  0x00000283abe866f0 ConcurrentGCThread "G1 Conc#0" [stack: 0x000000c70ee00000,0x000000c70ef00000] [id=14524]
  0x000002840508a680 ConcurrentGCThread "G1 Conc#1" [stack: 0x000000c711400000,0x000000c711500000] [id=11212]
  0x00000283abeaec40 ConcurrentGCThread "G1 Refine#0" [stack: 0x000000c70ef00000,0x000000c70f000000] [id=21212]
  0x0000028404964ae0 ConcurrentGCThread "G1 Refine#1" [stack: 0x000000c710600000,0x000000c710700000] [id=21012]
  0x00000283bec2d080 ConcurrentGCThread "G1 Refine#2" [stack: 0x000000c710700000,0x000000c710800000] [id=2096]
  0x00000283be6b2390 ConcurrentGCThread "G1 Service" [stack: 0x000000c70f000000,0x000000c70f100000] [id=20044]

Threads with active compile tasks:

VM state: at safepoint (normal execution)

VM Mutex/Monitor currently owned by a thread:  ([mutex/lock_event])
[0x00000283abe15f60] Threads_lock - owner thread: 0x00000283be7f6310
[0x00000283abe17670] Heap_lock - owner thread: 0x00000284053b7990

Heap address: 0x0000000083a00000, size: 1990 MB, Compressed Oops mode: 32-bit

CDS archive(s) mapped at: [0x00000283bf000000-0x00000283bfbd0000-0x00000283bfbd0000), size 12386304, SharedBaseAddress: 0x00000283bf000000, ArchiveRelocationMode: 1.
Compressed class space mapped at: 0x00000283c0000000-0x0000028400000000, reserved size: 1073741824
Narrow klass base: 0x00000283bf000000, Narrow klass shift: 0, Narrow klass range: 0x100000000

GC Precious Log:
 CPUs: 8 total, 8 available
 Memory: 7959M
 Large Page Support: Disabled
 NUMA Support: Disabled
 Compressed Oops: Enabled (32-bit)
 Heap Region Size: 1M
 Heap Min Capacity: 8M
 Heap Initial Capacity: 126M
 Heap Max Capacity: 1990M
 Pre-touch: Disabled
 Parallel Workers: 8
 Concurrent Workers: 2
 Concurrent Refinement Workers: 8
 Periodic GC: Disabled

Heap:
 garbage-first heap   total 167936K, used 71195K [0x0000000083a00000, 0x0000000100000000)
  region size 1024K, 1 young (1024K), 1 survivors (1024K)
 Metaspace       used 56606K, committed 57088K, reserved 1114112K
  class space    used 7764K, committed 8000K, reserved 1048576K

Heap Regions: E=young(eden), S=young(survivor), O=old, HS=humongous(starts), HC=humongous(continues), CS=collection set, F=free, OA=open archive, CA=closed archive, TAMS=top-at-mark-start (previous, next)
|   0|0x0000000083a00000, 0x0000000083b00000, 0x0000000083b00000|100%|HS|  |TAMS 0x0000000083b00000, 0x0000000083a00000| Complete 
|   1|0x0000000083b00000, 0x0000000083c00000, 0x0000000083c00000|100%| O|  |TAMS 0x0000000083c00000, 0x0000000083b00000| Untracked 
|   2|0x0000000083c00000, 0x0000000083d00000, 0x0000000083d00000|100%|HS|  |TAMS 0x0000000083d00000, 0x0000000083c00000| Complete 
|   3|0x0000000083d00000, 0x0000000083e00000, 0x0000000083e00000|100%| O|  |TAMS 0x0000000083e00000, 0x0000000083d00000| Untracked 
|   4|0x0000000083e00000, 0x0000000083f00000, 0x0000000083f00000|100%| O|  |TAMS 0x0000000083f00000, 0x0000000083e00000| Untracked 
|   5|0x0000000083f00000, 0x0000000084000000, 0x0000000084000000|100%| O|  |TAMS 0x0000000084000000, 0x0000000083f00000| Untracked 
|   6|0x0000000084000000, 0x0000000084100000, 0x0000000084100000|100%| O|  |TAMS 0x0000000084100000, 0x0000000084000000| Untracked 
|   7|0x0000000084100000, 0x0000000084200000, 0x0000000084200000|100%| O|  |TAMS 0x0000000084200000, 0x0000000084100000| Untracked 
|   8|0x0000000084200000, 0x0000000084300000, 0x0000000084300000|100%| O|  |TAMS 0x0000000084300000, 0x0000000084200000| Untracked 
|   9|0x0000000084300000, 0x0000000084400000, 0x0000000084400000|100%| O|  |TAMS 0x0000000084400000, 0x0000000084300000| Untracked 
|  10|0x0000000084400000, 0x0000000084500000, 0x0000000084500000|100%| O|  |TAMS 0x0000000084500000, 0x0000000084400000| Untracked 
|  11|0x0000000084500000, 0x0000000084600000, 0x0000000084600000|100%| O|  |TAMS 0x0000000084600000, 0x0000000084500000| Untracked 
|  12|0x0000000084600000, 0x0000000084700000, 0x0000000084700000|100%| O|  |TAMS 0x0000000084700000, 0x0000000084600000| Untracked 
|  13|0x0000000084700000, 0x0000000084800000, 0x0000000084800000|100%| O|  |TAMS 0x0000000084800000, 0x0000000084700000| Untracked 
|  14|0x0000000084800000, 0x0000000084900000, 0x0000000084900000|100%| O|  |TAMS 0x0000000084900000, 0x0000000084800000| Untracked 
|  15|0x0000000084900000, 0x0000000084a00000, 0x0000000084a00000|100%| O|  |TAMS 0x0000000084a00000, 0x0000000084900000| Untracked 
|  16|0x0000000084a00000, 0x0000000084b00000, 0x0000000084b00000|100%| O|  |TAMS 0x0000000084b00000, 0x0000000084a00000| Untracked 
|  17|0x0000000084b00000, 0x0000000084c00000, 0x0000000084c00000|100%| O|  |TAMS 0x0000000084c00000, 0x0000000084b00000| Untracked 
|  18|0x0000000084c00000, 0x0000000084d00000, 0x0000000084d00000|100%| O|  |TAMS 0x0000000084d00000, 0x0000000084c00000| Untracked 
|  19|0x0000000084d00000, 0x0000000084dabe00, 0x0000000084e00000| 67%| O|  |TAMS 0x0000000084dabe00, 0x0000000084d00000| Untracked 
|  20|0x0000000084e00000, 0x0000000084f00000, 0x0000000084f00000|100%| O|  |TAMS 0x0000000084f00000, 0x0000000084e00000| Untracked 
|  21|0x0000000084f00000, 0x0000000085000000, 0x0000000085000000|100%| O|  |TAMS 0x0000000085000000, 0x0000000084f00000| Untracked 
|  22|0x0000000085000000, 0x0000000085100000, 0x0000000085100000|100%| O|  |TAMS 0x0000000085100000, 0x0000000085000000| Untracked 
|  23|0x0000000085100000, 0x0000000085200000, 0x0000000085200000|100%| O|  |TAMS 0x0000000085200000, 0x0000000085100000| Untracked 
|  24|0x0000000085200000, 0x0000000085300000, 0x0000000085300000|100%| O|  |TAMS 0x0000000085300000, 0x0000000085200000| Untracked 
|  25|0x0000000085300000, 0x0000000085400000, 0x0000000085400000|100%| O|  |TAMS 0x0000000085400000, 0x0000000085300000| Untracked 
|  26|0x0000000085400000, 0x0000000085500000, 0x0000000085500000|100%| O|  |TAMS 0x0000000085500000, 0x0000000085400000| Untracked 
|  27|0x0000000085500000, 0x0000000085600000, 0x0000000085600000|100%| O|  |TAMS 0x0000000085500000, 0x0000000085500000| Untracked 
|  28|0x0000000085600000, 0x0000000085700000, 0x0000000085700000|100%| O|  |TAMS 0x0000000085700000, 0x0000000085600000| Untracked 
|  29|0x0000000085700000, 0x0000000085800000, 0x0000000085800000|100%| O|  |TAMS 0x0000000085700000, 0x0000000085700000| Untracked 
|  30|0x0000000085800000, 0x0000000085900000, 0x0000000085900000|100%| O|  |TAMS 0x0000000085800000, 0x0000000085800000| Untracked 
|  31|0x0000000085900000, 0x00000000859dae00, 0x0000000085a00000| 85%| O|  |TAMS 0x0000000085900000, 0x0000000085900000| Untracked 
|  32|0x0000000085a00000, 0x0000000085b00000, 0x0000000085b00000|100%| O|  |TAMS 0x0000000085b00000, 0x0000000085a00000| Untracked 
|  33|0x0000000085b00000, 0x0000000085c00000, 0x0000000085c00000|100%| O|  |TAMS 0x0000000085c00000, 0x0000000085b00000| Untracked 
|  34|0x0000000085c00000, 0x0000000085d00000, 0x0000000085d00000|100%| O|  |TAMS 0x0000000085d00000, 0x0000000085c00000| Untracked 
|  35|0x0000000085d00000, 0x0000000085e00000, 0x0000000085e00000|100%| O|  |TAMS 0x0000000085e00000, 0x0000000085d00000| Untracked 
|  36|0x0000000085e00000, 0x0000000085f00000, 0x0000000085f00000|100%| O|  |TAMS 0x0000000085f00000, 0x0000000085e00000| Untracked 
|  37|0x0000000085f00000, 0x0000000086000000, 0x0000000086000000|100%| O|  |TAMS 0x0000000086000000, 0x0000000085f00000| Untracked 
|  38|0x0000000086000000, 0x0000000086000000, 0x0000000086100000|  0%| F|  |TAMS 0x0000000086000000, 0x0000000086000000| Untracked 
|  39|0x0000000086100000, 0x0000000086100000, 0x0000000086200000|  0%| F|  |TAMS 0x0000000086100000, 0x0000000086100000| Untracked 
|  40|0x0000000086200000, 0x0000000086300000, 0x0000000086300000|100%| O|  |TAMS 0x0000000086200000, 0x0000000086200000| Untracked 
|  41|0x0000000086300000, 0x0000000086300000, 0x0000000086400000|  0%| F|  |TAMS 0x0000000086300000, 0x0000000086300000| Untracked 
|  42|0x0000000086400000, 0x0000000086500000, 0x0000000086500000|100%| O|  |TAMS 0x0000000086400000, 0x0000000086400000| Untracked 
|  43|0x0000000086500000, 0x0000000086500000, 0x0000000086600000|  0%| F|  |TAMS 0x0000000086500000, 0x0000000086500000| Untracked 
|  44|0x0000000086600000, 0x0000000086600000, 0x0000000086700000|  0%| F|  |TAMS 0x0000000086600000, 0x0000000086600000| Untracked 
|  45|0x0000000086700000, 0x0000000086800000, 0x0000000086800000|100%| O|  |TAMS 0x0000000086700000, 0x0000000086700000| Untracked 
|  46|0x0000000086800000, 0x0000000086800000, 0x0000000086900000|  0%| F|  |TAMS 0x0000000086800000, 0x0000000086800000| Untracked 
|  47|0x0000000086900000, 0x0000000086900000, 0x0000000086a00000|  0%| F|  |TAMS 0x0000000086900000, 0x0000000086900000| Untracked 
|  48|0x0000000086a00000, 0x0000000086b00000, 0x0000000086b00000|100%| O|  |TAMS 0x0000000086a00000, 0x0000000086a00000| Untracked 
|  49|0x0000000086b00000, 0x0000000086c00000, 0x0000000086c00000|100%| O|  |TAMS 0x0000000086b00000, 0x0000000086b00000| Untracked 
|  50|0x0000000086c00000, 0x0000000086c00000, 0x0000000086d00000|  0%| F|  |TAMS 0x0000000086c00000, 0x0000000086c00000| Untracked 
|  51|0x0000000086d00000, 0x0000000086d00000, 0x0000000086e00000|  0%| F|  |TAMS 0x0000000086d00000, 0x0000000086d00000| Untracked 
|  52|0x0000000086e00000, 0x0000000086f00000, 0x0000000086f00000|100%| O|  |TAMS 0x0000000086e00000, 0x0000000086e00000| Untracked 
|  53|0x0000000086f00000, 0x0000000087000000, 0x0000000087000000|100%| O|  |TAMS 0x0000000086f00000, 0x0000000086f00000| Untracked 
|  54|0x0000000087000000, 0x0000000087100000, 0x0000000087100000|100%| O|  |TAMS 0x0000000087000000, 0x0000000087000000| Untracked 
|  55|0x0000000087100000, 0x0000000087200000, 0x0000000087200000|100%| O|  |TAMS 0x0000000087100000, 0x0000000087100000| Untracked 
|  56|0x0000000087200000, 0x0000000087300000, 0x0000000087300000|100%| O|  |TAMS 0x0000000087200000, 0x0000000087200000| Untracked 
|  57|0x0000000087300000, 0x0000000087400000, 0x0000000087400000|100%| O|  |TAMS 0x0000000087300000, 0x0000000087300000| Untracked 
|  58|0x0000000087400000, 0x0000000087400000, 0x0000000087500000|  0%| F|  |TAMS 0x0000000087400000, 0x0000000087400000| Untracked 
|  59|0x0000000087500000, 0x0000000087500000, 0x0000000087600000|  0%| F|  |TAMS 0x0000000087500000, 0x0000000087500000| Untracked 
|  60|0x0000000087600000, 0x0000000087700000, 0x0000000087700000|100%| O|  |TAMS 0x0000000087700000, 0x0000000087600000| Untracked 
|  61|0x0000000087700000, 0x0000000087700000, 0x0000000087800000|  0%| F|  |TAMS 0x0000000087700000, 0x0000000087700000| Untracked 
|  62|0x0000000087800000, 0x0000000087800000, 0x0000000087900000|  0%| F|  |TAMS 0x0000000087800000, 0x0000000087800000| Untracked 
|  63|0x0000000087900000, 0x0000000087900000, 0x0000000087a00000|  0%| F|  |TAMS 0x0000000087900000, 0x0000000087900000| Untracked 
|  64|0x0000000087a00000, 0x0000000087b00000, 0x0000000087b00000|100%| O|  |TAMS 0x0000000087b00000, 0x0000000087a00000| Untracked 
|  65|0x0000000087b00000, 0x0000000087c00000, 0x0000000087c00000|100%| O|  |TAMS 0x0000000087c00000, 0x0000000087b00000| Untracked 
|  66|0x0000000087c00000, 0x0000000087d00000, 0x0000000087d00000|100%| O|  |TAMS 0x0000000087d00000, 0x0000000087c00000| Untracked 
|  67|0x0000000087d00000, 0x0000000087e00000, 0x0000000087e00000|100%| O|  |TAMS 0x0000000087e00000, 0x0000000087d00000| Untracked 
|  68|0x0000000087e00000, 0x0000000087f00000, 0x0000000087f00000|100%| O|  |TAMS 0x0000000087f00000, 0x0000000087e00000| Untracked 
|  69|0x0000000087f00000, 0x0000000088000000, 0x0000000088000000|100%| O|  |TAMS 0x0000000088000000, 0x0000000087f00000| Untracked 
|  70|0x0000000088000000, 0x0000000088000000, 0x0000000088100000|  0%| F|  |TAMS 0x0000000088000000, 0x0000000088000000| Untracked 
|  71|0x0000000088100000, 0x0000000088200000, 0x0000000088200000|100%| O|  |TAMS 0x0000000088200000, 0x0000000088100000| Untracked 
|  72|0x0000000088200000, 0x0000000088300000, 0x0000000088300000|100%| O|  |TAMS 0x0000000088300000, 0x0000000088200000| Untracked 
|  73|0x0000000088300000, 0x0000000088400000, 0x0000000088400000|100%| O|  |TAMS 0x0000000088400000, 0x0000000088300000| Untracked 
|  74|0x0000000088400000, 0x0000000088500000, 0x0000000088500000|100%| O|  |TAMS 0x00000000884b3e00, 0x0000000088400000| Untracked 
|  75|0x0000000088500000, 0x0000000088600000, 0x0000000088600000|100%| O|  |TAMS 0x0000000088500000, 0x0000000088500000| Untracked 
|  76|0x0000000088600000, 0x0000000088700000, 0x0000000088700000|100%| O|  |TAMS 0x0000000088600000, 0x0000000088600000| Untracked 
|  77|0x0000000088700000, 0x0000000088800000, 0x0000000088800000|100%| O|  |TAMS 0x0000000088700000, 0x0000000088700000| Untracked 
|  78|0x0000000088800000, 0x0000000088900000, 0x0000000088900000|100%| O|  |TAMS 0x0000000088800000, 0x0000000088800000| Untracked 
|  79|0x0000000088900000, 0x0000000088a00000, 0x0000000088a00000|100%| O|  |TAMS 0x0000000088900000, 0x0000000088900000| Untracked 
|  80|0x0000000088a00000, 0x0000000088b00000, 0x0000000088b00000|100%| O|  |TAMS 0x0000000088a00000, 0x0000000088a00000| Untracked 
|  81|0x0000000088b00000, 0x0000000088c00000, 0x0000000088c00000|100%| O|  |TAMS 0x0000000088b00000, 0x0000000088b00000| Untracked 
|  82|0x0000000088c00000, 0x0000000088d00000, 0x0000000088d00000|100%| O|  |TAMS 0x0000000088c00000, 0x0000000088c00000| Untracked 
|  83|0x0000000088d00000, 0x0000000088e00000, 0x0000000088e00000|100%| O|  |TAMS 0x0000000088d00000, 0x0000000088d00000| Untracked 
|  84|0x0000000088e00000, 0x0000000088e00000, 0x0000000088f00000|  0%| F|  |TAMS 0x0000000088e00000, 0x0000000088e00000| Untracked 
|  85|0x0000000088f00000, 0x0000000088f00000, 0x0000000089000000|  0%| F|  |TAMS 0x0000000088f00000, 0x0000000088f00000| Untracked 
|  86|0x0000000089000000, 0x0000000089000000, 0x0000000089100000|  0%| F|  |TAMS 0x0000000089000000, 0x0000000089000000| Untracked 
|  87|0x0000000089100000, 0x0000000089100000, 0x0000000089200000|  0%| F|  |TAMS 0x0000000089100000, 0x0000000089100000| Untracked 
|  88|0x0000000089200000, 0x0000000089200000, 0x0000000089300000|  0%| F|  |TAMS 0x0000000089200000, 0x0000000089200000| Untracked 
|  89|0x0000000089300000, 0x0000000089300000, 0x0000000089400000|  0%| F|  |TAMS 0x0000000089300000, 0x0000000089300000| Untracked 
|  90|0x0000000089400000, 0x0000000089400000, 0x0000000089500000|  0%| F|  |TAMS 0x0000000089400000, 0x0000000089400000| Untracked 
|  91|0x0000000089500000, 0x0000000089500000, 0x0000000089600000|  0%| F|  |TAMS 0x0000000089500000, 0x0000000089500000| Untracked 
|  92|0x0000000089600000, 0x0000000089600000, 0x0000000089700000|  0%| F|  |TAMS 0x0000000089600000, 0x0000000089600000| Untracked 
|  93|0x0000000089700000, 0x0000000089700000, 0x0000000089800000|  0%| F|  |TAMS 0x0000000089700000, 0x0000000089700000| Untracked 
|  94|0x0000000089800000, 0x0000000089800000, 0x0000000089900000|  0%| F|  |TAMS 0x0000000089800000, 0x0000000089800000| Untracked 
|  95|0x0000000089900000, 0x0000000089900000, 0x0000000089a00000|  0%| F|  |TAMS 0x0000000089900000, 0x0000000089900000| Untracked 
|  96|0x0000000089a00000, 0x0000000089a00000, 0x0000000089b00000|  0%| F|  |TAMS 0x0000000089a00000, 0x0000000089a00000| Untracked 
|  97|0x0000000089b00000, 0x0000000089b00000, 0x0000000089c00000|  0%| F|  |TAMS 0x0000000089b00000, 0x0000000089b00000| Untracked 
|  98|0x0000000089c00000, 0x0000000089c00000, 0x0000000089d00000|  0%| F|  |TAMS 0x0000000089c00000, 0x0000000089c00000| Untracked 
|  99|0x0000000089d00000, 0x0000000089d00000, 0x0000000089e00000|  0%| F|  |TAMS 0x0000000089d00000, 0x0000000089d00000| Untracked 
| 100|0x0000000089e00000, 0x0000000089e00000, 0x0000000089f00000|  0%| F|  |TAMS 0x0000000089e00000, 0x0000000089e00000| Untracked 
| 101|0x0000000089f00000, 0x0000000089f00000, 0x000000008a000000|  0%| F|  |TAMS 0x0000000089f00000, 0x0000000089f00000| Untracked 
| 102|0x000000008a000000, 0x000000008a000000, 0x000000008a100000|  0%| F|  |TAMS 0x000000008a000000, 0x000000008a000000| Untracked 
| 103|0x000000008a100000, 0x000000008a100000, 0x000000008a200000|  0%| F|  |TAMS 0x000000008a100000, 0x000000008a100000| Untracked 
| 104|0x000000008a200000, 0x000000008a200000, 0x000000008a300000|  0%| F|  |TAMS 0x000000008a200000, 0x000000008a200000| Untracked 
| 105|0x000000008a300000, 0x000000008a300000, 0x000000008a400000|  0%| F|  |TAMS 0x000000008a300000, 0x000000008a300000| Untracked 
| 106|0x000000008a400000, 0x000000008a400000, 0x000000008a500000|  0%| F|  |TAMS 0x000000008a400000, 0x000000008a400000| Untracked 
| 107|0x000000008a500000, 0x000000008a500000, 0x000000008a600000|  0%| F|  |TAMS 0x000000008a500000, 0x000000008a500000| Untracked 
| 108|0x000000008a600000, 0x000000008a600000, 0x000000008a700000|  0%| F|  |TAMS 0x000000008a600000, 0x000000008a600000| Untracked 
| 109|0x000000008a700000, 0x000000008a700000, 0x000000008a800000|  0%| F|  |TAMS 0x000000008a700000, 0x000000008a700000| Untracked 
| 110|0x000000008a800000, 0x000000008a800000, 0x000000008a900000|  0%| F|  |TAMS 0x000000008a800000, 0x000000008a800000| Untracked 
| 111|0x000000008a900000, 0x000000008a900000, 0x000000008aa00000|  0%| F|  |TAMS 0x000000008a900000, 0x000000008a900000| Untracked 
| 112|0x000000008aa00000, 0x000000008aa00000, 0x000000008ab00000|  0%| F|  |TAMS 0x000000008aa00000, 0x000000008aa00000| Untracked 
| 113|0x000000008ab00000, 0x000000008ab00000, 0x000000008ac00000|  0%| F|  |TAMS 0x000000008ab00000, 0x000000008ab00000| Untracked 
| 114|0x000000008ac00000, 0x000000008ac00000, 0x000000008ad00000|  0%| F|  |TAMS 0x000000008ac00000, 0x000000008ac00000| Untracked 
| 115|0x000000008ad00000, 0x000000008ad00000, 0x000000008ae00000|  0%| F|  |TAMS 0x000000008ad00000, 0x000000008ad00000| Untracked 
| 116|0x000000008ae00000, 0x000000008ae00000, 0x000000008af00000|  0%| F|  |TAMS 0x000000008ae00000, 0x000000008ae00000| Untracked 
| 117|0x000000008af00000, 0x000000008af00000, 0x000000008b000000|  0%| F|  |TAMS 0x000000008af00000, 0x000000008af00000| Untracked 
| 118|0x000000008b000000, 0x000000008b000000, 0x000000008b100000|  0%| F|  |TAMS 0x000000008b000000, 0x000000008b000000| Untracked 
| 119|0x000000008b100000, 0x000000008b100000, 0x000000008b200000|  0%| F|  |TAMS 0x000000008b100000, 0x000000008b100000| Untracked 
| 120|0x000000008b200000, 0x000000008b200000, 0x000000008b300000|  0%| F|  |TAMS 0x000000008b200000, 0x000000008b200000| Untracked 
| 121|0x000000008b300000, 0x000000008b300000, 0x000000008b400000|  0%| F|  |TAMS 0x000000008b300000, 0x000000008b300000| Untracked 
| 122|0x000000008b400000, 0x000000008b400000, 0x000000008b500000|  0%| F|  |TAMS 0x000000008b400000, 0x000000008b400000| Untracked 
| 123|0x000000008b500000, 0x000000008b500000, 0x000000008b600000|  0%| F|  |TAMS 0x000000008b500000, 0x000000008b500000| Untracked 
| 124|0x000000008b600000, 0x000000008b600000, 0x000000008b700000|  0%| F|  |TAMS 0x000000008b600000, 0x000000008b600000| Untracked 
| 125|0x000000008b700000, 0x000000008b700000, 0x000000008b800000|  0%| F|  |TAMS 0x000000008b700000, 0x000000008b700000| Untracked 
| 126|0x000000008b800000, 0x000000008b800000, 0x000000008b900000|  0%| F|  |TAMS 0x000000008b800000, 0x000000008b800000| Untracked 
| 127|0x000000008b900000, 0x000000008b900000, 0x000000008ba00000|  0%| F|  |TAMS 0x000000008b900000, 0x000000008b900000| Untracked 
| 128|0x000000008ba00000, 0x000000008ba00000, 0x000000008bb00000|  0%| F|  |TAMS 0x000000008ba00000, 0x000000008ba00000| Untracked 
| 129|0x000000008bb00000, 0x000000008bb00000, 0x000000008bc00000|  0%| F|  |TAMS 0x000000008bb00000, 0x000000008bb00000| Untracked 
| 130|0x000000008bc00000, 0x000000008bc00000, 0x000000008bd00000|  0%| F|  |TAMS 0x000000008bc00000, 0x000000008bc00000| Untracked 
| 131|0x000000008bd00000, 0x000000008bd00000, 0x000000008be00000|  0%| F|  |TAMS 0x000000008bd00000, 0x000000008bd00000| Untracked 
| 132|0x000000008be00000, 0x000000008be00000, 0x000000008bf00000|  0%| F|  |TAMS 0x000000008be00000, 0x000000008be00000| Untracked 
| 133|0x000000008bf00000, 0x000000008bf00000, 0x000000008c000000|  0%| F|  |TAMS 0x000000008bf00000, 0x000000008bf00000| Untracked 
| 134|0x000000008c000000, 0x000000008c000000, 0x000000008c100000|  0%| F|  |TAMS 0x000000008c000000, 0x000000008c000000| Untracked 
| 135|0x000000008c100000, 0x000000008c100000, 0x000000008c200000|  0%| F|  |TAMS 0x000000008c100000, 0x000000008c100000| Untracked 
| 136|0x000000008c200000, 0x000000008c200000, 0x000000008c300000|  0%| F|  |TAMS 0x000000008c200000, 0x000000008c200000| Untracked 
| 137|0x000000008c300000, 0x000000008c300000, 0x000000008c400000|  0%| F|  |TAMS 0x000000008c300000, 0x000000008c300000| Untracked 
| 138|0x000000008c400000, 0x000000008c400000, 0x000000008c500000|  0%| F|  |TAMS 0x000000008c400000, 0x000000008c400000| Untracked 
| 139|0x000000008c500000, 0x000000008c500000, 0x000000008c600000|  0%| F|  |TAMS 0x000000008c500000, 0x000000008c500000| Untracked 
| 140|0x000000008c600000, 0x000000008c600000, 0x000000008c700000|  0%| F|  |TAMS 0x000000008c600000, 0x000000008c600000| Untracked 
| 141|0x000000008c700000, 0x000000008c700000, 0x000000008c800000|  0%| F|  |TAMS 0x000000008c700000, 0x000000008c700000| Untracked 
| 142|0x000000008c800000, 0x000000008c800000, 0x000000008c900000|  0%| F|  |TAMS 0x000000008c800000, 0x000000008c800000| Untracked 
| 143|0x000000008c900000, 0x000000008c900000, 0x000000008ca00000|  0%| F|  |TAMS 0x000000008c900000, 0x000000008c900000| Untracked 
| 144|0x000000008ca00000, 0x000000008ca00000, 0x000000008cb00000|  0%| F|  |TAMS 0x000000008ca00000, 0x000000008ca00000| Untracked 
| 145|0x000000008cb00000, 0x000000008cb00000, 0x000000008cc00000|  0%| F|  |TAMS 0x000000008cb00000, 0x000000008cb00000| Untracked 
| 146|0x000000008cc00000, 0x000000008cc00000, 0x000000008cd00000|  0%| F|  |TAMS 0x000000008cc00000, 0x000000008cc00000| Untracked 
| 147|0x000000008cd00000, 0x000000008cd00000, 0x000000008ce00000|  0%| F|  |TAMS 0x000000008cd00000, 0x000000008cd00000| Untracked 
| 148|0x000000008ce00000, 0x000000008ce00000, 0x000000008cf00000|  0%| F|  |TAMS 0x000000008ce00000, 0x000000008ce00000| Untracked 
| 149|0x000000008cf00000, 0x000000008cf00000, 0x000000008d000000|  0%| F|  |TAMS 0x000000008cf00000, 0x000000008cf00000| Untracked 
| 150|0x000000008d000000, 0x000000008d000000, 0x000000008d100000|  0%| F|  |TAMS 0x000000008d000000, 0x000000008d000000| Untracked 
| 151|0x000000008d100000, 0x000000008d100000, 0x000000008d200000|  0%| F|  |TAMS 0x000000008d100000, 0x000000008d100000| Untracked 
| 152|0x000000008d200000, 0x000000008d200000, 0x000000008d300000|  0%| F|  |TAMS 0x000000008d200000, 0x000000008d200000| Untracked 
| 153|0x000000008d300000, 0x000000008d300000, 0x000000008d400000|  0%| F|  |TAMS 0x000000008d300000, 0x000000008d300000| Untracked 
| 154|0x000000008d400000, 0x000000008d400000, 0x000000008d500000|  0%| F|  |TAMS 0x000000008d400000, 0x000000008d400000| Untracked 
| 155|0x000000008d500000, 0x000000008d600000, 0x000000008d600000|100%| S|CS|TAMS 0x000000008d500000, 0x000000008d500000| Complete 
| 156|0x000000008d600000, 0x000000008d600000, 0x000000008d700000|  0%| F|  |TAMS 0x000000008d600000, 0x000000008d600000| Untracked 
| 157|0x000000008d700000, 0x000000008d700000, 0x000000008d800000|  0%| F|  |TAMS 0x000000008d700000, 0x000000008d700000| Untracked 
| 158|0x000000008d800000, 0x000000008d800000, 0x000000008d900000|  0%| F|  |TAMS 0x000000008d800000, 0x000000008d800000| Untracked 
| 159|0x000000008d900000, 0x000000008d900000, 0x000000008da00000|  0%| F|  |TAMS 0x000000008d900000, 0x000000008d900000| Untracked 
| 160|0x000000008da00000, 0x000000008da00000, 0x000000008db00000|  0%| F|  |TAMS 0x000000008da00000, 0x000000008da00000| Untracked 
| 161|0x000000008db00000, 0x000000008db00000, 0x000000008dc00000|  0%| F|  |TAMS 0x000000008db00000, 0x000000008db00000| Untracked 
| 162|0x000000008dc00000, 0x000000008dc00000, 0x000000008dd00000|  0%| F|  |TAMS 0x000000008dc00000, 0x000000008dc00000| Untracked 
| 163|0x000000008dd00000, 0x000000008dd00000, 0x000000008de00000|  0%| F|  |TAMS 0x000000008dd00000, 0x000000008dd00000| Untracked 

Card table byte_map: [0x00000283b77c0000,0x00000283b7bb0000] _byte_map_base: 0x00000283b73a3000

Marking Bits (Prev, Next): (CMBitMap*) 0x00000283abe75be0, (CMBitMap*) 0x00000283abe75c20
 Prev Bits: [0x00000283b7fa0000, 0x00000283b9eb8000)
 Next Bits: [0x00000283b9ec0000, 0x00000283bbdd8000)

Polling page: 0x00000283aa550000

Metaspace:

Usage:
  Non-class:     47.70 MB used.
      Class:      7.58 MB used.
       Both:     55.28 MB used.

Virtual space:
  Non-class space:       64.00 MB reserved,      47.94 MB ( 75%) committed,  1 nodes.
      Class space:        1.00 GB reserved,       7.81 MB ( <1%) committed,  1 nodes.
             Both:        1.06 GB reserved,      55.75 MB (  5%) committed. 

Chunk freelists:
   Non-Class:  15.95 MB
       Class:  8.22 MB
        Both:  24.16 MB

MaxMetaspaceSize: unlimited
CompressedClassSpaceSize: 1.00 GB
Initial GC threshold: 21.00 MB
Current GC threshold: 92.94 MB
CDS: on
MetaspaceReclaimPolicy: balanced
 - commit_granule_bytes: 65536.
 - commit_granule_words: 8192.
 - virtual_space_node_default_size: 8388608.
 - enlarge_chunks_in_place: 1.
 - new_chunks_are_fully_committed: 0.
 - uncommit_free_chunks: 1.
 - use_allocation_guard: 0.
 - handle_deallocations: 1.


Internal statistics:

num_allocs_failed_limit: 6.
num_arena_births: 756.
num_arena_deaths: 0.
num_vsnodes_births: 2.
num_vsnodes_deaths: 0.
num_space_committed: 892.
num_space_uncommitted: 0.
num_chunks_returned_to_freelist: 6.
num_chunks_taken_from_freelist: 2777.
num_chunk_merges: 6.
num_chunk_splits: 2044.
num_chunks_enlarged: 1584.
num_inconsistent_stats: 0.

CodeCache: size=49152Kb used=11481Kb max_used=11481Kb free=37670Kb
 bounds [0x00000283b3c50000, 0x00000283b4790000, 0x00000283b6c50000]
 total_blobs=6440 nmethods=5803 adapters=563
 compilation: enabled
              stopped_count=0, restarted_count=0
 full_count=0

Compilation events (20 events):
Event: 10.086 Thread 0x00000283be9412d0 5794       1       sun.rmi.runtime.Log$LoggerLog::log (45 bytes)
Event: 10.088 Thread 0x00000283be9412d0 nmethod 5794 0x00000283b4783090 code [0x00000283b47832c0, 0x00000283b4783988]
Event: 10.125 Thread 0x0000028404b3e840 5795  s    1       jdk.internal.ref.Cleaner::remove (89 bytes)
Event: 10.125 Thread 0x00000283be9412d0 5796       1       java.nio.DirectByteBuffer$Deallocator::run (38 bytes)
Event: 10.125 Thread 0x00000283be9412d0 nmethod 5796 0x00000283b4783f10 code [0x00000283b47840c0, 0x00000283b47842a8]
Event: 10.125 Thread 0x00000283be9412d0 5798       1       java.nio.Bits::unreserveMemory (64 bytes)
Event: 10.125 Thread 0x0000028404b3e840 nmethod 5795 0x00000283b4784390 code [0x00000283b4784560, 0x00000283b47849b8]
Event: 10.125 Thread 0x0000028404b3e840 5799       1       java.util.concurrent.atomic.AtomicLong::decrementAndGet (16 bytes)
Event: 10.125 Thread 0x0000028404b3e840 nmethod 5799 0x00000283b4784b10 code [0x00000283b4784ca0, 0x00000283b4784d98]
Event: 10.125 Thread 0x0000028404b3e840 5797   !   1       jdk.internal.ref.Cleaner::clean (35 bytes)
Event: 10.125 Thread 0x00000283be9412d0 nmethod 5798 0x00000283b4784e10 code [0x00000283b4784fa0, 0x00000283b4785098]
Event: 10.126 Thread 0x0000028404b3e840 nmethod 5797 0x00000283b4785110 code [0x00000283b4785300, 0x00000283b4785548]
Event: 10.131 Thread 0x0000028404b3e840 5800       1       sun.misc.Unsafe::getObjectVolatile (9 bytes)
Event: 10.131 Thread 0x0000028404b3e840 nmethod 5800 0x00000283b4785690 code [0x00000283b4785820, 0x00000283b4785938]
Event: 10.137 Thread 0x0000028404b3e840 5801       1       sun.nio.ch.Util$BufferCache::removeFirst (65 bytes)
Event: 10.137 Thread 0x0000028404b3e840 nmethod 5801 0x00000283b4785990 code [0x00000283b4785b20, 0x00000283b4785c78]
Event: 10.171 Thread 0x0000028404b3e840 5802       1       java.util.Collections::sort (8 bytes)
Event: 10.172 Thread 0x0000028404b3e840 nmethod 5802 0x00000283b4785d90 code [0x00000283b4785f20, 0x00000283b4785fe8]
Event: 10.176 Thread 0x0000028404b3e840 5803   !   1       sun.nio.fs.WindowsDirectoryStream::close (59 bytes)
Event: 10.176 Thread 0x0000028404b3e840 nmethod 5803 0x00000283b4786090 code [0x00000283b4786260, 0x00000283b4786528]

GC Heap History (20 events):
Event: 9.560 GC heap after
{Heap after GC invocations=16 (full 0):
 garbage-first heap   total 98304K, used 37010K [0x0000000083a00000, 0x0000000100000000)
  region size 1024K, 7 young (7168K), 7 survivors (7168K)
 Metaspace       used 56486K, committed 57024K, reserved 1114112K
  class space    used 7745K, committed 8000K, reserved 1048576K
}
Event: 9.652 GC heap before
{Heap before GC invocations=16 (full 0):
 garbage-first heap   total 98304K, used 77970K [0x0000000083a00000, 0x0000000100000000)
  region size 1024K, 46 young (47104K), 7 survivors (7168K)
 Metaspace       used 56514K, committed 57024K, reserved 1114112K
  class space    used 7750K, committed 8000K, reserved 1048576K
}
Event: 9.660 GC heap after
{Heap after GC invocations=17 (full 0):
 garbage-first heap   total 98304K, used 44248K [0x0000000083a00000, 0x0000000100000000)
  region size 1024K, 6 young (6144K), 6 survivors (6144K)
 Metaspace       used 56514K, committed 57024K, reserved 1114112K
  class space    used 7750K, committed 8000K, reserved 1048576K
}
Event: 9.750 GC heap before
{Heap before GC invocations=17 (full 0):
 garbage-first heap   total 98304K, used 78040K [0x0000000083a00000, 0x0000000100000000)
  region size 1024K, 36 young (36864K), 6 survivors (6144K)
 Metaspace       used 56598K, committed 57088K, reserved 1114112K
  class space    used 7762K, committed 8000K, reserved 1048576K
}
Event: 9.757 GC heap after
{Heap after GC invocations=18 (full 0):
 garbage-first heap   total 98304K, used 54115K [0x0000000083a00000, 0x0000000100000000)
  region size 1024K, 5 young (5120K), 5 survivors (5120K)
 Metaspace       used 56598K, committed 57088K, reserved 1114112K
  class space    used 7762K, committed 8000K, reserved 1048576K
}
Event: 9.802 GC heap before
{Heap before GC invocations=18 (full 0):
 garbage-first heap   total 98304K, used 76643K [0x0000000083a00000, 0x0000000100000000)
  region size 1024K, 27 young (27648K), 5 survivors (5120K)
 Metaspace       used 56598K, committed 57088K, reserved 1114112K
  class space    used 7762K, committed 8000K, reserved 1048576K
}
Event: 9.807 GC heap after
{Heap after GC invocations=19 (full 0):
 garbage-first heap   total 98304K, used 58675K [0x0000000083a00000, 0x0000000100000000)
  region size 1024K, 4 young (4096K), 4 survivors (4096K)
 Metaspace       used 56598K, committed 57088K, reserved 1114112K
  class space    used 7762K, committed 8000K, reserved 1048576K
}
Event: 9.844 GC heap before
{Heap before GC invocations=19 (full 0):
 garbage-first heap   total 98304K, used 76083K [0x0000000083a00000, 0x0000000100000000)
  region size 1024K, 22 young (22528K), 4 survivors (4096K)
 Metaspace       used 56598K, committed 57088K, reserved 1114112K
  class space    used 7762K, committed 8000K, reserved 1048576K
}
Event: 9.849 GC heap after
{Heap after GC invocations=20 (full 0):
 garbage-first heap   total 167936K, used 64832K [0x0000000083a00000, 0x0000000100000000)
  region size 1024K, 3 young (3072K), 3 survivors (3072K)
 Metaspace       used 56598K, committed 57088K, reserved 1114112K
  class space    used 7762K, committed 8000K, reserved 1048576K
}
Event: 9.965 GC heap before
{Heap before GC invocations=21 (full 0):
 garbage-first heap   total 167936K, used 118080K [0x0000000083a00000, 0x0000000100000000)
  region size 1024K, 53 young (54272K), 3 survivors (3072K)
 Metaspace       used 56598K, committed 57088K, reserved 1114112K
  class space    used 7762K, committed 8000K, reserved 1048576K
}
Event: 9.971 GC heap after
{Heap after GC invocations=22 (full 0):
 garbage-first heap   total 167936K, used 75392K [0x0000000083a00000, 0x0000000100000000)
  region size 1024K, 7 young (7168K), 7 survivors (7168K)
 Metaspace       used 56598K, committed 57088K, reserved 1114112K
  class space    used 7762K, committed 8000K, reserved 1048576K
}
Event: 9.973 GC heap before
{Heap before GC invocations=22 (full 0):
 garbage-first heap   total 167936K, used 76416K [0x0000000083a00000, 0x0000000100000000)
  region size 1024K, 8 young (8192K), 7 survivors (7168K)
 Metaspace       used 56598K, committed 57088K, reserved 1114112K
  class space    used 7762K, committed 8000K, reserved 1048576K
}
Event: 9.976 GC heap after
{Heap after GC invocations=23 (full 0):
 garbage-first heap   total 167936K, used 75135K [0x0000000083a00000, 0x0000000100000000)
  region size 1024K, 1 young (1024K), 1 survivors (1024K)
 Metaspace       used 56598K, committed 57088K, reserved 1114112K
  class space    used 7762K, committed 8000K, reserved 1048576K
}
Event: 10.049 GC heap before
{Heap before GC invocations=23 (full 0):
 garbage-first heap   total 167936K, used 110975K [0x0000000083a00000, 0x0000000100000000)
  region size 1024K, 37 young (37888K), 1 survivors (1024K)
 Metaspace       used 56606K, committed 57088K, reserved 1114112K
  class space    used 7764K, committed 8000K, reserved 1048576K
}
Event: 10.054 GC heap after
{Heap after GC invocations=24 (full 0):
 garbage-first heap   total 167936K, used 84136K [0x0000000083a00000, 0x0000000100000000)
  region size 1024K, 6 young (6144K), 6 survivors (6144K)
 Metaspace       used 56606K, committed 57088K, reserved 1114112K
  class space    used 7764K, committed 8000K, reserved 1048576K
}
Event: 10.155 GC heap before
{Heap before GC invocations=25 (full 0):
 garbage-first heap   total 167936K, used 115880K [0x0000000083a00000, 0x0000000100000000)
  region size 1024K, 45 young (46080K), 6 survivors (6144K)
 Metaspace       used 56606K, committed 57088K, reserved 1114112K
  class space    used 7764K, committed 8000K, reserved 1048576K
}
Event: 10.162 GC heap after
{Heap after GC invocations=26 (full 0):
 garbage-first heap   total 167936K, used 83468K [0x0000000083a00000, 0x0000000100000000)
  region size 1024K, 6 young (6144K), 6 survivors (6144K)
 Metaspace       used 56606K, committed 57088K, reserved 1114112K
  class space    used 7764K, committed 8000K, reserved 1048576K
}
Event: 10.164 GC heap before
{Heap before GC invocations=26 (full 0):
 garbage-first heap   total 167936K, used 85516K [0x0000000083a00000, 0x0000000100000000)
  region size 1024K, 8 young (8192K), 6 survivors (6144K)
 Metaspace       used 56606K, committed 57088K, reserved 1114112K
  class space    used 7764K, committed 8000K, reserved 1048576K
}
Event: 10.168 GC heap after
{Heap after GC invocations=27 (full 0):
 garbage-first heap   total 167936K, used 68453K [0x0000000083a00000, 0x0000000100000000)
  region size 1024K, 1 young (1024K), 1 survivors (1024K)
 Metaspace       used 56606K, committed 57088K, reserved 1114112K
  class space    used 7764K, committed 8000K, reserved 1048576K
}
Event: 10.179 GC heap before
{Heap before GC invocations=27 (full 0):
 garbage-first heap   total 167936K, used 75621K [0x0000000083a00000, 0x0000000100000000)
  region size 1024K, 8 young (8192K), 1 survivors (1024K)
 Metaspace       used 56606K, committed 57088K, reserved 1114112K
  class space    used 7764K, committed 8000K, reserved 1048576K
}

Deoptimization events (2 events):
Event: 6.148 Thread 0x000002840502cb60 DEOPT PACKING pc=0x00000283b417e697 sp=0x000000c7112ff140
Event: 6.148 Thread 0x000002840502cb60 DEOPT UNPACKING pc=0x00000283b3ca66e3 sp=0x000000c7112fe598 mode 3

Classes unloaded (0 events):
No events

Classes redefined (0 events):
No events

Internal exceptions (20 events):
Event: 10.151 Thread 0x0000028406b68510 Exception <a 'sun/nio/fs/WindowsException'{0x000000008b909538}> (0x000000008b909538) 
thrown [s\open\src\hotspot\share\prims\jni.cpp, line 516]
Event: 10.152 Thread 0x0000028406b64340 Exception <a 'sun/nio/fs/WindowsException'{0x000000008baf73a0}> (0x000000008baf73a0) 
thrown [s\open\src\hotspot\share\prims\jni.cpp, line 516]
Event: 10.152 Thread 0x0000028406b68510 Exception <a 'sun/nio/fs/WindowsException'{0x000000008b909f00}> (0x000000008b909f00) 
thrown [s\open\src\hotspot\share\prims\jni.cpp, line 516]
Event: 10.152 Thread 0x0000028406b64340 Exception <a 'sun/nio/fs/WindowsException'{0x000000008baf7d80}> (0x000000008baf7d80) 
thrown [s\open\src\hotspot\share\prims\jni.cpp, line 516]
Event: 10.152 Thread 0x0000028406b68510 Exception <a 'sun/nio/fs/WindowsException'{0x000000008b90a280}> (0x000000008b90a280) 
thrown [s\open\src\hotspot\share\prims\jni.cpp, line 516]
Event: 10.152 Thread 0x0000028406b64340 Exception <a 'sun/nio/fs/WindowsException'{0x000000008baf8110}> (0x000000008baf8110) 
thrown [s\open\src\hotspot\share\prims\jni.cpp, line 516]
Event: 10.152 Thread 0x0000028406b68510 Exception <a 'sun/nio/fs/WindowsException'{0x000000008b90ac38}> (0x000000008b90ac38) 
thrown [s\open\src\hotspot\share\prims\jni.cpp, line 516]
Event: 10.152 Thread 0x0000028406b64340 Exception <a 'sun/nio/fs/WindowsException'{0x000000008baf8b08}> (0x000000008baf8b08) 
thrown [s\open\src\hotspot\share\prims\jni.cpp, line 516]
Event: 10.152 Thread 0x0000028406b68510 Exception <a 'sun/nio/fs/WindowsException'{0x000000008b90af98}> (0x000000008b90af98) 
thrown [s\open\src\hotspot\share\prims\jni.cpp, line 516]
Event: 10.152 Thread 0x0000028406b64340 Exception <a 'sun/nio/fs/WindowsException'{0x000000008baf8eb8}> (0x000000008baf8eb8) 
thrown [s\open\src\hotspot\share\prims\jni.cpp, line 516]
Event: 10.152 Thread 0x0000028406b64340 Exception <a 'sun/nio/fs/WindowsException'{0x000000008baf98a8}> (0x000000008baf98a8) 
thrown [s\open\src\hotspot\share\prims\jni.cpp, line 516]
Event: 10.152 Thread 0x0000028406b68510 Exception <a 'sun/nio/fs/WindowsException'{0x000000008b90b960}> (0x000000008b90b960) 
thrown [s\open\src\hotspot\share\prims\jni.cpp, line 516]
Event: 10.152 Thread 0x0000028406b64340 Exception <a 'sun/nio/fs/WindowsException'{0x000000008baf9c58}> (0x000000008baf9c58) 
thrown [s\open\src\hotspot\share\prims\jni.cpp, line 516]
Event: 10.152 Thread 0x0000028406b68510 Exception <a 'sun/nio/fs/WindowsException'{0x000000008b90bce0}> (0x000000008b90bce0) 
thrown [s\open\src\hotspot\share\prims\jni.cpp, line 516]
Event: 10.152 Thread 0x0000028406b68510 Exception <a 'sun/nio/fs/WindowsException'{0x000000008b90c6c0}> (0x000000008b90c6c0) 
thrown [s\open\src\hotspot\share\prims\jni.cpp, line 516]
Event: 10.152 Thread 0x0000028406b68510 Exception <a 'sun/nio/fs/WindowsException'{0x000000008b90ca50}> (0x000000008b90ca50) 
thrown [s\open\src\hotspot\share\prims\jni.cpp, line 516]
Event: 10.153 Thread 0x0000028406b68510 Exception <a 'sun/nio/fs/WindowsException'{0x000000008b90d448}> (0x000000008b90d448) 
thrown [s\open\src\hotspot\share\prims\jni.cpp, line 516]
Event: 10.153 Thread 0x0000028406b68510 Exception <a 'sun/nio/fs/WindowsException'{0x000000008b90d7f8}> (0x000000008b90d7f8) 
thrown [s\open\src\hotspot\share\prims\jni.cpp, line 516]
Event: 10.153 Thread 0x0000028406b68510 Exception <a 'sun/nio/fs/WindowsException'{0x000000008b90e1e8}> (0x000000008b90e1e8) 
thrown [s\open\src\hotspot\share\prims\jni.cpp, line 516]
Event: 10.153 Thread 0x0000028406b68510 Exception <a 'sun/nio/fs/WindowsException'{0x000000008b90e598}> (0x000000008b90e598) 
thrown [s\open\src\hotspot\share\prims\jni.cpp, line 516]

VM Operations (20 events):
Event: 9.850 Executing VM operation: G1CollectForAllocation done
Event: 9.856 Executing VM operation: G1Concurrent
Event: 9.859 Executing VM operation: G1Concurrent done
Event: 9.882 Executing VM operation: G1Concurrent
Event: 9.882 Executing VM operation: G1Concurrent done
Event: 9.964 Executing VM operation: G1CollectForAllocation
Event: 9.972 Executing VM operation: G1CollectForAllocation done
Event: 9.972 Executing VM operation: G1CollectForAllocation
Event: 9.976 Executing VM operation: G1CollectForAllocation done
Event: 10.048 Executing VM operation: G1TryInitiateConcMark
Event: 10.055 Executing VM operation: G1TryInitiateConcMark done
Event: 10.100 Executing VM operation: G1Concurrent
Event: 10.102 Executing VM operation: G1Concurrent done
Event: 10.123 Executing VM operation: G1Concurrent
Event: 10.124 Executing VM operation: G1Concurrent done
Event: 10.154 Executing VM operation: G1CollectForAllocation
Event: 10.162 Executing VM operation: G1CollectForAllocation done
Event: 10.164 Executing VM operation: G1CollectForAllocation
Event: 10.168 Executing VM operation: G1CollectForAllocation done
Event: 10.179 Executing VM operation: G1CollectForAllocation

Events (20 events):
Event: 10.028 Thread 0x0000028406b661a0 Thread exited: 0x0000028406b661a0
Event: 10.028 Thread 0x0000028406b63920 Thread exited: 0x0000028406b63920
Event: 10.028 Thread 0x0000028406b666b0 Thread exited: 0x0000028406b666b0
Event: 10.028 Thread 0x00000284053b7990 Thread exited: 0x00000284053b7990
Event: 10.037 Thread 0x00000284053b7990 Thread added: 0x00000284053b7990
Event: 10.038 Thread 0x00000284053b7ea0 Thread added: 0x00000284053b7ea0
Event: 10.038 Thread 0x0000028406b65c90 Thread added: 0x0000028406b65c90
Event: 10.038 Thread 0x0000028406b670d0 Thread added: 0x0000028406b670d0
Event: 10.038 Thread 0x0000028406b68000 Thread added: 0x0000028406b68000
Event: 10.038 Thread 0x0000028406b66bc0 Thread added: 0x0000028406b66bc0
Event: 10.038 Thread 0x0000028406b666b0 Thread added: 0x0000028406b666b0
Event: 10.038 Thread 0x0000028406b63e30 Thread added: 0x0000028406b63e30
Event: 10.038 Thread 0x0000028406b6a880 Thread added: 0x0000028406b6a880
Event: 10.038 Thread 0x0000028406b675e0 Thread added: 0x0000028406b675e0
Event: 10.038 Thread 0x0000028406b63410 Thread added: 0x0000028406b63410
Event: 10.039 Thread 0x0000028406b661a0 Thread added: 0x0000028406b661a0
Event: 10.040 Thread 0x0000028406b68510 Thread added: 0x0000028406b68510
Event: 10.040 Thread 0x0000028406b64340 Thread added: 0x0000028406b64340
Event: 10.083 Thread 0x0000028406b68a20 Thread added: 0x0000028406b68a20
Event: 10.102 Thread 0x0000028406b68a20 Thread exited: 0x0000028406b68a20


Dynamic libraries:
0x00007ff71cff0000 - 0x00007ff71d000000 	D:\jdk17\bin\java.exe
0x00007ffc70cb0000 - 0x00007ffc70ea8000 	C:\windows\SYSTEM32\ntdll.dll
0x00007ffc70b20000 - 0x00007ffc70be2000 	C:\windows\System32\KERNEL32.DLL
0x00007ffc6e6b0000 - 0x00007ffc6e9a6000 	C:\windows\System32\KERNELBASE.dll
0x00007ffc6e4d0000 - 0x00007ffc6e5d0000 	C:\windows\System32\ucrtbase.dll
0x00007ffc68750000 - 0x00007ffc68769000 	D:\jdk17\bin\jli.dll
0x00007ffc6efe0000 - 0x00007ffc6f091000 	C:\windows\System32\ADVAPI32.dll
0x00007ffc70a80000 - 0x00007ffc70b1e000 	C:\windows\System32\msvcrt.dll
0x00007ffc6feb0000 - 0x00007ffc6ff4f000 	C:\windows\System32\sechost.dll
0x00007ffc6f620000 - 0x00007ffc6f740000 	C:\windows\System32\RPCRT4.dll
0x00007ffc6e5d0000 - 0x00007ffc6e5f7000 	C:\windows\System32\bcrypt.dll
0x00007ffc6ee30000 - 0x00007ffc6efd1000 	C:\windows\System32\USER32.dll
0x00007ffc6e600000 - 0x00007ffc6e622000 	C:\windows\System32\win32u.dll
0x00007ffc6ed30000 - 0x00007ffc6ed5b000 	C:\windows\System32\GDI32.dll
0x00007ffc6e9b0000 - 0x00007ffc6eac9000 	C:\windows\System32\gdi32full.dll
0x00007ffc6ead0000 - 0x00007ffc6eb6d000 	C:\windows\System32\msvcp_win.dll
0x00007ffc687d0000 - 0x00007ffc687eb000 	D:\jdk17\bin\VCRUNTIME140.dll
0x00007ffc574b0000 - 0x00007ffc5774b000 	C:\windows\WinSxS\amd64_microsoft.windows.common-controls_6595b64144ccf1df_6.0.19041.6456_none_60b8a6cb71f64256\COMCTL32.dll
0x00007ffc6de50000 - 0x00007ffc6de5a000 	C:\windows\SYSTEM32\VERSION.dll
0x00007ffc6f260000 - 0x00007ffc6f28f000 	C:\windows\System32\IMM32.DLL
0x000000006d3d0000 - 0x000000006d3dd000 	C:\Program Files (x86)\360\360Safe\safemon\SafeWrapper.dll
0x00007ffc664c0000 - 0x00007ffc665c5000 	C:\Program Files (x86)\360\360Safe\safemon\libzdtp64.dll
0x00007ffc6f740000 - 0x00007ffc6feb0000 	C:\windows\System32\SHELL32.dll
0x00007ffc6f200000 - 0x00007ffc6f25b000 	C:\windows\System32\SHLWAPI.dll
0x00007ffc68740000 - 0x00007ffc6874c000 	D:\jdk17\bin\vcruntime140_1.dll
0x00007ffc55ea0000 - 0x00007ffc55f2e000 	D:\jdk17\bin\msvcp140.dll
0x00007ffc19e00000 - 0x00007ffc1a9e0000 	D:\jdk17\bin\server\jvm.dll
0x00007ffc70620000 - 0x00007ffc70628000 	C:\windows\System32\PSAPI.DLL
0x00007ffc68730000 - 0x00007ffc68739000 	C:\windows\SYSTEM32\WSOCK32.dll
0x00007ffc70630000 - 0x00007ffc7069b000 	C:\windows\System32\WS2_32.dll
0x00007ffc5c020000 - 0x00007ffc5c047000 	C:\windows\SYSTEM32\WINMM.dll
0x00007ffc6cad0000 - 0x00007ffc6cae2000 	C:\windows\SYSTEM32\kernel.appcore.dll
0x00007ffc68620000 - 0x00007ffc6862a000 	D:\jdk17\bin\jimage.dll
0x00007ffc6c7d0000 - 0x00007ffc6c9d1000 	C:\windows\SYSTEM32\DBGHELP.DLL
0x00007ffc50100000 - 0x00007ffc50134000 	C:\windows\SYSTEM32\dbgcore.DLL
0x00007ffc6e3f0000 - 0x00007ffc6e472000 	C:\windows\System32\bcryptPrimitives.dll
0x00007ffc57080000 - 0x00007ffc5708e000 	D:\jdk17\bin\instrument.dll
0x00007ffc57380000 - 0x00007ffc573a5000 	D:\jdk17\bin\java.dll
0x00007ffc4a7c0000 - 0x00007ffc4a897000 	D:\jdk17\bin\jsvml.dll
0x00007ffc6bf50000 - 0x00007ffc6c6f5000 	C:\windows\SYSTEM32\windows.storage.dll
0x00007ffc70700000 - 0x00007ffc70a54000 	C:\windows\System32\combase.dll
0x00007ffc6dcb0000 - 0x00007ffc6dcdb000 	C:\windows\SYSTEM32\Wldp.dll
0x00007ffc6ed60000 - 0x00007ffc6ee2d000 	C:\windows\System32\OLEAUT32.dll
0x00007ffc6f150000 - 0x00007ffc6f1fd000 	C:\windows\System32\SHCORE.dll
0x00007ffc6e270000 - 0x00007ffc6e294000 	C:\windows\SYSTEM32\profapi.dll
0x00007ffc57360000 - 0x00007ffc57378000 	D:\jdk17\bin\zip.dll
0x00007ffc65dc0000 - 0x00007ffc65dd9000 	D:\jdk17\bin\net.dll
0x00007ffc63b60000 - 0x00007ffc63c6a000 	C:\windows\SYSTEM32\WINHTTP.dll
0x00007ffc6da10000 - 0x00007ffc6da7a000 	C:\windows\system32\mswsock.dll
0x00007ffc62520000 - 0x00007ffc62536000 	D:\jdk17\bin\nio.dll
0x00007ffc55e10000 - 0x00007ffc55e2a000 	D:\idea\IDEA2024\IntelliJ IDEA 2024.2.1\bin\breakgen64.dll
0x00007ffc6d6f0000 - 0x00007ffc6d7ba000 	C:\windows\SYSTEM32\DNSAPI.dll
0x00007ffc6de60000 - 0x00007ffc6de9b000 	C:\windows\SYSTEM32\IPHLPAPI.DLL
0x00007ffc6f290000 - 0x00007ffc6f298000 	C:\windows\System32\NSI.dll
0x00007ffc66730000 - 0x00007ffc6673a000 	C:\Windows\System32\rasadhlp.dll
0x00007ffc5c1a0000 - 0x00007ffc5c220000 	C:\windows\System32\fwpuclnt.dll
0x00007ffc67390000 - 0x00007ffc6739a000 	D:\jdk17\bin\management.dll
0x00007ffc65d90000 - 0x00007ffc65d9b000 	D:\jdk17\bin\management_ext.dll
0x00007ffc6dc00000 - 0x00007ffc6dc18000 	C:\windows\SYSTEM32\CRYPTSP.dll
0x00007ffc6d300000 - 0x00007ffc6d338000 	C:\windows\system32\rsaenh.dll
0x00007ffc6e230000 - 0x00007ffc6e25e000 	C:\windows\SYSTEM32\USERENV.dll
0x00007ffc6dc20000 - 0x00007ffc6dc2c000 	C:\windows\SYSTEM32\CRYPTBASE.dll
0x00007ffc65590000 - 0x00007ffc655a7000 	C:\windows\SYSTEM32\dhcpcsvc6.DLL
0x00007ffc64ed0000 - 0x00007ffc64eed000 	C:\windows\SYSTEM32\dhcpcsvc.DLL
0x00007ffc4b550000 - 0x00007ffc4b567000 	C:\windows\system32\napinsp.dll
0x00007ffc4b530000 - 0x00007ffc4b54b000 	C:\windows\system32\pnrpnsp.dll
0x00007ffc6a100000 - 0x00007ffc6a11d000 	C:\windows\system32\wshbth.dll
0x00007ffc68680000 - 0x00007ffc6869d000 	C:\windows\system32\NLAapi.dll
0x00007ffc4b510000 - 0x00007ffc4b522000 	C:\windows\System32\winrnr.dll
0x00007ffc57410000 - 0x00007ffc5741e000 	D:\jdk17\bin\sunmscapi.dll
0x00007ffc6eb70000 - 0x00007ffc6eccd000 	C:\windows\System32\CRYPT32.dll
0x00007ffc6dd20000 - 0x00007ffc6dd47000 	C:\windows\SYSTEM32\ncrypt.dll
0x00007ffc6dce0000 - 0x00007ffc6dd1b000 	C:\windows\SYSTEM32\NTASN1.dll
0x00007ffc4b290000 - 0x00007ffc4b297000 	C:\windows\system32\wshunix.dll
0x0000000180000000 - 0x000000018020f000 	D:\apache-tomcat-8.0.50\bin\tcnative-1.dll

dbghelp: loaded successfully - version: 4.0.5 - missing functions: none
symbol engine: initialized successfully - sym options: 0x614 - pdb path: .;D:\jdk17\bin;C:\windows\SYSTEM32;C:\windows\WinSxS\amd64_microsoft.windows.common-controls_6595b64144ccf1df_6.0.19041.6456_none_60b8a6cb71f64256;C:\Program Files (x86)\360\360Safe\safemon;D:\jdk17\bin\server;D:\idea\IDEA2024\IntelliJ IDEA 2024.2.1\bin;D:\apache-tomcat-8.0.50\bin

VM Arguments:
jvm_args: -XX:TieredStopAtLevel=1 -Dspring.output.ansi.enabled=always -Dcom.sun.management.jmxremote -Dspring.jmx.enabled=true -Dspring.liveBeansView.mbeanDomain -Dspring.application.admin.enabled=true -Dmanagement.endpoints.jmx.exposure.include=* -javaagent:D:\idea\IDEA2024\IntelliJ IDEA 2024.2.1\lib\idea_rt.jar=61805:D:\idea\IDEA2024\IntelliJ IDEA 2024.2.1\bin -Dfile.encoding=UTF-8 
java_command: com.daijia.customer.WebCustomerApplication
java_class_path (initial): E:\codebase\leshang-daijia-20260104\web\web-customer\target\classes;D:\maven\repository\org\apache\commons\commons-pool2\2.12.1\commons-pool2-2.12.1.jar;D:\maven\repository\org\springframework\cloud\spring-cloud-starter-openfeign\4.1.1\spring-cloud-starter-openfeign-4.1.1.jar;D:\maven\repository\org\springframework\cloud\spring-cloud-starter\4.1.2\spring-cloud-starter-4.1.2.jar;D:\maven\repository\org\springframework\security\spring-security-rsa\1.1.2\spring-security-rsa-1.1.2.jar;D:\maven\repository\org\bouncycastle\bcprov-jdk18on\1.77\bcprov-jdk18on-1.77.jar;D:\maven\repository\org\springframework\cloud\spring-cloud-openfeign-core\4.1.1\spring-cloud-openfeign-core-4.1.1.jar;D:\maven\repository\org\springframework\boot\spring-boot-autoconfigure\3.2.4\spring-boot-autoconfigure-3.2.4.jar;D:\maven\repository\org\springframework\boot\spring-boot-starter-aop\3.2.4\spring-boot-starter-aop-3.2.4.jar;D:\maven\repository\org\aspectj\aspectjweaver\1.9.21\aspectjweaver-1.9.21.jar;D:\maven\repository\io\github\openfeign\form\feign-form-spring\3.8.0\feign-form-spring-3.8.0.jar;D:\maven\repository\io\github\openfeign\form\feign-form\3.8.0\feign-form-3.8.0.jar;D:\maven\repository\commons-fileupload\commons-fileupload\1.5\commons-fileupload-1.5.jar;D:\maven\repository\commons-io\commons-io\2.11.0\commons-io-2.11.0.jar;D:\maven\repository\org\springframework\spring-web\6.1.5\spring-web-6.1.5.jar;D:\maven\repository\org\springframework\spring-beans\6.1.5\spring-beans-6.1.5.jar;D:\maven\repository\org\springframework\spring-core\6.1.5\spring-core-6.1.5.jar;D:\maven\repository\org\springframework\spring-jcl\6.1.5\spring-jcl-6.1.5.jar;D:\maven\repository\io\micrometer\micrometer-observation\1.12.4\micrometer-observation-1.12.4.jar;D:\maven\repository\io\micrometer\micrometer-commons\1.12.4\micrometer-commons-1.12.4.jar;D:\maven\repository\org\springframework\cloud\spring-cloud-commons\4.1.2\spring-cloud-commons-4.1.2.jar;D:\maven\repository\org\springframew
Launcher Type: SUN_STANDARD

[Global flags]
     intx CICompilerCount                          = 4                                         {product} {ergonomic}
     uint ConcGCThreads                            = 2                                         {product} {ergonomic}
     uint G1ConcRefinementThreads                  = 8                                         {product} {ergonomic}
   size_t G1HeapRegionSize                         = 1048576                                   {product} {ergonomic}
    uintx GCDrainStackTargetSize                   = 64                                        {product} {ergonomic}
   size_t InitialHeapSize                          = 132120576                                 {product} {ergonomic}
     bool ManagementServer                         = true                                      {product} {command line}
   size_t MarkStackSize                            = 4194304                                   {product} {ergonomic}
   size_t MaxHeapSize                              = 2086666240                                {product} {ergonomic}
   size_t MaxNewSize                               = 1251999744                                {product} {ergonomic}
   size_t MinHeapDeltaBytes                        = 1048576                                   {product} {ergonomic}
   size_t MinHeapSize                              = 8388608                                   {product} {ergonomic}
    uintx NonProfiledCodeHeapSize                  = 0                                      {pd product} {ergonomic}
     bool ProfileInterpreter                       = false                                  {pd product} {command line}
    uintx ProfiledCodeHeapSize                     = 0                                      {pd product} {ergonomic}
   size_t SoftMaxHeapSize                          = 2086666240                             {manageable} {ergonomic}
     intx TieredStopAtLevel                        = 1                                         {product} {command line}
     bool UseCompressedClassPointers               = true                           {product lp64_product} {ergonomic}
     bool UseCompressedOops                        = true                           {product lp64_product} {ergonomic}
     bool UseG1GC                                  = true                                      {product} {ergonomic}
     bool UseLargePagesIndividualAllocation        = false                                  {pd product} {ergonomic}

Logging:
Log output configuration:
 #0: stdout all=warning uptime,level,tags
 #1: stderr all=off uptime,level,tags

Environment Variables:
JAVA_HOME=D:\jdk17
CLASSPATH=.;D:\jdk17\bin;D:\jdk17\jre\bin;D:\apache-tomcat-8.0.50\lib\servlet-api.jar;F:\jedies-2.1.0;
PATH=C:\Program Files\Common Files\Oracle\Java\javapath;E:\VMware16.2.4\bin\;C:\ProgramData\Oracle\Java\javapath;C:\windows\system32;C:\windows;C:\windows\System32\Wbem;C:\windows\System32\WindowsPowerShell\v1.0\;C:\windows\System32\OpenSSH\;D:\Matlab\bin;D:\mysql8.0.21\mysql-8.0.21-winx64\bin;C:\Program Files\dotnet\;D:\maven\apache-maven-3.9.11;D:\gradle-8.1\gradle-8.1\bin;D:\spring-boot-cli-2.0.1\spring-2.0.1.RELEASE\bin;D:\jdk17\bin;D:\jdk17\jre\bin;D:\GIT\Git\cmd;D:\mdbook;D:\apache-tomcat-8.0.50\bin;D:\apache-tomcat-8.0.50\lib;D:\node.js16.20.2\;D:\node.js16.20.2\node_modules;D:\node.js16.20.2\;D:\redis\Redis;D:\wechatDevTools\微信web开发者工具\dll;F:\TortoiseGit\bin;F:\RabbitMQ\Erlang\erl-24.3.3\bin;F:\RabbitMQ\rabbitmq_server-3.10.10\sbin;D:\maven\apache-maven-3.9.11\bin;F:\微信开发工具1\微信web开发者工具\dll;F:\xshell\;F:\xftp\;F:\mongodb\mongodb-win32-x86_64-windows-8.0.3\bin;;F:\微信开发工具2\微信web开发者工具\dll;F:\anaconda;F:\anaconda\Library\mingw-w64\bin;F:\anaconda\Library\usr\bin;F:\anaconda\Library\bin;F:\anaconda\Scripts;C:\Program Files\MySQL\MySQL Shell 8.0\bin\;D:\python-3.8.0\Scripts\;D:\python-3.8.0\;D:\python-3.11.3\Scripts\;D:\python-3.11.3\;C:\Users\Administrator\AppData\Local\Microsoft\WindowsApps;C:\Users\Administrator\.dotnet\tools;D:\mysql\MySQL\mysql-8.0.23-winx64\bin;D:\node.js16.20.2\node_global;C:\Users\Administrator\AppData\Roaming\npm;D:\maven\apache-maven-3.9.11\bin;;E:\pycharm\PyCharm 2024.2.4\bin;
USERNAME=Administrator
OS=Windows_NT
PROCESSOR_IDENTIFIER=Intel64 Family 6 Model 126 Stepping 5, GenuineIntel



---------------  S Y S T E M  ---------------

OS:
 Windows 10 , 64 bit Build 19041 (10.0.19041.5915)
OS uptime: 1 days 4:20 hours

CPU: total 8 (initial active 8) (4 cores per cpu, 2 threads per core) family 6 model 126 stepping 5 microcode 0xc2, cx8, cmov, fxsr, ht, mmx, 3dnowpref, sse, sse2, sse3, ssse3, sse4.1, sse4.2, popcnt, lzcnt, tsc, tscinvbit, avx, avx2, aes, erms, clmul, bmi1, bmi2, adx, avx512f, avx512dq, avx512cd, avx512bw, avx512vl, sha, fma, vzeroupper, avx512_vpopcntdq, avx512_vpclmulqdq, avx512_vaes, avx512_vnni, clflush, clflushopt, avx512_vbmi2, avx512_vbmi

Memory: 4k page, system-wide physical 7959M (294M free)
TotalPageFile size 20759M (AvailPageFile size 121M)
current process WorkingSet (physical memory assigned to process): 309M, peak: 309M
current process commit charge ("private bytes"): 363M, peak: 691M

vm_info: Java HotSpot(TM) 64-Bit Server VM (17.0.12+8-LTS-286) for windows-amd64 JRE (17.0.12+8-LTS-286), built on Jun  5 2024 06:46:59 by "mach5one" with MS VC++ 17.6 (VS2022)

END.
