#
# There is insufficient memory for the Java Runtime Environment to continue.
# Native memory allocation (mmap) failed to map 173015040 bytes for G1 virtual space
# Possible reasons:
#   The system is out of physical RAM or swap space
#   The process is running with CompressedOops enabled, and the Java Heap may be blocking the growth of the native heap
# Possible solutions:
#   Reduce memory load on the system
#   Increase physical memory or swap space
#   Check if swap backing store is full
#   Decrease Java heap size (-Xmx/-Xms)
#   Decrease number of Java threads
#   Decrease Java thread stack sizes (-Xss)
#   Set larger code cache with -XX:ReservedCodeCacheSize=
#   JVM is running with Unscaled Compressed Oops mode in which the Java heap is
#     placed in the first 4GB address space. The Java Heap base address is the
#     maximum limit for the native heap growth. Please use -XX:HeapBaseMinAddress
#     to set the Java Heap base and to place the Java Heap above 4GB virtual address.
# This output file may be truncated or incomplete.
#
#  Out of Memory Error (os_windows.cpp:3548), pid=9508, tid=7776
#
# JRE version: Java(TM) SE Runtime Environment (17.0.12+8) (build 17.0.12+8-LTS-286)
# Java VM: Java HotSpot(TM) 64-Bit Server VM (17.0.12+8-LTS-286, mixed mode, emulated-client, sharing, tiered, compressed oops, compressed class ptrs, g1 gc, windows-amd64)
# No core dump will be written. Minidumps are not enabled by default on client versions of Windows
#

---------------  S U M M A R Y ------------

Command Line: -XX:TieredStopAtLevel=1 -Dspring.output.ansi.enabled=always -Dcom.sun.management.jmxremote -Dspring.jmx.enabled=true -Dspring.liveBeansView.mbeanDomain -Dspring.application.admin.enabled=true -Dmanagement.endpoints.jmx.exposure.include=* -javaagent:D:\idea\IDEA2024\IntelliJ IDEA 2024.2.1\lib\idea_rt.jar=58003:D:\idea\IDEA2024\IntelliJ IDEA 2024.2.1\bin -Dfile.encoding=UTF-8 com.daijia.customer.WebCustomerApplication

Host: Intel(R) Core(TM) i5-1035G1 CPU @ 1.00GHz, 8 cores, 7G,  Windows 10 , 64 bit Build 19041 (10.0.19041.5915)
Time: Tue Mar  3 17:39:21 2026  Windows 10 , 64 bit Build 19041 (10.0.19041.5915) elapsed time: 26.242314 seconds (0d 0h 0m 26s)

---------------  T H R E A D  ---------------

Current thread (0x0000022ec98cb220):  VMThread "VM Thread" [stack: 0x000000d298900000,0x000000d298a00000] [id=7776]

Stack: [0x000000d298900000,0x000000d298a00000]
Native frames: (J=compiled Java code, j=interpreted, Vv=VM code, C=native code)
V  [jvm.dll+0x67a04a]
V  [jvm.dll+0x7da4ed]
V  [jvm.dll+0x7dbe33]
V  [jvm.dll+0x7dc4a3]
V  [jvm.dll+0x24508f]
V  [jvm.dll+0x677089]
V  [jvm.dll+0x66bd32]
V  [jvm.dll+0x301fa6]
V  [jvm.dll+0x309546]
V  [jvm.dll+0x359d2e]
V  [jvm.dll+0x359f5f]
V  [jvm.dll+0x2d9078]
V  [jvm.dll+0x2d74ad]
V  [jvm.dll+0x2d6afc]
V  [jvm.dll+0x31a65b]
V  [jvm.dll+0x7e0d9b]
V  [jvm.dll+0x7e1ad4]
V  [jvm.dll+0x7e1fed]
V  [jvm.dll+0x7e23c4]
V  [jvm.dll+0x7e2490]
V  [jvm.dll+0x78abea]
V  [jvm.dll+0x678f35]
C  [ucrtbase.dll+0x21bb2]
C  [KERNEL32.DLL+0x17374]
C  [ntdll.dll+0x4cc91]

VM_Operation (0x000000d29bbfe420): G1CollectForAllocation, mode: safepoint, requested by thread 0x0000022f10361130


---------------  P R O C E S S  ---------------

Threads class SMR info:
_java_thread_list=0x0000022f11a5c4e0, length=43, elements={
0x0000022eb7a57580, 0x0000022ec98cead0, 0x0000022ec98cf3a0, 0x0000022ec98ea450,
0x0000022ec98ead20, 0x0000022ec98eb5f0, 0x0000022ec98eded0, 0x0000022ec98ee850,
0x0000022ec98ef160, 0x0000022ec98b7840, 0x0000022ec9d9e910, 0x0000022ec9d9a330,
0x0000022f0f4ac6b0, 0x0000022f0ff1bba0, 0x0000022f0ff675e0, 0x0000022f0ff661a0,
0x0000022f0ff67af0, 0x0000022f0ff68000, 0x0000022f0ff69440, 0x0000022f0ff66bc0,
0x0000022f0ff68a20, 0x0000022f0ff68f30, 0x0000022f0ff65c90, 0x0000022f0ff666b0,
0x0000022f0ff670d0, 0x0000022f10365810, 0x0000022f10365300, 0x0000022f10363ec0,
0x0000022f103643d0, 0x0000022f10362a80, 0x0000022f10360200, 0x0000022f1035fcf0,
0x0000022f103648e0, 0x0000022f10365d20, 0x0000022f10362060, 0x0000022f10360710,
0x0000022f10364df0, 0x0000022f1035f2d0, 0x0000022f10715c00, 0x0000022f1035edc0,
0x0000022f10361130, 0x0000022f10362f90, 0x0000022f1035e8b0
}

Java Threads: ( => current thread )
  0x0000022eb7a57580 JavaThread "main" [_thread_blocked, id=15392, stack(0x000000d298300000,0x000000d298400000)]
  0x0000022ec98cead0 JavaThread "Reference Handler" daemon [_thread_blocked, id=8688, stack(0x000000d298a00000,0x000000d298b00000)]
  0x0000022ec98cf3a0 JavaThread "Finalizer" daemon [_thread_blocked, id=8580, stack(0x000000d298b00000,0x000000d298c00000)]
  0x0000022ec98ea450 JavaThread "Signal Dispatcher" daemon [_thread_blocked, id=8672, stack(0x000000d298c00000,0x000000d298d00000)]
  0x0000022ec98ead20 JavaThread "Attach Listener" daemon [_thread_blocked, id=16340, stack(0x000000d298d00000,0x000000d298e00000)]
  0x0000022ec98eb5f0 JavaThread "Service Thread" daemon [_thread_blocked, id=14396, stack(0x000000d298e00000,0x000000d298f00000)]
  0x0000022ec98eded0 JavaThread "Monitor Deflation Thread" daemon [_thread_blocked, id=9896, stack(0x000000d298f00000,0x000000d299000000)]
  0x0000022ec98ee850 JavaThread "C1 CompilerThread0" daemon [_thread_blocked, id=15644, stack(0x000000d299000000,0x000000d299100000)]
  0x0000022ec98ef160 JavaThread "Sweeper thread" daemon [_thread_blocked, id=2568, stack(0x000000d299100000,0x000000d299200000)]
  0x0000022ec98b7840 JavaThread "Common-Cleaner" daemon [_thread_blocked, id=20192, stack(0x000000d299300000,0x000000d299400000)]
  0x0000022ec9d9e910 JavaThread "Monitor Ctrl-Break" daemon [_thread_in_native, id=20268, stack(0x000000d299400000,0x000000d299500000)]
  0x0000022ec9d9a330 JavaThread "Notification Thread" daemon [_thread_blocked, id=7900, stack(0x000000d299500000,0x000000d299600000)]
  0x0000022f0f4ac6b0 JavaThread "RMI TCP Accept-0" daemon [_thread_in_native, id=9020, stack(0x000000d299600000,0x000000d299700000)]
  0x0000022f0ff1bba0 JavaThread "RMI TCP Connection(1)-192.168.40.3" daemon [_thread_in_native, id=17764, stack(0x000000d29a400000,0x000000d29a500000)]
  0x0000022f0ff675e0 JavaThread "RMI Scheduler(0)" daemon [_thread_blocked, id=13716, stack(0x000000d29a500000,0x000000d29a600000)]
  0x0000022f0ff661a0 JavaThread "com.alibaba.nacos.client.auth.ram.identify.watcher.0" daemon [_thread_blocked, id=756, stack(0x000000d29a600000,0x000000d29a700000)]
  0x0000022f0ff67af0 JavaThread "com.alibaba.nacos.client.Worker.0" daemon [_thread_blocked, id=11820, stack(0x000000d29a300000,0x000000d29a400000)]
  0x0000022f0ff68000 JavaThread "com.alibaba.nacos.client.Worker.2" daemon [_thread_blocked, id=12916, stack(0x000000d29a700000,0x000000d29a800000)]
  0x0000022f0ff69440 JavaThread "com.alibaba.nacos.client.Worker.1" daemon [_thread_blocked, id=11308, stack(0x000000d29a800000,0x000000d29a900000)]
  0x0000022f0ff66bc0 JavaThread "nacos.publisher-com.alibaba.nacos.common.notify.SlowEvent" daemon [_thread_blocked, id=19492, stack(0x000000d299f00000,0x000000d29a000000)]
  0x0000022f0ff68a20 JavaThread "com.alibaba.nacos.client.remote.worker.0" daemon [_thread_blocked, id=16956, stack(0x000000d29a000000,0x000000d29a100000)]
  0x0000022f0ff68f30 JavaThread "com.alibaba.nacos.client.remote.worker.1" daemon [_thread_blocked, id=13980, stack(0x000000d29a900000,0x000000d29aa00000)]
  0x0000022f0ff65c90 JavaThread "com.alibaba.nacos.client.Worker.3" daemon [_thread_blocked, id=10376, stack(0x000000d29ac00000,0x000000d29ad00000)]
  0x0000022f0ff666b0 JavaThread "grpc-nio-worker-ELG-1-1" daemon [_thread_in_native, id=14312, stack(0x000000d29ad00000,0x000000d29ae00000)]
  0x0000022f0ff670d0 JavaThread "grpc-default-executor-0" daemon [_thread_blocked, id=8888, stack(0x000000d29ae00000,0x000000d29af00000)]
  0x0000022f10365810 JavaThread "grpc-nio-worker-ELG-1-2" daemon [_thread_in_native, id=5840, stack(0x000000d299200000,0x000000d299300000)]
  0x0000022f10365300 JavaThread "nacos.publisher-com.alibaba.nacos.common.ability.AbstractAbilityControlManager$AbilityUpdateEvent" daemon [_thread_blocked, id=14832, stack(0x000000d29b700000,0x000000d29b800000)]
  0x0000022f10363ec0 JavaThread "com.alibaba.nacos.client.Worker.4" daemon [_thread_blocked, id=11108, stack(0x000000d29a200000,0x000000d29a300000)]
  0x0000022f103643d0 JavaThread "Thread-8" daemon [_thread_in_native, id=10364, stack(0x000000d29aa00000,0x000000d29ab00000)]
  0x0000022f10362a80 JavaThread "com.alibaba.nacos.client.Worker.5" daemon [_thread_blocked, id=19676, stack(0x000000d29be00000,0x000000d29bf00000)]
  0x0000022f10360200 JavaThread "lettuce-eventExecutorLoop-1-1" daemon [_thread_blocked, id=19644, stack(0x000000d29af00000,0x000000d29b000000)]
  0x0000022f1035fcf0 JavaThread "lettuce-timer-3-1" daemon [_thread_blocked, id=6248, stack(0x000000d29b000000,0x000000d29b100000)]
  0x0000022f103648e0 JavaThread "Catalina-utility-1" [_thread_blocked, id=16976, stack(0x000000d29b200000,0x000000d29b300000)]
  0x0000022f10365d20 JavaThread "Catalina-utility-2" [_thread_blocked, id=16268, stack(0x000000d29b300000,0x000000d29b400000)]
  0x0000022f10362060 JavaThread "container-0" [_thread_blocked, id=7228, stack(0x000000d29b400000,0x000000d29b500000)]
  0x0000022f10360710 JavaThread "nacos-grpc-client-executor-192.168.101.12-12" daemon [_thread_blocked, id=11380, stack(0x000000d29b500000,0x000000d29b600000)]
  0x0000022f10364df0 JavaThread "nacos-grpc-client-executor-192.168.101.12-13" daemon [_thread_blocked, id=3860, stack(0x000000d29b600000,0x000000d29b700000)]
  0x0000022f1035f2d0 JavaThread "com.alibaba.nacos.client.Worker.6" daemon [_thread_blocked, id=10248, stack(0x000000d29b800000,0x000000d29b900000)]
  0x0000022f10715c00 JavaThread "C1 CompilerThread1" daemon [_thread_blocked, id=7256, stack(0x000000d29b900000,0x000000d29ba00000)]
  0x0000022f1035edc0 JavaThread "ClassGraph-worker-238" daemon [_thread_blocked, id=16736, stack(0x000000d29ba00000,0x000000d29bb00000)]
  0x0000022f10361130 JavaThread "ClassGraph-worker-239" daemon [_thread_blocked, id=14600, stack(0x000000d29bb00000,0x000000d29bc00000)]
  0x0000022f10362f90 JavaThread "ClassGraph-worker-240" daemon [_thread_blocked, id=20468, stack(0x000000d29bc00000,0x000000d29bd00000)]
  0x0000022f1035e8b0 JavaThread "ClassGraph-worker-241" daemon [_thread_blocked, id=8708, stack(0x000000d29bd00000,0x000000d29be00000)]

Other Threads:
=>0x0000022ec98cb220 VMThread "VM Thread" [stack: 0x000000d298900000,0x000000d298a00000] [id=7776]
  0x0000022eb7accdc0 WatcherThread [stack: 0x000000d299700000,0x000000d299800000] [id=18872]
  0x0000022eb7ab1e50 GCTaskThread "GC Thread#0" [stack: 0x000000d298400000,0x000000d298500000] [id=6056]
  0x0000022f0f7c1930 GCTaskThread "GC Thread#1" [stack: 0x000000d299800000,0x000000d299900000] [id=7632]
  0x0000022f0f79b1e0 GCTaskThread "GC Thread#2" [stack: 0x000000d299900000,0x000000d299a00000] [id=17440]
  0x0000022f0fbb6a80 GCTaskThread "GC Thread#3" [stack: 0x000000d299a00000,0x000000d299b00000] [id=13792]
  0x0000022f0fbb7150 GCTaskThread "GC Thread#4" [stack: 0x000000d299b00000,0x000000d299c00000] [id=11080]
  0x0000022f0fbb7410 GCTaskThread "GC Thread#5" [stack: 0x000000d299c00000,0x000000d299d00000] [id=19940]
  0x0000022f0fbb76d0 GCTaskThread "GC Thread#6" [stack: 0x000000d299d00000,0x000000d299e00000] [id=3228]
  0x0000022f0fd0b0a0 GCTaskThread "GC Thread#7" [stack: 0x000000d29a100000,0x000000d29a200000] [id=13664]
  0x0000022eb7ac4490 ConcurrentGCThread "G1 Main Marker" [stack: 0x000000d298500000,0x000000d298600000] [id=5580]
  0x0000022eb7ac4cb0 ConcurrentGCThread "G1 Conc#0" [stack: 0x000000d298600000,0x000000d298700000] [id=11604]
  0x0000022f1005ec50 ConcurrentGCThread "G1 Conc#1" [stack: 0x000000d29ab00000,0x000000d29ac00000] [id=12828]
  0x0000022eb7b0e690 ConcurrentGCThread "G1 Refine#0" [stack: 0x000000d298700000,0x000000d298800000] [id=11036]
  0x0000022f0f6fa7a0 ConcurrentGCThread "G1 Refine#1" [stack: 0x000000d299e00000,0x000000d299f00000] [id=3348]
  0x0000022ec97840e0 ConcurrentGCThread "G1 Service" [stack: 0x000000d298800000,0x000000d298900000] [id=20432]

Threads with active compile tasks:

VM state: at safepoint (normal execution)

VM Mutex/Monitor currently owned by a thread:  ([mutex/lock_event])
[0x0000022eb7a53780] Threads_lock - owner thread: 0x0000022ec98cb220
[0x0000022eb7a539c0] Heap_lock - owner thread: 0x0000022f10361130

Heap address: 0x0000000083a00000, size: 1990 MB, Compressed Oops mode: 32-bit

CDS archive(s) mapped at: [0x0000022eca000000-0x0000022ecabd0000-0x0000022ecabd0000), size 12386304, SharedBaseAddress: 0x0000022eca000000, ArchiveRelocationMode: 1.
Compressed class space mapped at: 0x0000022ecb000000-0x0000022f0b000000, reserved size: 1073741824
Narrow klass base: 0x0000022eca000000, Narrow klass shift: 0, Narrow klass range: 0x100000000

GC Precious Log:
 CPUs: 8 total, 8 available
 Memory: 7959M
 Large Page Support: Disabled
 NUMA Support: Disabled
 Compressed Oops: Enabled (32-bit)
 Heap Region Size: 1M
 Heap Min Capacity: 8M
 Heap Initial Capacity: 126M
 Heap Max Capacity: 1990M
 Pre-touch: Disabled
 Parallel Workers: 8
 Concurrent Workers: 2
 Concurrent Refinement Workers: 8
 Periodic GC: Disabled

Heap:
 garbage-first heap   total 133120K, used 70739K [0x0000000083a00000, 0x0000000100000000)
  region size 1024K, 5 young (5120K), 5 survivors (5120K)
 Metaspace       used 56971K, committed 57536K, reserved 1114112K
  class space    used 7796K, committed 8064K, reserved 1048576K

Heap Regions: E=young(eden), S=young(survivor), O=old, HS=humongous(starts), HC=humongous(continues), CS=collection set, F=free, OA=open archive, CA=closed archive, TAMS=top-at-mark-start (previous, next)
|   0|0x0000000083a00000, 0x0000000083b00000, 0x0000000083b00000|100%|HS|  |TAMS 0x0000000083b00000, 0x0000000083b00000| Complete 
|   1|0x0000000083b00000, 0x0000000083c00000, 0x0000000083c00000|100%| O|  |TAMS 0x0000000083c00000, 0x0000000083c00000| Untracked 
|   2|0x0000000083c00000, 0x0000000083d00000, 0x0000000083d00000|100%|HS|  |TAMS 0x0000000083d00000, 0x0000000083d00000| Complete 
|   3|0x0000000083d00000, 0x0000000083e00000, 0x0000000083e00000|100%| O|  |TAMS 0x0000000083e00000, 0x0000000083e00000| Untracked 
|   4|0x0000000083e00000, 0x0000000083f00000, 0x0000000083f00000|100%| O|  |TAMS 0x0000000083f00000, 0x0000000083f00000| Untracked 
|   5|0x0000000083f00000, 0x0000000084000000, 0x0000000084000000|100%| O|  |TAMS 0x0000000084000000, 0x0000000084000000| Untracked 
|   6|0x0000000084000000, 0x0000000084100000, 0x0000000084100000|100%| O|  |TAMS 0x0000000084100000, 0x0000000084100000| Untracked 
|   7|0x0000000084100000, 0x0000000084200000, 0x0000000084200000|100%| O|  |TAMS 0x0000000084200000, 0x0000000084200000| Untracked 
|   8|0x0000000084200000, 0x0000000084300000, 0x0000000084300000|100%| O|  |TAMS 0x0000000084300000, 0x0000000084300000| Untracked 
|   9|0x0000000084300000, 0x0000000084400000, 0x0000000084400000|100%| O|  |TAMS 0x0000000084400000, 0x0000000084400000| Untracked 
|  10|0x0000000084400000, 0x0000000084500000, 0x0000000084500000|100%| O|  |TAMS 0x0000000084500000, 0x0000000084500000| Untracked 
|  11|0x0000000084500000, 0x0000000084600000, 0x0000000084600000|100%| O|  |TAMS 0x0000000084600000, 0x0000000084600000| Untracked 
|  12|0x0000000084600000, 0x0000000084700000, 0x0000000084700000|100%| O|  |TAMS 0x0000000084700000, 0x0000000084700000| Untracked 
|  13|0x0000000084700000, 0x0000000084800000, 0x0000000084800000|100%| O|  |TAMS 0x0000000084800000, 0x0000000084800000| Untracked 
|  14|0x0000000084800000, 0x0000000084900000, 0x0000000084900000|100%| O|  |TAMS 0x0000000084900000, 0x0000000084900000| Untracked 
|  15|0x0000000084900000, 0x0000000084a00000, 0x0000000084a00000|100%| O|  |TAMS 0x0000000084a00000, 0x0000000084a00000| Untracked 
|  16|0x0000000084a00000, 0x0000000084b00000, 0x0000000084b00000|100%| O|  |TAMS 0x0000000084b00000, 0x0000000084b00000| Untracked 
|  17|0x0000000084b00000, 0x0000000084c00000, 0x0000000084c00000|100%| O|  |TAMS 0x0000000084c00000, 0x0000000084c00000| Untracked 
|  18|0x0000000084c00000, 0x0000000084d00000, 0x0000000084d00000|100%| O|  |TAMS 0x0000000084d00000, 0x0000000084d00000| Untracked 
|  19|0x0000000084d00000, 0x0000000084e00000, 0x0000000084e00000|100%| O|  |TAMS 0x0000000084e00000, 0x0000000084e00000| Untracked 
|  20|0x0000000084e00000, 0x0000000084ed4200, 0x0000000084f00000| 82%| O|  |TAMS 0x0000000084ed4200, 0x0000000084ed4200| Untracked 
|  21|0x0000000084f00000, 0x0000000085000000, 0x0000000085000000|100%| O|  |TAMS 0x0000000085000000, 0x0000000085000000| Untracked 
|  22|0x0000000085000000, 0x0000000085100000, 0x0000000085100000|100%| O|  |TAMS 0x0000000085100000, 0x0000000085100000| Untracked 
|  23|0x0000000085100000, 0x0000000085200000, 0x0000000085200000|100%| O|  |TAMS 0x0000000085200000, 0x0000000085200000| Untracked 
|  24|0x0000000085200000, 0x0000000085300000, 0x0000000085300000|100%| O|  |TAMS 0x0000000085300000, 0x0000000085300000| Untracked 
|  25|0x0000000085300000, 0x0000000085400000, 0x0000000085400000|100%| O|  |TAMS 0x0000000085400000, 0x0000000085400000| Untracked 
|  26|0x0000000085400000, 0x0000000085500000, 0x0000000085500000|100%| O|  |TAMS 0x0000000085500000, 0x0000000085500000| Untracked 
|  27|0x0000000085500000, 0x0000000085600000, 0x0000000085600000|100%| O|  |TAMS 0x0000000085600000, 0x0000000085600000| Untracked 
|  28|0x0000000085600000, 0x0000000085700000, 0x0000000085700000|100%| O|  |TAMS 0x0000000085700000, 0x0000000085700000| Untracked 
|  29|0x0000000085700000, 0x0000000085800000, 0x0000000085800000|100%| O|  |TAMS 0x0000000085800000, 0x0000000085800000| Untracked 
|  30|0x0000000085800000, 0x0000000085900000, 0x0000000085900000|100%| O|  |TAMS 0x0000000085900000, 0x0000000085900000| Untracked 
|  31|0x0000000085900000, 0x0000000085a00000, 0x0000000085a00000|100%| O|  |TAMS 0x0000000085a00000, 0x0000000085a00000| Untracked 
|  32|0x0000000085a00000, 0x0000000085b00000, 0x0000000085b00000|100%| O|  |TAMS 0x0000000085b00000, 0x0000000085b00000| Untracked 
|  33|0x0000000085b00000, 0x0000000085c00000, 0x0000000085c00000|100%| O|  |TAMS 0x0000000085c00000, 0x0000000085c00000| Untracked 
|  34|0x0000000085c00000, 0x0000000085d00000, 0x0000000085d00000|100%| O|  |TAMS 0x0000000085d00000, 0x0000000085d00000| Untracked 
|  35|0x0000000085d00000, 0x0000000085e00000, 0x0000000085e00000|100%| O|  |TAMS 0x0000000085e00000, 0x0000000085e00000| Untracked 
|  36|0x0000000085e00000, 0x0000000085f00000, 0x0000000085f00000|100%| O|  |TAMS 0x0000000085e00000, 0x0000000085e00000| Untracked 
|  37|0x0000000085f00000, 0x0000000086000000, 0x0000000086000000|100%| O|  |TAMS 0x0000000085f00000, 0x0000000085f00000| Untracked 
|  38|0x0000000086000000, 0x0000000086100000, 0x0000000086100000|100%| O|  |TAMS 0x0000000086000000, 0x0000000086000000| Untracked 
|  39|0x0000000086100000, 0x0000000086200000, 0x0000000086200000|100%| O|  |TAMS 0x0000000086100000, 0x0000000086100000| Untracked 
|  40|0x0000000086200000, 0x0000000086300000, 0x0000000086300000|100%| O|  |TAMS 0x0000000086200000, 0x0000000086200000| Untracked 
|  41|0x0000000086300000, 0x0000000086340c00, 0x0000000086400000| 25%| O|  |TAMS 0x0000000086300000, 0x0000000086300000| Untracked 
|  42|0x0000000086400000, 0x0000000086400000, 0x0000000086500000|  0%| F|  |TAMS 0x0000000086400000, 0x0000000086400000| Untracked 
|  43|0x0000000086500000, 0x0000000086500000, 0x0000000086600000|  0%| F|  |TAMS 0x0000000086500000, 0x0000000086500000| Untracked 
|  44|0x0000000086600000, 0x0000000086600000, 0x0000000086700000|  0%| F|  |TAMS 0x0000000086600000, 0x0000000086600000| Untracked 
|  45|0x0000000086700000, 0x0000000086700000, 0x0000000086800000|  0%| F|  |TAMS 0x0000000086700000, 0x0000000086700000| Untracked 
|  46|0x0000000086800000, 0x0000000086800000, 0x0000000086900000|  0%| F|  |TAMS 0x0000000086800000, 0x0000000086800000| Untracked 
|  47|0x0000000086900000, 0x0000000086900000, 0x0000000086a00000|  0%| F|  |TAMS 0x0000000086900000, 0x0000000086900000| Untracked 
|  48|0x0000000086a00000, 0x0000000086b00000, 0x0000000086b00000|100%| O|  |TAMS 0x0000000086a00000, 0x0000000086b00000| Untracked 
|  49|0x0000000086b00000, 0x0000000086c00000, 0x0000000086c00000|100%| O|  |TAMS 0x0000000086b00000, 0x0000000086c00000| Untracked 
|  50|0x0000000086c00000, 0x0000000086d00000, 0x0000000086d00000|100%| O|  |TAMS 0x0000000086c00000, 0x0000000086d00000| Untracked 
|  51|0x0000000086d00000, 0x0000000086d00000, 0x0000000086e00000|  0%| F|  |TAMS 0x0000000086d00000, 0x0000000086d00000| Untracked 
|  52|0x0000000086e00000, 0x0000000086e00000, 0x0000000086f00000|  0%| F|  |TAMS 0x0000000086e00000, 0x0000000086e00000| Untracked 
|  53|0x0000000086f00000, 0x0000000087000000, 0x0000000087000000|100%| O|  |TAMS 0x0000000087000000, 0x0000000087000000| Untracked 
|  54|0x0000000087000000, 0x0000000087100000, 0x0000000087100000|100%| O|  |TAMS 0x0000000087100000, 0x0000000087100000| Untracked 
|  55|0x0000000087100000, 0x0000000087200000, 0x0000000087200000|100%| O|  |TAMS 0x00000000871f0000, 0x0000000087200000| Untracked 
|  56|0x0000000087200000, 0x0000000087300000, 0x0000000087300000|100%| O|  |TAMS 0x0000000087200000, 0x0000000087300000| Untracked 
|  57|0x0000000087300000, 0x0000000087400000, 0x0000000087400000|100%| O|  |TAMS 0x0000000087300000, 0x0000000087400000| Untracked 
|  58|0x0000000087400000, 0x0000000087500000, 0x0000000087500000|100%| O|  |TAMS 0x0000000087400000, 0x0000000087500000| Untracked 
|  59|0x0000000087500000, 0x0000000087600000, 0x0000000087600000|100%| O|  |TAMS 0x0000000087500000, 0x0000000087600000| Untracked 
|  60|0x0000000087600000, 0x0000000087700000, 0x0000000087700000|100%| O|  |TAMS 0x0000000087600000, 0x0000000087700000| Untracked 
|  61|0x0000000087700000, 0x0000000087800000, 0x0000000087800000|100%| O|  |TAMS 0x0000000087700000, 0x0000000087800000| Untracked 
|  62|0x0000000087800000, 0x0000000087900000, 0x0000000087900000|100%| O|  |TAMS 0x0000000087800000, 0x0000000087900000| Untracked 
|  63|0x0000000087900000, 0x0000000087a00000, 0x0000000087a00000|100%| O|  |TAMS 0x0000000087900000, 0x0000000087a00000| Untracked 
|  64|0x0000000087a00000, 0x0000000087b00000, 0x0000000087b00000|100%| O|  |TAMS 0x0000000087a00000, 0x0000000087b00000| Untracked 
|  65|0x0000000087b00000, 0x0000000087c00000, 0x0000000087c00000|100%| O|  |TAMS 0x0000000087b00000, 0x0000000087c00000| Untracked 
|  66|0x0000000087c00000, 0x0000000087d00000, 0x0000000087d00000|100%| O|  |TAMS 0x0000000087c00000, 0x0000000087d00000| Untracked 
|  67|0x0000000087d00000, 0x0000000087e00000, 0x0000000087e00000|100%| O|  |TAMS 0x0000000087d00000, 0x0000000087e00000| Untracked 
|  68|0x0000000087e00000, 0x0000000087f00000, 0x0000000087f00000|100%| O|  |TAMS 0x0000000087e00000, 0x0000000087f00000| Untracked 
|  69|0x0000000087f00000, 0x0000000088000000, 0x0000000088000000|100%| O|  |TAMS 0x0000000087f00000, 0x0000000088000000| Untracked 
|  70|0x0000000088000000, 0x0000000088100000, 0x0000000088100000|100%| O|  |TAMS 0x0000000088000000, 0x0000000088100000| Untracked 
|  71|0x0000000088100000, 0x0000000088200000, 0x0000000088200000|100%| O|  |TAMS 0x0000000088100000, 0x0000000088200000| Untracked 
|  72|0x0000000088200000, 0x0000000088300000, 0x0000000088300000|100%| O|  |TAMS 0x0000000088200000, 0x0000000088296a00| Untracked 
|  73|0x0000000088300000, 0x0000000088300000, 0x0000000088400000|  0%| F|  |TAMS 0x0000000088300000, 0x0000000088300000| Untracked 
|  74|0x0000000088400000, 0x0000000088400000, 0x0000000088500000|  0%| F|  |TAMS 0x0000000088400000, 0x0000000088400000| Untracked 
|  75|0x0000000088500000, 0x0000000088500000, 0x0000000088600000|  0%| F|  |TAMS 0x0000000088500000, 0x0000000088500000| Untracked 
|  76|0x0000000088600000, 0x0000000088600000, 0x0000000088700000|  0%| F|  |TAMS 0x0000000088600000, 0x0000000088600000| Untracked 
|  77|0x0000000088700000, 0x0000000088700000, 0x0000000088800000|  0%| F|  |TAMS 0x0000000088700000, 0x0000000088700000| Untracked 
|  78|0x0000000088800000, 0x0000000088800000, 0x0000000088900000|  0%| F|  |TAMS 0x0000000088800000, 0x0000000088800000| Untracked 
|  79|0x0000000088900000, 0x0000000088900000, 0x0000000088a00000|  0%| F|  |TAMS 0x0000000088900000, 0x0000000088900000| Untracked 
|  80|0x0000000088a00000, 0x0000000088a00000, 0x0000000088b00000|  0%| F|  |TAMS 0x0000000088a00000, 0x0000000088a00000| Untracked 
|  81|0x0000000088b00000, 0x0000000088b00000, 0x0000000088c00000|  0%| F|  |TAMS 0x0000000088b00000, 0x0000000088b00000| Untracked 
|  82|0x0000000088c00000, 0x0000000088c00000, 0x0000000088d00000|  0%| F|  |TAMS 0x0000000088c00000, 0x0000000088c00000| Untracked 
|  83|0x0000000088d00000, 0x0000000088d00000, 0x0000000088e00000|  0%| F|  |TAMS 0x0000000088d00000, 0x0000000088d00000| Untracked 
|  84|0x0000000088e00000, 0x0000000088e00000, 0x0000000088f00000|  0%| F|  |TAMS 0x0000000088e00000, 0x0000000088e00000| Untracked 
|  85|0x0000000088f00000, 0x0000000088f00000, 0x0000000089000000|  0%| F|  |TAMS 0x0000000088f00000, 0x0000000088f00000| Untracked 
|  86|0x0000000089000000, 0x0000000089000000, 0x0000000089100000|  0%| F|  |TAMS 0x0000000089000000, 0x0000000089000000| Untracked 
|  87|0x0000000089100000, 0x0000000089100000, 0x0000000089200000|  0%| F|  |TAMS 0x0000000089100000, 0x0000000089100000| Untracked 
|  88|0x0000000089200000, 0x0000000089200000, 0x0000000089300000|  0%| F|  |TAMS 0x0000000089200000, 0x0000000089200000| Untracked 
|  89|0x0000000089300000, 0x0000000089400000, 0x0000000089400000|100%| S|CS|TAMS 0x0000000089300000, 0x0000000089300000| Complete 
|  90|0x0000000089400000, 0x0000000089500000, 0x0000000089500000|100%| S|CS|TAMS 0x0000000089400000, 0x0000000089400000| Complete 
|  91|0x0000000089500000, 0x0000000089600000, 0x0000000089600000|100%| S|CS|TAMS 0x0000000089500000, 0x0000000089500000| Complete 
|  92|0x0000000089600000, 0x0000000089700000, 0x0000000089700000|100%| S|CS|TAMS 0x0000000089600000, 0x0000000089600000| Complete 
|  93|0x0000000089700000, 0x0000000089800000, 0x0000000089800000|100%| S|CS|TAMS 0x0000000089700000, 0x0000000089700000| Complete 
|  94|0x0000000089800000, 0x0000000089800000, 0x0000000089900000|  0%| F|  |TAMS 0x0000000089800000, 0x0000000089800000| Untracked 
|  95|0x0000000089900000, 0x0000000089900000, 0x0000000089a00000|  0%| F|  |TAMS 0x0000000089900000, 0x0000000089900000| Untracked 
|  96|0x0000000089a00000, 0x0000000089a00000, 0x0000000089b00000|  0%| F|  |TAMS 0x0000000089a00000, 0x0000000089a00000| Untracked 
|  97|0x0000000089b00000, 0x0000000089b00000, 0x0000000089c00000|  0%| F|  |TAMS 0x0000000089b00000, 0x0000000089b00000| Untracked 
|  98|0x0000000089c00000, 0x0000000089c00000, 0x0000000089d00000|  0%| F|  |TAMS 0x0000000089c00000, 0x0000000089c00000| Untracked 
|  99|0x0000000089d00000, 0x0000000089d00000, 0x0000000089e00000|  0%| F|  |TAMS 0x0000000089d00000, 0x0000000089d00000| Untracked 
| 100|0x0000000089e00000, 0x0000000089e00000, 0x0000000089f00000|  0%| F|  |TAMS 0x0000000089e00000, 0x0000000089e00000| Untracked 
| 101|0x0000000089f00000, 0x0000000089f00000, 0x000000008a000000|  0%| F|  |TAMS 0x0000000089f00000, 0x0000000089f00000| Untracked 
| 102|0x000000008a000000, 0x000000008a000000, 0x000000008a100000|  0%| F|  |TAMS 0x000000008a000000, 0x000000008a000000| Untracked 
| 103|0x000000008a100000, 0x000000008a100000, 0x000000008a200000|  0%| F|  |TAMS 0x000000008a100000, 0x000000008a100000| Untracked 
| 104|0x000000008a200000, 0x000000008a200000, 0x000000008a300000|  0%| F|  |TAMS 0x000000008a200000, 0x000000008a200000| Untracked 
| 105|0x000000008a300000, 0x000000008a300000, 0x000000008a400000|  0%| F|  |TAMS 0x000000008a300000, 0x000000008a300000| Untracked 
| 106|0x000000008a400000, 0x000000008a400000, 0x000000008a500000|  0%| F|  |TAMS 0x000000008a400000, 0x000000008a400000| Untracked 
| 107|0x000000008a500000, 0x000000008a500000, 0x000000008a600000|  0%| F|  |TAMS 0x000000008a500000, 0x000000008a500000| Untracked 
| 108|0x000000008a600000, 0x000000008a600000, 0x000000008a700000|  0%| F|  |TAMS 0x000000008a600000, 0x000000008a600000| Untracked 
| 109|0x000000008a700000, 0x000000008a700000, 0x000000008a800000|  0%| F|  |TAMS 0x000000008a700000, 0x000000008a700000| Untracked 
| 110|0x000000008a800000, 0x000000008a800000, 0x000000008a900000|  0%| F|  |TAMS 0x000000008a800000, 0x000000008a800000| Untracked 
| 111|0x000000008a900000, 0x000000008a900000, 0x000000008aa00000|  0%| F|  |TAMS 0x000000008a900000, 0x000000008a900000| Untracked 
| 112|0x000000008aa00000, 0x000000008aa00000, 0x000000008ab00000|  0%| F|  |TAMS 0x000000008aa00000, 0x000000008aa00000| Untracked 
| 113|0x000000008ab00000, 0x000000008ab00000, 0x000000008ac00000|  0%| F|  |TAMS 0x000000008ab00000, 0x000000008ab00000| Untracked 
| 114|0x000000008ac00000, 0x000000008ac00000, 0x000000008ad00000|  0%| F|  |TAMS 0x000000008ac00000, 0x000000008ac00000| Untracked 
| 115|0x000000008ad00000, 0x000000008ad00000, 0x000000008ae00000|  0%| F|  |TAMS 0x000000008ad00000, 0x000000008ad00000| Untracked 
| 116|0x000000008ae00000, 0x000000008ae00000, 0x000000008af00000|  0%| F|  |TAMS 0x000000008ae00000, 0x000000008ae00000| Untracked 
| 117|0x000000008af00000, 0x000000008af00000, 0x000000008b000000|  0%| F|  |TAMS 0x000000008af00000, 0x000000008af00000| Untracked 
| 118|0x000000008b000000, 0x000000008b000000, 0x000000008b100000|  0%| F|  |TAMS 0x000000008b000000, 0x000000008b000000| Untracked 
| 119|0x000000008b100000, 0x000000008b100000, 0x000000008b200000|  0%| F|  |TAMS 0x000000008b100000, 0x000000008b100000| Untracked 
| 120|0x000000008b200000, 0x000000008b200000, 0x000000008b300000|  0%| F|  |TAMS 0x000000008b200000, 0x000000008b200000| Untracked 
| 121|0x000000008b300000, 0x000000008b300000, 0x000000008b400000|  0%| F|  |TAMS 0x000000008b300000, 0x000000008b300000| Untracked 
| 122|0x000000008b400000, 0x000000008b400000, 0x000000008b500000|  0%| F|  |TAMS 0x000000008b400000, 0x000000008b400000| Untracked 
| 123|0x000000008b500000, 0x000000008b500000, 0x000000008b600000|  0%| F|  |TAMS 0x000000008b500000, 0x000000008b500000| Untracked 
| 124|0x000000008b600000, 0x000000008b600000, 0x000000008b700000|  0%| F|  |TAMS 0x000000008b600000, 0x000000008b600000| Untracked 
| 125|0x000000008b700000, 0x000000008b700000, 0x000000008b800000|  0%| F|  |TAMS 0x000000008b700000, 0x000000008b700000| Untracked 
| 126|0x000000008b800000, 0x000000008b800000, 0x000000008b900000|  0%| F|  |TAMS 0x000000008b800000, 0x000000008b800000| Untracked 
| 127|0x000000008b900000, 0x000000008b900000, 0x000000008ba00000|  0%| F|  |TAMS 0x000000008b900000, 0x000000008b900000| Untracked 
| 128|0x000000008ba00000, 0x000000008ba00000, 0x000000008bb00000|  0%| F|  |TAMS 0x000000008ba00000, 0x000000008ba00000| Untracked 
| 129|0x000000008bb00000, 0x000000008bb00000, 0x000000008bc00000|  0%| F|  |TAMS 0x000000008bb00000, 0x000000008bb00000| Untracked 

Card table byte_map: [0x0000022ec2800000,0x0000022ec2bf0000] _byte_map_base: 0x0000022ec23e3000

Marking Bits (Prev, Next): (CMBitMap*) 0x0000022eb7ab32d0, (CMBitMap*) 0x0000022eb7ab3290
 Prev Bits: [0x0000022ec4f00000, 0x0000022ec6e18000)
 Next Bits: [0x0000022ec2fe0000, 0x0000022ec4ef8000)

Polling page: 0x0000022eb5a50000

Metaspace:

Usage:
  Non-class:     48.02 MB used.
      Class:      7.61 MB used.
       Both:     55.64 MB used.

Virtual space:
  Non-class space:       64.00 MB reserved,      48.31 MB ( 75%) committed,  1 nodes.
      Class space:        1.00 GB reserved,       7.88 MB ( <1%) committed,  1 nodes.
             Both:        1.06 GB reserved,      56.19 MB (  5%) committed. 

Chunk freelists:
   Non-Class:  15.61 MB
       Class:  8.19 MB
        Both:  23.80 MB

MaxMetaspaceSize: unlimited
CompressedClassSpaceSize: 1.00 GB
Initial GC threshold: 21.00 MB
Current GC threshold: 93.69 MB
CDS: on
MetaspaceReclaimPolicy: balanced
 - commit_granule_bytes: 65536.
 - commit_granule_words: 8192.
 - virtual_space_node_default_size: 8388608.
 - enlarge_chunks_in_place: 1.
 - new_chunks_are_fully_committed: 0.
 - uncommit_free_chunks: 1.
 - use_allocation_guard: 0.
 - handle_deallocations: 1.


Internal statistics:

num_allocs_failed_limit: 6.
num_arena_births: 764.
num_arena_deaths: 0.
num_vsnodes_births: 2.
num_vsnodes_deaths: 0.
num_space_committed: 899.
num_space_uncommitted: 0.
num_chunks_returned_to_freelist: 6.
num_chunks_taken_from_freelist: 2840.
num_chunk_merges: 6.
num_chunk_splits: 2069.
num_chunks_enlarged: 1600.
num_inconsistent_stats: 0.

CodeCache: size=49152Kb used=12092Kb max_used=12092Kb free=37059Kb
 bounds [0x0000022ebf300000, 0x0000022ebfed0000, 0x0000022ec2300000]
 total_blobs=6768 nmethods=6131 adapters=563
 compilation: enabled
              stopped_count=0, restarted_count=0
 full_count=0

Compilation events (20 events):
Event: 26.214 Thread 0x0000022ec98ee850 nmethod 6121 0x0000022ebfec8e90 code [0x0000022ebfec9020, 0x0000022ebfec9298]
Event: 26.214 Thread 0x0000022ec98ee850 6123       1       java.lang.ClassLoader::<init> (162 bytes)
Event: 26.215 Thread 0x0000022f10715c00 nmethod 6122 0x0000022ebfec9310 code [0x0000022ebfec94c0, 0x0000022ebfec9678]
Event: 26.215 Thread 0x0000022f10715c00 6126   !   1       java.util.concurrent.ThreadPoolExecutor::tryTerminate (163 bytes)
Event: 26.216 Thread 0x0000022ec98ee850 nmethod 6123 0x0000022ebfec9790 code [0x0000022ebfec99e0, 0x0000022ebfeca668]
Event: 26.216 Thread 0x0000022ec98ee850 6124   !   1       java.lang.ClassLoader$ParallelLoaders::isRegistered (23 bytes)
Event: 26.216 Thread 0x0000022ec98ee850 nmethod 6124 0x0000022ebfeca910 code [0x0000022ebfecaac0, 0x0000022ebfecac88]
Event: 26.216 Thread 0x0000022ec98ee850 6125       1       java.lang.ClassLoader::nameAndId (86 bytes)
Event: 26.216 Thread 0x0000022f10715c00 nmethod 6126 0x0000022ebfecad90 code [0x0000022ebfecb040, 0x0000022ebfecb888]
Event: 26.216 Thread 0x0000022f10715c00 6128   !   1       java.util.concurrent.ThreadPoolExecutor::runWorker (187 bytes)
Event: 26.217 Thread 0x0000022ec98ee850 nmethod 6125 0x0000022ebfecc010 code [0x0000022ebfecc280, 0x0000022ebfecc928]
Event: 26.217 Thread 0x0000022ec98ee850 6127       1       java.util.concurrent.ThreadPoolExecutor$Worker::run (9 bytes)
Event: 26.217 Thread 0x0000022ec98ee850 nmethod 6127 0x0000022ebfeccc90 code [0x0000022ebfecce20, 0x0000022ebfeccf08]
Event: 26.218 Thread 0x0000022f10715c00 nmethod 6128 0x0000022ebfeccf90 code [0x0000022ebfecd1e0, 0x0000022ebfecd8d8]
Event: 26.222 Thread 0x0000022ec98ee850 6129       1       java.util.concurrent.locks.AbstractQueuedSynchronizer$ConditionObject::unlinkCancelledWaiters (91 bytes)
Event: 26.223 Thread 0x0000022f10715c00 6130       1       io.github.classgraph.PotentiallyUnmodifiableList::add (23 bytes)
Event: 26.223 Thread 0x0000022ec98ee850 nmethod 6129 0x0000022ebfecde90 code [0x0000022ebfece040, 0x0000022ebfece2d8]
Event: 26.223 Thread 0x0000022f10715c00 nmethod 6130 0x0000022ebfece410 code [0x0000022ebfece5c0, 0x0000022ebfece8b8]
Event: 26.223 Thread 0x0000022ec98ee850 6131       1       jdk.internal.reflect.UnsafeObjectFieldAccessorImpl::get (17 bytes)
Event: 26.224 Thread 0x0000022ec98ee850 nmethod 6131 0x0000022ebfecea90 code [0x0000022ebfecec60, 0x0000022ebfecef58]

GC Heap History (20 events):
Event: 22.450 GC heap after
{Heap after GC invocations=15 (full 0):
 garbage-first heap   total 81920K, used 30533K [0x0000000083a00000, 0x0000000100000000)
  region size 1024K, 4 young (4096K), 4 survivors (4096K)
 Metaspace       used 51558K, committed 52096K, reserved 1114112K
  class space    used 7070K, committed 7360K, reserved 1048576K
}
Event: 23.791 GC heap before
{Heap before GC invocations=15 (full 0):
 garbage-first heap   total 81920K, used 65349K [0x0000000083a00000, 0x0000000100000000)
  region size 1024K, 38 young (38912K), 4 survivors (4096K)
 Metaspace       used 53662K, committed 54272K, reserved 1114112K
  class space    used 7333K, committed 7616K, reserved 1048576K
}
Event: 23.799 GC heap after
{Heap after GC invocations=16 (full 0):
 garbage-first heap   total 81920K, used 32901K [0x0000000083a00000, 0x0000000100000000)
  region size 1024K, 5 young (5120K), 5 survivors (5120K)
 Metaspace       used 53662K, committed 54272K, reserved 1114112K
  class space    used 7333K, committed 7616K, reserved 1048576K
}
Event: 25.103 GC heap before
{Heap before GC invocations=16 (full 0):
 garbage-first heap   total 81920K, used 64645K [0x0000000083a00000, 0x0000000100000000)
  region size 1024K, 36 young (36864K), 5 survivors (5120K)
 Metaspace       used 56726K, committed 57216K, reserved 1114112K
  class space    used 7770K, committed 8000K, reserved 1048576K
}
Event: 25.108 GC heap after
{Heap after GC invocations=17 (full 0):
 garbage-first heap   total 81920K, used 35213K [0x0000000083a00000, 0x0000000100000000)
  region size 1024K, 5 young (5120K), 5 survivors (5120K)
 Metaspace       used 56726K, committed 57216K, reserved 1114112K
  class space    used 7770K, committed 8000K, reserved 1048576K
}
Event: 25.272 GC heap before
{Heap before GC invocations=17 (full 0):
 garbage-first heap   total 81920K, used 67981K [0x0000000083a00000, 0x0000000100000000)
  region size 1024K, 35 young (35840K), 5 survivors (5120K)
 Metaspace       used 56876K, committed 57344K, reserved 1114112K
  class space    used 7782K, committed 8000K, reserved 1048576K
}
Event: 25.282 GC heap after
{Heap after GC invocations=18 (full 0):
 garbage-first heap   total 81920K, used 41342K [0x0000000083a00000, 0x0000000100000000)
  region size 1024K, 5 young (5120K), 5 survivors (5120K)
 Metaspace       used 56876K, committed 57344K, reserved 1114112K
  class space    used 7782K, committed 8000K, reserved 1048576K
}
Event: 25.410 GC heap before
{Heap before GC invocations=18 (full 0):
 garbage-first heap   total 81920K, used 63870K [0x0000000083a00000, 0x0000000100000000)
  region size 1024K, 28 young (28672K), 5 survivors (5120K)
 Metaspace       used 56888K, committed 57344K, reserved 1114112K
  class space    used 7784K, committed 8000K, reserved 1048576K
}
Event: 25.425 GC heap after
{Heap after GC invocations=19 (full 0):
 garbage-first heap   total 81920K, used 48065K [0x0000000083a00000, 0x0000000100000000)
  region size 1024K, 4 young (4096K), 4 survivors (4096K)
 Metaspace       used 56888K, committed 57344K, reserved 1114112K
  class space    used 7784K, committed 8000K, reserved 1048576K
}
Event: 25.604 GC heap before
{Heap before GC invocations=19 (full 0):
 garbage-first heap   total 81920K, used 60353K [0x0000000083a00000, 0x0000000100000000)
  region size 1024K, 17 young (17408K), 4 survivors (4096K)
 Metaspace       used 56971K, committed 57536K, reserved 1114112K
  class space    used 7796K, committed 8064K, reserved 1048576K
}
Event: 25.614 GC heap after
{Heap after GC invocations=20 (full 0):
 garbage-first heap   total 120832K, used 52031K [0x0000000083a00000, 0x0000000100000000)
  region size 1024K, 3 young (3072K), 3 survivors (3072K)
 Metaspace       used 56971K, committed 57536K, reserved 1114112K
  class space    used 7796K, committed 8064K, reserved 1048576K
}
Event: 25.766 GC heap before
{Heap before GC invocations=20 (full 0):
 garbage-first heap   total 120832K, used 86847K [0x0000000083a00000, 0x0000000100000000)
  region size 1024K, 35 young (35840K), 3 survivors (3072K)
 Metaspace       used 56971K, committed 57536K, reserved 1114112K
  class space    used 7796K, committed 8064K, reserved 1048576K
}
Event: 25.773 GC heap after
{Heap after GC invocations=21 (full 0):
 garbage-first heap   total 120832K, used 60176K [0x0000000083a00000, 0x0000000100000000)
  region size 1024K, 5 young (5120K), 5 survivors (5120K)
 Metaspace       used 56971K, committed 57536K, reserved 1114112K
  class space    used 7796K, committed 8064K, reserved 1048576K
}
Event: 25.927 GC heap before
{Heap before GC invocations=21 (full 0):
 garbage-first heap   total 120832K, used 87824K [0x0000000083a00000, 0x0000000100000000)
  region size 1024K, 33 young (33792K), 5 survivors (5120K)
 Metaspace       used 56971K, committed 57536K, reserved 1114112K
  class space    used 7796K, committed 8064K, reserved 1048576K
}
Event: 25.941 GC heap after
{Heap after GC invocations=22 (full 0):
 garbage-first heap   total 120832K, used 67408K [0x0000000083a00000, 0x0000000100000000)
  region size 1024K, 5 young (5120K), 5 survivors (5120K)
 Metaspace       used 56971K, committed 57536K, reserved 1114112K
  class space    used 7796K, committed 8064K, reserved 1048576K
}
Event: 26.105 GC heap before
{Heap before GC invocations=23 (full 0):
 garbage-first heap   total 133120K, used 91984K [0x0000000083a00000, 0x0000000100000000)
  region size 1024K, 28 young (28672K), 5 survivors (5120K)
 Metaspace       used 56971K, committed 57536K, reserved 1114112K
  class space    used 7796K, committed 8064K, reserved 1048576K
}
Event: 26.112 GC heap after
{Heap after GC invocations=24 (full 0):
 garbage-first heap   total 133120K, used 72705K [0x0000000083a00000, 0x0000000100000000)
  region size 1024K, 4 young (4096K), 4 survivors (4096K)
 Metaspace       used 56971K, committed 57536K, reserved 1114112K
  class space    used 7796K, committed 8064K, reserved 1048576K
}
Event: 26.118 GC heap before
{Heap before GC invocations=24 (full 0):
 garbage-first heap   total 133120K, used 74753K [0x0000000083a00000, 0x0000000100000000)
  region size 1024K, 6 young (6144K), 4 survivors (4096K)
 Metaspace       used 56971K, committed 57536K, reserved 1114112K
  class space    used 7796K, committed 8064K, reserved 1048576K
}
Event: 26.122 GC heap after
{Heap after GC invocations=25 (full 0):
 garbage-first heap   total 133120K, used 60788K [0x0000000083a00000, 0x0000000100000000)
  region size 1024K, 1 young (1024K), 1 survivors (1024K)
 Metaspace       used 56971K, committed 57536K, reserved 1114112K
  class space    used 7796K, committed 8064K, reserved 1048576K
}
Event: 26.225 GC heap before
{Heap before GC invocations=25 (full 0):
 garbage-first heap   total 133120K, used 95604K [0x0000000083a00000, 0x0000000100000000)
  region size 1024K, 36 young (36864K), 1 survivors (1024K)
 Metaspace       used 56971K, committed 57536K, reserved 1114112K
  class space    used 7796K, committed 8064K, reserved 1048576K
}

Deoptimization events (2 events):
Event: 9.398 Thread 0x0000022f0ff68000 DEOPT PACKING pc=0x0000022ebf830117 sp=0x000000d29a7ff3a0
Event: 9.398 Thread 0x0000022f0ff68000 DEOPT UNPACKING pc=0x0000022ebf3566e3 sp=0x000000d29a7fe7f8 mode 3

Classes unloaded (0 events):
No events

Classes redefined (0 events):
No events

Internal exceptions (20 events):
Event: 26.181 Thread 0x0000022f11c44050 Exception <a 'sun/nio/fs/WindowsException'{0x000000008a4cf3f8}> (0x000000008a4cf3f8) 
thrown [s\open\src\hotspot\share\prims\jni.cpp, line 516]
Event: 26.181 Thread 0x0000022f11c44050 Exception <a 'sun/nio/fs/WindowsException'{0x000000008a4cf7a8}> (0x000000008a4cf7a8) 
thrown [s\open\src\hotspot\share\prims\jni.cpp, line 516]
Event: 26.181 Thread 0x0000022f10361640 Exception <a 'sun/nio/fs/WindowsException'{0x000000008aa34658}> (0x000000008aa34658) 
thrown [s\open\src\hotspot\share\prims\jni.cpp, line 516]
Event: 26.181 Thread 0x0000022f11c44050 Exception <a 'sun/nio/fs/WindowsException'{0x000000008a4d0198}> (0x000000008a4d0198) 
thrown [s\open\src\hotspot\share\prims\jni.cpp, line 516]
Event: 26.181 Thread 0x0000022f11c40db0 Exception <a 'sun/nio/fs/WindowsException'{0x000000008a433aa0}> (0x000000008a433aa0) 
thrown [s\open\src\hotspot\share\prims\jni.cpp, line 516]
Event: 26.181 Thread 0x0000022f11c44050 Exception <a 'sun/nio/fs/WindowsException'{0x000000008a4d0548}> (0x000000008a4d0548) 
thrown [s\open\src\hotspot\share\prims\jni.cpp, line 516]
Event: 26.181 Thread 0x0000022f10361640 Exception <a 'sun/nio/fs/WindowsException'{0x000000008aa349b8}> (0x000000008aa349b8) 
thrown [s\open\src\hotspot\share\prims\jni.cpp, line 516]
Event: 26.181 Thread 0x0000022f11c40db0 Exception <a 'sun/nio/fs/WindowsException'{0x000000008a433e30}> (0x000000008a433e30) 
thrown [s\open\src\hotspot\share\prims\jni.cpp, line 516]
Event: 26.181 Thread 0x0000022f11c40db0 Exception <a 'sun/nio/fs/WindowsException'{0x000000008a4347f8}> (0x000000008a4347f8) 
thrown [s\open\src\hotspot\share\prims\jni.cpp, line 516]
Event: 26.181 Thread 0x0000022f10361640 Exception <a 'sun/nio/fs/WindowsException'{0x000000008aa35358}> (0x000000008aa35358) 
thrown [s\open\src\hotspot\share\prims\jni.cpp, line 516]
Event: 26.181 Thread 0x0000022f11c40db0 Exception <a 'sun/nio/fs/WindowsException'{0x000000008a434b88}> (0x000000008a434b88) 
thrown [s\open\src\hotspot\share\prims\jni.cpp, line 516]
Event: 26.181 Thread 0x0000022f10361640 Exception <a 'sun/nio/fs/WindowsException'{0x000000008aa356b0}> (0x000000008aa356b0) 
thrown [s\open\src\hotspot\share\prims\jni.cpp, line 516]
Event: 26.181 Thread 0x0000022f10361640 Exception <a 'sun/nio/fs/WindowsException'{0x000000008aa36058}> (0x000000008aa36058) 
thrown [s\open\src\hotspot\share\prims\jni.cpp, line 516]
Event: 26.181 Thread 0x0000022f10361640 Exception <a 'sun/nio/fs/WindowsException'{0x000000008aa363b8}> (0x000000008aa363b8) 
thrown [s\open\src\hotspot\share\prims\jni.cpp, line 516]
Event: 26.182 Thread 0x0000022f10361640 Exception <a 'sun/nio/fs/WindowsException'{0x000000008aa36d80}> (0x000000008aa36d80) 
thrown [s\open\src\hotspot\share\prims\jni.cpp, line 516]
Event: 26.182 Thread 0x0000022f10361640 Exception <a 'sun/nio/fs/WindowsException'{0x000000008aa37108}> (0x000000008aa37108) 
thrown [s\open\src\hotspot\share\prims\jni.cpp, line 516]
Event: 26.182 Thread 0x0000022f10361640 Exception <a 'sun/nio/fs/WindowsException'{0x000000008aa37ae0}> (0x000000008aa37ae0) 
thrown [s\open\src\hotspot\share\prims\jni.cpp, line 516]
Event: 26.182 Thread 0x0000022f10361640 Exception <a 'sun/nio/fs/WindowsException'{0x000000008aa37e80}> (0x000000008aa37e80) 
thrown [s\open\src\hotspot\share\prims\jni.cpp, line 516]
Event: 26.182 Thread 0x0000022f10361640 Exception <a 'sun/nio/fs/WindowsException'{0x000000008aa38850}> (0x000000008aa38850) 
thrown [s\open\src\hotspot\share\prims\jni.cpp, line 516]
Event: 26.182 Thread 0x0000022f10361640 Exception <a 'sun/nio/fs/WindowsException'{0x000000008aa38be0}> (0x000000008aa38be0) 
thrown [s\open\src\hotspot\share\prims\jni.cpp, line 516]

VM Operations (20 events):
Event: 25.284 Executing VM operation: G1CollectForAllocation done
Event: 25.410 Executing VM operation: G1CollectForAllocation
Event: 25.429 Executing VM operation: G1CollectForAllocation done
Event: 25.464 Executing VM operation: HandshakeAllThreads
Event: 25.464 Executing VM operation: HandshakeAllThreads done
Event: 25.604 Executing VM operation: G1TryInitiateConcMark
Event: 25.616 Executing VM operation: G1TryInitiateConcMark done
Event: 25.765 Executing VM operation: G1CollectForAllocation
Event: 25.775 Executing VM operation: G1CollectForAllocation done
Event: 25.927 Executing VM operation: G1CollectForAllocation
Event: 25.941 Executing VM operation: G1CollectForAllocation done
Event: 26.019 Executing VM operation: G1Concurrent
Event: 26.040 Executing VM operation: G1Concurrent done
Event: 26.071 Executing VM operation: G1Concurrent
Event: 26.072 Executing VM operation: G1Concurrent done
Event: 26.105 Executing VM operation: G1CollectForAllocation
Event: 26.113 Executing VM operation: G1CollectForAllocation done
Event: 26.118 Executing VM operation: G1CollectForAllocation
Event: 26.125 Executing VM operation: G1CollectForAllocation done
Event: 26.225 Executing VM operation: G1CollectForAllocation

Events (20 events):
Event: 26.218 Thread 0x0000022f11c42700 Thread added: 0x0000022f11c42700
Event: 26.218 Thread 0x0000022f11c3ef50 Thread added: 0x0000022f11c3ef50
Event: 26.222 Thread 0x0000022f10366230 Thread exited: 0x0000022f10366230
Event: 26.222 Thread 0x0000022f1035edc0 Thread exited: 0x0000022f1035edc0
Event: 26.222 Thread 0x0000022f10362f90 Thread exited: 0x0000022f10362f90
Event: 26.222 Thread 0x0000022f0ff68510 Thread exited: 0x0000022f0ff68510
Event: 26.222 Thread 0x0000022f10361b50 Thread exited: 0x0000022f10361b50
Event: 26.222 Thread 0x0000022f1035e8b0 Thread exited: 0x0000022f1035e8b0
Event: 26.222 Thread 0x0000022f103639b0 Thread exited: 0x0000022f103639b0
Event: 26.222 Thread 0x0000022f103634a0 Thread exited: 0x0000022f103634a0
Event: 26.222 Thread 0x0000022f11c3ef50 Thread exited: 0x0000022f11c3ef50
Event: 26.222 Thread 0x0000022f10362570 Thread exited: 0x0000022f10362570
Event: 26.222 Thread 0x0000022f10361130 Thread exited: 0x0000022f10361130
Event: 26.222 Thread 0x0000022f11c3e530 Thread exited: 0x0000022f11c3e530
Event: 26.222 Thread 0x0000022f11c42700 Thread exited: 0x0000022f11c42700
Event: 26.223 Thread 0x0000022f10361640 Thread exited: 0x0000022f10361640
Event: 26.224 Thread 0x0000022f1035edc0 Thread added: 0x0000022f1035edc0
Event: 26.224 Thread 0x0000022f10361130 Thread added: 0x0000022f10361130
Event: 26.224 Thread 0x0000022f10362f90 Thread added: 0x0000022f10362f90
Event: 26.225 Thread 0x0000022f1035e8b0 Thread added: 0x0000022f1035e8b0


Dynamic libraries:
0x00007ff7dc780000 - 0x00007ff7dc790000 	D:\jdk17\bin\java.exe
0x00007ff96cd70000 - 0x00007ff96cf68000 	C:\windows\SYSTEM32\ntdll.dll
0x00007ff96c190000 - 0x00007ff96c252000 	C:\windows\System32\KERNEL32.DLL
0x00007ff96a6b0000 - 0x00007ff96a9a6000 	C:\windows\System32\KERNELBASE.dll
0x00007ff96abf0000 - 0x00007ff96acf0000 	C:\windows\System32\ucrtbase.dll
0x00007ff961b30000 - 0x00007ff961b4b000 	D:\jdk17\bin\VCRUNTIME140.dll
0x00007ff962db0000 - 0x00007ff962dc9000 	D:\jdk17\bin\jli.dll
0x00007ff96ad90000 - 0x00007ff96ae41000 	C:\windows\System32\ADVAPI32.dll
0x00007ff96b780000 - 0x00007ff96b81e000 	C:\windows\System32\msvcrt.dll
0x00007ff96af70000 - 0x00007ff96b00f000 	C:\windows\System32\sechost.dll
0x00007ff96c390000 - 0x00007ff96c4b0000 	C:\windows\System32\RPCRT4.dll
0x00007ff96aa90000 - 0x00007ff96aab7000 	C:\windows\System32\bcrypt.dll
0x00007ff96c5e0000 - 0x00007ff96c781000 	C:\windows\System32\USER32.dll
0x00007ff96a400000 - 0x00007ff96a422000 	C:\windows\System32\win32u.dll
0x00007ff94f090000 - 0x00007ff94f32b000 	C:\windows\WinSxS\amd64_microsoft.windows.common-controls_6595b64144ccf1df_6.0.19041.6456_none_60b8a6cb71f64256\COMCTL32.dll
0x00007ff96cc00000 - 0x00007ff96cc2b000 	C:\windows\System32\GDI32.dll
0x00007ff96a430000 - 0x00007ff96a549000 	C:\windows\System32\gdi32full.dll
0x00007ff96acf0000 - 0x00007ff96ad8d000 	C:\windows\System32\msvcp_win.dll
0x00007ff963d20000 - 0x00007ff963d2a000 	C:\windows\SYSTEM32\VERSION.dll
0x00007ff96bc80000 - 0x00007ff96bcaf000 	C:\windows\System32\IMM32.DLL
0x00007ff962e00000 - 0x00007ff962e0c000 	D:\jdk17\bin\vcruntime140_1.dll
0x00007ff961990000 - 0x00007ff961a1e000 	D:\jdk17\bin\msvcp140.dll
0x00007ff8ea0a0000 - 0x00007ff8eac80000 	D:\jdk17\bin\server\jvm.dll
0x00007ff96bcb0000 - 0x00007ff96bcb8000 	C:\windows\System32\PSAPI.DLL
0x00007ff961ad0000 - 0x00007ff961ad9000 	C:\windows\SYSTEM32\WSOCK32.dll
0x00007ff95a1a0000 - 0x00007ff95a1c7000 	C:\windows\SYSTEM32\WINMM.dll
0x00007ff96c320000 - 0x00007ff96c38b000 	C:\windows\System32\WS2_32.dll
0x00007ff968bd0000 - 0x00007ff968be2000 	C:\windows\SYSTEM32\kernel.appcore.dll
0x00007ff961ac0000 - 0x00007ff961aca000 	D:\jdk17\bin\jimage.dll
0x00007ff967fa0000 - 0x00007ff9681a1000 	C:\windows\SYSTEM32\DBGHELP.DLL
0x00007ff94edb0000 - 0x00007ff94ede4000 	C:\windows\SYSTEM32\dbgcore.DLL
0x00007ff96aa00000 - 0x00007ff96aa82000 	C:\windows\System32\bcryptPrimitives.dll
0x00007ff965030000 - 0x00007ff96503e000 	D:\jdk17\bin\instrument.dll
0x00007ff9559b0000 - 0x00007ff9559d5000 	D:\jdk17\bin\java.dll
0x00007ff927170000 - 0x00007ff927247000 	D:\jdk17\bin\jsvml.dll
0x00007ff96b010000 - 0x00007ff96b780000 	C:\windows\System32\SHELL32.dll
0x00007ff968410000 - 0x00007ff968bb5000 	C:\windows\SYSTEM32\windows.storage.dll
0x00007ff96b830000 - 0x00007ff96bb84000 	C:\windows\System32\combase.dll
0x00007ff969d50000 - 0x00007ff969d7b000 	C:\windows\SYSTEM32\Wldp.dll
0x00007ff96bdd0000 - 0x00007ff96be9d000 	C:\windows\System32\OLEAUT32.dll
0x00007ff96bd20000 - 0x00007ff96bdcd000 	C:\windows\System32\SHCORE.dll
0x00007ff96bb90000 - 0x00007ff96bbeb000 	C:\windows\System32\shlwapi.dll
0x00007ff96a330000 - 0x00007ff96a354000 	C:\windows\SYSTEM32\profapi.dll
0x00007ff9490b0000 - 0x00007ff9490c8000 	D:\jdk17\bin\zip.dll
0x00007ff94bac0000 - 0x00007ff94bad9000 	D:\jdk17\bin\net.dll
0x00007ff961370000 - 0x00007ff96147a000 	C:\windows\SYSTEM32\WINHTTP.dll
0x00007ff969b30000 - 0x00007ff969b9a000 	C:\windows\system32\mswsock.dll
0x00007ff94b980000 - 0x00007ff94b996000 	D:\jdk17\bin\nio.dll
0x00007ff963540000 - 0x00007ff96355a000 	D:\idea\IDEA2024\IntelliJ IDEA 2024.2.1\bin\breakgen64.dll
0x00007ff969820000 - 0x00007ff9698ea000 	C:\windows\SYSTEM32\DNSAPI.dll
0x00007ff9697c0000 - 0x00007ff9697fb000 	C:\windows\SYSTEM32\IPHLPAPI.DLL
0x00007ff96b820000 - 0x00007ff96b828000 	C:\windows\System32\NSI.dll
0x00007ff963510000 - 0x00007ff96351a000 	C:\Windows\System32\rasadhlp.dll
0x00007ff95df30000 - 0x00007ff95dfb0000 	C:\windows\System32\fwpuclnt.dll
0x00007ff961a70000 - 0x00007ff961a7a000 	D:\jdk17\bin\management.dll
0x00007ff961980000 - 0x00007ff96198b000 	D:\jdk17\bin\management_ext.dll
0x00007ff969d90000 - 0x00007ff969da8000 	C:\windows\SYSTEM32\CRYPTSP.dll
0x00007ff969390000 - 0x00007ff9693c8000 	C:\windows\system32\rsaenh.dll
0x00007ff96a2b0000 - 0x00007ff96a2de000 	C:\windows\SYSTEM32\USERENV.dll
0x00007ff969cc0000 - 0x00007ff969ccc000 	C:\windows\SYSTEM32\CRYPTBASE.dll
0x00007ff963160000 - 0x00007ff963177000 	C:\windows\SYSTEM32\dhcpcsvc6.DLL
0x00007ff962ab0000 - 0x00007ff962acd000 	C:\windows\SYSTEM32\dhcpcsvc.DLL
0x00007ff947ea0000 - 0x00007ff947eb7000 	C:\windows\system32\napinsp.dll
0x00007ff947880000 - 0x00007ff94789b000 	C:\windows\system32\pnrpnsp.dll
0x00007ff966a30000 - 0x00007ff966a4d000 	C:\windows\system32\wshbth.dll
0x00007ff9641f0000 - 0x00007ff96420d000 	C:\windows\system32\NLAapi.dll
0x00007ff9477f0000 - 0x00007ff947802000 	C:\windows\System32\winrnr.dll
0x00007ff94bab0000 - 0x00007ff94babe000 	D:\jdk17\bin\sunmscapi.dll
0x00007ff96a550000 - 0x00007ff96a6ad000 	C:\windows\System32\CRYPT32.dll
0x00007ff969ea0000 - 0x00007ff969ec7000 	C:\windows\SYSTEM32\ncrypt.dll
0x00007ff969e60000 - 0x00007ff969e9b000 	C:\windows\SYSTEM32\NTASN1.dll
0x00007ff9490a0000 - 0x00007ff9490a7000 	C:\windows\system32\wshunix.dll
0x0000000180000000 - 0x000000018020f000 	D:\apache-tomcat-8.0.50\bin\tcnative-1.dll

dbghelp: loaded successfully - version: 4.0.5 - missing functions: none
symbol engine: initialized successfully - sym options: 0x614 - pdb path: .;D:\jdk17\bin;C:\windows\SYSTEM32;C:\windows\WinSxS\amd64_microsoft.windows.common-controls_6595b64144ccf1df_6.0.19041.6456_none_60b8a6cb71f64256;D:\jdk17\bin\server;D:\idea\IDEA2024\IntelliJ IDEA 2024.2.1\bin;D:\apache-tomcat-8.0.50\bin

VM Arguments:
jvm_args: -XX:TieredStopAtLevel=1 -Dspring.output.ansi.enabled=always -Dcom.sun.management.jmxremote -Dspring.jmx.enabled=true -Dspring.liveBeansView.mbeanDomain -Dspring.application.admin.enabled=true -Dmanagement.endpoints.jmx.exposure.include=* -javaagent:D:\idea\IDEA2024\IntelliJ IDEA 2024.2.1\lib\idea_rt.jar=58003:D:\idea\IDEA2024\IntelliJ IDEA 2024.2.1\bin -Dfile.encoding=UTF-8 
java_command: com.daijia.customer.WebCustomerApplication
java_class_path (initial): E:\codebase\leshang-daijia-20260104\web\web-customer\target\classes;D:\maven\repository\org\apache\commons\commons-pool2\2.12.1\commons-pool2-2.12.1.jar;E:\codebase\leshang-daijia-20260104\service-client\service-payment-client\target\classes;E:\codebase\leshang-daijia-20260104\model\target\classes;D:\maven\repository\com\alibaba\fastjson\2.0.41\fastjson-2.0.41.jar;D:\maven\repository\com\alibaba\fastjson2\fastjson2-extension\2.0.41\fastjson2-extension-2.0.41.jar;D:\maven\repository\com\alibaba\fastjson2\fastjson2\2.0.41\fastjson2-2.0.41.jar;D:\maven\repository\com\mysql\mysql-connector-j\8.3.0\mysql-connector-j-8.3.0.jar;D:\maven\repository\com\google\protobuf\protobuf-java\3.25.1\protobuf-java-3.25.1.jar;D:\maven\repository\com\fasterxml\jackson\datatype\jackson-datatype-jsr310\2.15.4\jackson-datatype-jsr310-2.15.4.jar;E:\codebase\leshang-daijia-20260104\service-client\service-coupon-client\target\classes;D:\maven\repository\org\springframework\cloud\spring-cloud-starter-openfeign\4.1.1\spring-cloud-starter-openfeign-4.1.1.jar;D:\maven\repository\org\springframework\cloud\spring-cloud-starter\4.1.2\spring-cloud-starter-4.1.2.jar;D:\maven\repository\org\springframework\security\spring-security-rsa\1.1.2\spring-security-rsa-1.1.2.jar;D:\maven\repository\org\bouncycastle\bcprov-jdk18on\1.77\bcprov-jdk18on-1.77.jar;D:\maven\repository\org\springframework\cloud\spring-cloud-openfeign-core\4.1.1\spring-cloud-openfeign-core-4.1.1.jar;D:\maven\repository\org\springframework\boot\spring-boot-autoconfigure\3.2.4\spring-boot-autoconfigure-3.2.4.jar;D:\maven\repository\org\springframework\boot\spring-boot-starter-aop\3.2.4\spring-boot-starter-aop-3.2.4.jar;D:\maven\repository\org\aspectj\aspectjweaver\1.9.21\aspectjweaver-1.9.21.jar;D:\maven\repository\io\github\openfeign\form\feign-form-spring\3.8.0\feign-form-spring-3.8.0.jar;D:\maven\repository\io\github\openfeign\form\feign-form\3.8.0\feign-form-3.8.0.jar;D:\maven\repository\commons-fileupload\
Launcher Type: SUN_STANDARD

[Global flags]
     intx CICompilerCount                          = 4                                         {product} {ergonomic}
     uint ConcGCThreads                            = 2                                         {product} {ergonomic}
     uint G1ConcRefinementThreads                  = 8                                         {product} {ergonomic}
   size_t G1HeapRegionSize                         = 1048576                                   {product} {ergonomic}
    uintx GCDrainStackTargetSize                   = 64                                        {product} {ergonomic}
   size_t InitialHeapSize                          = 132120576                                 {product} {ergonomic}
     bool ManagementServer                         = true                                      {product} {command line}
   size_t MarkStackSize                            = 4194304                                   {product} {ergonomic}
   size_t MaxHeapSize                              = 2086666240                                {product} {ergonomic}
   size_t MaxNewSize                               = 1251999744                                {product} {ergonomic}
   size_t MinHeapDeltaBytes                        = 1048576                                   {product} {ergonomic}
   size_t MinHeapSize                              = 8388608                                   {product} {ergonomic}
    uintx NonProfiledCodeHeapSize                  = 0                                      {pd product} {ergonomic}
     bool ProfileInterpreter                       = false                                  {pd product} {command line}
    uintx ProfiledCodeHeapSize                     = 0                                      {pd product} {ergonomic}
   size_t SoftMaxHeapSize                          = 2086666240                             {manageable} {ergonomic}
     intx TieredStopAtLevel                        = 1                                         {product} {command line}
     bool UseCompressedClassPointers               = true                           {product lp64_product} {ergonomic}
     bool UseCompressedOops                        = true                           {product lp64_product} {ergonomic}
     bool UseG1GC                                  = true                                      {product} {ergonomic}
     bool UseLargePagesIndividualAllocation        = false                                  {pd product} {ergonomic}

Logging:
Log output configuration:
 #0: stdout all=warning uptime,level,tags
 #1: stderr all=off uptime,level,tags

Environment Variables:
JAVA_HOME=D:\jdk17
CLASSPATH=.;D:\jdk17\bin;D:\jdk17\jre\bin;D:\apache-tomcat-8.0.50\lib\servlet-api.jar;F:\jedies-2.1.0;
PATH=C:\Program Files\Common Files\Oracle\Java\javapath;E:\VMware16.2.4\bin\;C:\ProgramData\Oracle\Java\javapath;C:\windows\system32;C:\windows;C:\windows\System32\Wbem;C:\windows\System32\WindowsPowerShell\v1.0\;C:\windows\System32\OpenSSH\;D:\Matlab\bin;D:\mysql8.0.21\mysql-8.0.21-winx64\bin;C:\Program Files\dotnet\;D:\maven\apache-maven-3.9.11;D:\gradle-8.1\gradle-8.1\bin;D:\spring-boot-cli-2.0.1\spring-2.0.1.RELEASE\bin;D:\jdk17\bin;D:\jdk17\jre\bin;D:\GIT\Git\cmd;D:\mdbook;D:\apache-tomcat-8.0.50\bin;D:\apache-tomcat-8.0.50\lib;D:\node.js16.20.2\;D:\node.js16.20.2\node_modules;D:\node.js16.20.2\;D:\redis\Redis;D:\wechatDevTools\微信web开发者工具\dll;F:\TortoiseGit\bin;F:\RabbitMQ\Erlang\erl-24.3.3\bin;F:\RabbitMQ\rabbitmq_server-3.10.10\sbin;D:\maven\apache-maven-3.9.11\bin;F:\微信开发工具1\微信web开发者工具\dll;F:\xshell\;F:\xftp\;F:\mongodb\mongodb-win32-x86_64-windows-8.0.3\bin;;F:\微信开发工具2\微信web开发者工具\dll;C:\Program Files\Docker\Docker\resources\bin;F:\anaconda;F:\anaconda\Library\mingw-w64\bin;F:\anaconda\Library\usr\bin;F:\anaconda\Library\bin;F:\anaconda\Scripts;C:\Program Files\MySQL\MySQL Shell 8.0\bin\;D:\python-3.8.0\Scripts\;D:\python-3.8.0\;D:\python-3.11.3\Scripts\;D:\python-3.11.3\;C:\Users\Administrator\AppData\Local\Microsoft\WindowsApps;C:\Users\Administrator\.dotnet\tools;D:\mysql\MySQL\mysql-8.0.23-winx64\bin;D:\node.js16.20.2\node_global;C:\Users\Administrator\AppData\Roaming\npm;D:\maven\apache-maven-3.9.11\bin;;E:\pycharm\PyCharm 2024.2.4\bin;
USERNAME=Administrator
OS=Windows_NT
PROCESSOR_IDENTIFIER=Intel64 Family 6 Model 126 Stepping 5, GenuineIntel



---------------  S Y S T E M  ---------------

OS:
 Windows 10 , 64 bit Build 19041 (10.0.19041.5915)
OS uptime: 0 days 0:46 hours
Hyper-V role detected

CPU: total 8 (initial active 8) (4 cores per cpu, 2 threads per core) family 6 model 126 stepping 5 microcode 0xc2, cx8, cmov, fxsr, ht, mmx, 3dnowpref, sse, sse2, sse3, ssse3, sse4.1, sse4.2, popcnt, lzcnt, tsc, tscinvbit, avx, avx2, aes, erms, clmul, bmi1, bmi2, adx, avx512f, avx512dq, avx512cd, avx512bw, avx512vl, sha, fma, vzeroupper, avx512_vpopcntdq, avx512_vpclmulqdq, avx512_vaes, avx512_vnni, clflush, clflushopt, avx512_vbmi2, avx512_vbmi, hv

Memory: 4k page, system-wide physical 7959M (335M free)
TotalPageFile size 20759M (AvailPageFile size 52M)
current process WorkingSet (physical memory assigned to process): 286M, peak: 286M
current process commit charge ("private bytes"): 329M, peak: 494M

vm_info: Java HotSpot(TM) 64-Bit Server VM (17.0.12+8-LTS-286) for windows-amd64 JRE (17.0.12+8-LTS-286), built on Jun  5 2024 06:46:59 by "mach5one" with MS VC++ 17.6 (VS2022)

END.
